<html>
<body>
<pre>
<h1>礦ision Build Log</h1>
<h2>Project:</h2>
D:\JianGuoYun\M4\Works\ex2 - muti-buttons\ex1.uvproj
Project File Date:  07/31/2016

<h2>Output:</h2>
Rebuild target 'ex1'
compiling system_stm32f4xx.c...
assembling startup_stm32f40_41xxx.s...
compiling main.c...
compiling key.c...
compiling delay.c...
linking...
Program Size: Code=1564 RO-data=424 RW-data=28 ZI-data=1636  
FromELF: creating hex file...
".\obj\ex1.axf" - 0 Error(s), 0 Warning(s).
Load "D:\\JianGuoYun\\M4\\Works\\ex2 - muti-buttons\\obj\\ex1.axf" 
Set JLink Project File to "D:\JianGuoYun\M4\Works\ex2 - muti-buttons\JLinkSettings.ini"
* JLink Info: Device "STM32F407ZG" selected (1024 KB flash, 128 KB RAM).
 
JLink info:
------------
DLL: V4.80g, compiled Feb 13 2014 20:50:02
Firmware: J-Link ARM V8 compiled Nov 28 2014 13:44:46
Hardware: V8.00
S/N : 286370559 
Feature(s) : RDI,FlashDL,FlashBP,JFlash 
 
* JLink Info: TotalIRLen = 9, IRPrint = 0x0011
* JLink Info: TotalIRLen = 9, IRPrint = 0x0011
* JLink Info: Found Cortex-M4 r0p1, Little endian.
* JLink Info: FPUnit: 6 code (BP) slots and 2 literal slots
* JLink Info: TPIU fitted.
* JLink Info: ETM fitted.
ROMTableAddr = 0xE00FF003
 
Target info:
------------
Device: STM32F407ZG
VTarget = 3.306V
State of Pins: 
TCK: 1, TDI: 0, TDO: 1, TMS: 0, TRES: 1, TRST: 1
Hardware-Breakpoints: 6
Software-Breakpoints: 8192
Watchpoints:          4
JTAG speed: 2000 kHz
 
Erase Done.
Programming Done.
Verify OK.
Application running ...
</pre>
</body>
</html>
) && (KEY4==1) //低电平,没有任何按键按下
user\src\key.c(68): warning:  #12-D: parsing restarts here after previous syntax error
                        key_time = 0; //识别一次按键按下后,初始化key_time的值
user\src\key.c(69): error:  #169: expected a declaration
                }
user\src\key.c(71): error:  #169: expected a declaration
  }
user\src\key.c: 5 warnings, 6 errors
compiling delay.c...
".\obj\ex1.axf" - 6 Error(s), 9 Warning(s).
Target not created
