Component: ARM Compiler 5.06 update 2 (build 183) Tool: armlink [4d35b7]

==============================================================================

Section Cross References

    at24c02.o(i.at24c02_init) refers to iic.o(i.iic_init) for iic_init
    at24c02.o(i.at24c02_read_byte) refers to iic.o(i.iic_start) for iic_start
    at24c02.o(i.at24c02_read_byte) refers to iic.o(i.iic_write_byte) for iic_write_byte
    at24c02.o(i.at24c02_read_byte) refers to iic.o(i.iic_get_ack) for iic_get_ack
    at24c02.o(i.at24c02_read_byte) refers to iic.o(i.iic_stop) for iic_stop
    at24c02.o(i.at24c02_read_byte) refers to iic.o(i.iic_read_byte) for iic_read_byte
    at24c02.o(i.at24c02_read_byte) refers to iic.o(i.iic_put_ack) for iic_put_ack
    at24c02.o(i.at24c02_read_bytes) refers to iic.o(i.iic_start) for iic_start
    at24c02.o(i.at24c02_read_bytes) refers to iic.o(i.iic_write_byte) for iic_write_byte
    at24c02.o(i.at24c02_read_bytes) refers to iic.o(i.iic_get_ack) for iic_get_ack
    at24c02.o(i.at24c02_read_bytes) refers to iic.o(i.iic_stop) for iic_stop
    at24c02.o(i.at24c02_read_bytes) refers to iic.o(i.iic_read_byte) for iic_read_byte
    at24c02.o(i.at24c02_read_bytes) refers to iic.o(i.iic_put_ack) for iic_put_ack
    at24c02.o(i.at24c02_write_byte) refers to iic.o(i.iic_start) for iic_start
    at24c02.o(i.at24c02_write_byte) refers to iic.o(i.iic_write_byte) for iic_write_byte
    at24c02.o(i.at24c02_write_byte) refers to iic.o(i.iic_get_ack) for iic_get_ack
    at24c02.o(i.at24c02_write_byte) refers to iic.o(i.iic_stop) for iic_stop
    at24c02.o(i.at24c02_write_byte) refers to delay.o(i.delay_ms) for delay_ms
    at24c02.o(i.at24c02_write_bytes) refers to iic.o(i.iic_start) for iic_start
    at24c02.o(i.at24c02_write_bytes) refers to iic.o(i.iic_write_byte) for iic_write_byte
    at24c02.o(i.at24c02_write_bytes) refers to iic.o(i.iic_get_ack) for iic_get_ack
    at24c02.o(i.at24c02_write_bytes) refers to iic.o(i.iic_stop) for iic_stop
    at24c02.o(i.at24c02_write_bytes) refers to delay.o(i.delay_ms) for delay_ms
    flash.o(i.SPI_FLASH_Write_Disable) refers to spi.o(i.SPI1_ReadWriteByte) for SPI1_ReadWriteByte
    flash.o(i.SPI_FLASH_Write_Enable) refers to spi.o(i.SPI1_ReadWriteByte) for SPI1_ReadWriteByte
    flash.o(i.SPI_FLASH_Write_SR) refers to spi.o(i.SPI1_ReadWriteByte) for SPI1_ReadWriteByte
    flash.o(i.SPI_Flash_Erase_Chip) refers to flash.o(i.SPI_FLASH_Write_Enable) for SPI_FLASH_Write_Enable
    flash.o(i.SPI_Flash_Erase_Chip) refers to flash.o(i.SPI_Flash_Wait_Busy) for SPI_Flash_Wait_Busy
    flash.o(i.SPI_Flash_Erase_Chip) refers to spi.o(i.SPI1_ReadWriteByte) for SPI1_ReadWriteByte
    flash.o(i.SPI_Flash_Erase_Sector) refers to flash.o(i.SPI_FLASH_Write_Enable) for SPI_FLASH_Write_Enable
    flash.o(i.SPI_Flash_Erase_Sector) refers to flash.o(i.SPI_Flash_Wait_Busy) for SPI_Flash_Wait_Busy
    flash.o(i.SPI_Flash_Erase_Sector) refers to spi.o(i.SPI1_ReadWriteByte) for SPI1_ReadWriteByte
    flash.o(i.SPI_Flash_Init) refers to spi.o(i.spi_init) for spi_init
    flash.o(i.SPI_Flash_Init) refers to flash.o(i.SPI_Flash_ReadID) for SPI_Flash_ReadID
    flash.o(i.SPI_Flash_Init) refers to flash.o(.data) for SPI_FLASH_TYPE
    flash.o(i.SPI_Flash_PowerDown) refers to spi.o(i.SPI1_ReadWriteByte) for SPI1_ReadWriteByte
    flash.o(i.SPI_Flash_PowerDown) refers to delay.o(i.delay_us) for delay_us
    flash.o(i.SPI_Flash_Read) refers to spi.o(i.SPI1_ReadWriteByte) for SPI1_ReadWriteByte
    flash.o(i.SPI_Flash_ReadID) refers to spi.o(i.SPI1_ReadWriteByte) for SPI1_ReadWriteByte
    flash.o(i.SPI_Flash_ReadSR) refers to spi.o(i.SPI1_ReadWriteByte) for SPI1_ReadWriteByte
    flash.o(i.SPI_Flash_WAKEUP) refers to spi.o(i.SPI1_ReadWriteByte) for SPI1_ReadWriteByte
    flash.o(i.SPI_Flash_WAKEUP) refers to delay.o(i.delay_us) for delay_us
    flash.o(i.SPI_Flash_Wait_Busy) refers to flash.o(i.SPI_Flash_ReadSR) for SPI_Flash_ReadSR
    flash.o(i.SPI_Flash_Write) refers to flash.o(i.SPI_Flash_Read) for SPI_Flash_Read
    flash.o(i.SPI_Flash_Write) refers to flash.o(i.SPI_Flash_Erase_Sector) for SPI_Flash_Erase_Sector
    flash.o(i.SPI_Flash_Write) refers to flash.o(i.SPI_Flash_Write_NoCheck) for SPI_Flash_Write_NoCheck
    flash.o(i.SPI_Flash_Write) refers to flash.o(.bss) for SPI_FLASH_BUFFER
    flash.o(i.SPI_Flash_Write_NoCheck) refers to flash.o(i.SPI_Flash_Write_Page) for SPI_Flash_Write_Page
    flash.o(i.SPI_Flash_Write_Page) refers to flash.o(i.SPI_FLASH_Write_Enable) for SPI_FLASH_Write_Enable
    flash.o(i.SPI_Flash_Write_Page) refers to spi.o(i.SPI1_ReadWriteByte) for SPI1_ReadWriteByte
    flash.o(i.SPI_Flash_Write_Page) refers to flash.o(i.SPI_Flash_Wait_Busy) for SPI_Flash_Wait_Busy
    iic.o(i.iic_get_ack) refers to iic.o(i.iic_delay) for iic_delay
    iic.o(i.iic_put_ack) refers to iic.o(i.iic_delay) for iic_delay
    iic.o(i.iic_read_byte) refers to iic.o(i.iic_delay) for iic_delay
    iic.o(i.iic_start) refers to iic.o(i.iic_delay) for iic_delay
    iic.o(i.iic_stop) refers to iic.o(i.iic_delay) for iic_delay
    iic.o(i.iic_write_byte) refers to iic.o(i.iic_delay) for iic_delay
    key.o(i.key_scanf) refers to key.o(.data) for key2
    lcd.o(i.Draw_Circle) refers to lcd.o(i.LCD_DrawPoint) for LCD_DrawPoint
    lcd.o(i.Draw_SolidCircle) refers to lcd.o(i.Draw_Circle) for Draw_Circle
    lcd.o(i.LCD_DrawLine) refers to lcd.o(i.LCD_DrawPoint) for LCD_DrawPoint
    lcd.o(i.LCD_DrawPoint) refers to lcd.o(i.LCD_ILI9341_CMD) for LCD_ILI9341_CMD
    lcd.o(i.LCD_DrawPoint) refers to lcd.o(i.LCD_ILI9341_Parameter) for LCD_ILI9341_Parameter
    lcd.o(i.LCD_DrawPoint) refers to lcd.o(i.lcd_send_show_data) for lcd_send_show_data
    lcd.o(i.LCD_DrawPoint) refers to lcd.o(.data) for POINT_COLOR
    lcd.o(i.LCD_DrawRectangle) refers to lcd.o(i.LCD_DrawLine) for LCD_DrawLine
    lcd.o(i.LCD_DrawSolidRectangle) refers to lcd.o(i.LCD_ILI9341_CMD) for LCD_ILI9341_CMD
    lcd.o(i.LCD_DrawSolidRectangle) refers to lcd.o(i.LCD_ILI9341_Parameter) for LCD_ILI9341_Parameter
    lcd.o(i.LCD_DrawSolidRectangle) refers to lcd.o(i.lcd_send_show_data) for lcd_send_show_data
    lcd.o(i.LCD_ShowString) refers to lcd.o(i.show_ascii) for show_ascii
    lcd.o(i.lcd_clear) refers to lcd.o(i.LCD_ILI9341_CMD) for LCD_ILI9341_CMD
    lcd.o(i.lcd_clear) refers to lcd.o(i.LCD_ILI9341_Parameter) for LCD_ILI9341_Parameter
    lcd.o(i.lcd_clear) refers to lcd.o(i.lcd_send_show_data) for lcd_send_show_data
    lcd.o(i.lcd_init) refers to lcd.o(i.lcd_port_init) for lcd_port_init
    lcd.o(i.lcd_init) refers to delay.o(i.delay_ms) for delay_ms
    lcd.o(i.lcd_init) refers to lcd.o(i.LCD_ILI9341_CMD) for LCD_ILI9341_CMD
    lcd.o(i.lcd_init) refers to lcd.o(i.LCD_ILI9341_Parameter) for LCD_ILI9341_Parameter
    lcd.o(i.lcd_init) refers to lcd.o(i.lcd_clear) for lcd_clear
    lcd.o(i.show_ascii) refers to lcd.o(i.LCD_DrawPoint) for LCD_DrawPoint
    lcd.o(i.show_ascii) refers to lcd.o(.data) for POINT_COLOR
    lcd.o(i.show_ascii) refers to font.o(.constdata) for ASC_II
    main.o(i.main) refers to sys.o(i.Stm32_Clock_Init) for Stm32_Clock_Init
    main.o(i.main) refers to at24c02.o(i.at24c02_init) for at24c02_init
    main.o(i.main) refers to led.o(i.led_init) for led_init
    main.o(i.main) refers to key.o(i.key_init) for key_init
    main.o(i.main) refers to uart.o(i.uart1_init) for uart1_init
    main.o(i.main) refers to flash.o(i.SPI_Flash_Init) for SPI_Flash_Init
    main.o(i.main) refers to lcd.o(i.lcd_init) for lcd_init
    main.o(i.main) refers to lcd.o(i.Draw_Circle) for Draw_Circle
    main.o(i.main) refers to lcd.o(i.LCD_DrawLine) for LCD_DrawLine
    main.o(i.main) refers to lcd.o(i.LCD_DrawRectangle) for LCD_DrawRectangle
    main.o(i.main) refers to lcd.o(i.LCD_DrawSolidRectangle) for LCD_DrawSolidRectangle
    main.o(i.main) refers to lcd.o(i.Draw_SolidCircle) for Draw_SolidCircle
    main.o(i.main) refers to lcd.o(i.show_ascii) for show_ascii
    main.o(i.main) refers to delay.o(i.delay_ms) for delay_ms
    main.o(i.main) refers to lcd.o(i.LCD_ShowString) for LCD_ShowString
    main.o(i.main) refers to printf5.o(i.__0printf$5) for __2printf
    main.o(i.main) refers to lcd.o(.data) for BACK_COLOR
    main.o(i.main) refers to flash.o(.data) for SPI_FLASH_TYPE
    main.o(.data) refers to main.o(.conststring) for .conststring
    uart.o(i.USART1_IRQHandler) refers to uart.o(.data) for rec_start
    uart.o(i.USART1_IRQHandler) refers to uart.o(.bss) for rec_buf
    sys.o(i.MY_NVIC_Init) refers to sys.o(i.MY_NVIC_PriorityGroupConfig) for MY_NVIC_PriorityGroupConfig
    sys.o(i.Stm32_Clock_Init) refers to sys.o(i.Sys_Clock_Set) for Sys_Clock_Set
    sys.o(i.Stm32_Clock_Init) refers to sys.o(i.MY_NVIC_SetVectorTable) for MY_NVIC_SetVectorTable
    sys.o(i.Sys_Standby) refers to sys.o(i.WFI_SET) for WFI_SET
    startup_stm32f407xx.o(RESET) refers to startup_stm32f407xx.o(STACK) for __initial_sp
    startup_stm32f407xx.o(RESET) refers to startup_stm32f407xx.o(.text) for Reset_Handler
    startup_stm32f407xx.o(RESET) refers to uart.o(i.USART1_IRQHandler) for USART1_IRQHandler
    startup_stm32f407xx.o(.text) refers to system_stm32f4xx.o(i.SystemInit) for SystemInit
    startup_stm32f407xx.o(.text) refers to entry.o(.ARM.Collect$$$$00000000) for __main
    system_stm32f4xx.o(i.SystemCoreClockUpdate) refers to system_stm32f4xx.o(.data) for SystemCoreClock
    system_stm32f4xx.o(i.SystemCoreClockUpdate) refers to system_stm32f4xx.o(.constdata) for AHBPrescTable
    entry.o(.ARM.Collect$$$$00000000) refers (Special) to entry10a.o(.ARM.Collect$$$$0000000D) for __rt_final_cpp
    entry.o(.ARM.Collect$$$$00000000) refers (Special) to entry11a.o(.ARM.Collect$$$$0000000F) for __rt_final_exit
    entry.o(.ARM.Collect$$$$00000000) refers (Special) to entry7b.o(.ARM.Collect$$$$00000008) for _main_clock
    entry.o(.ARM.Collect$$$$00000000) refers (Special) to entry8b.o(.ARM.Collect$$$$0000000A) for _main_cpp_init
    entry.o(.ARM.Collect$$$$00000000) refers (Special) to entry9a.o(.ARM.Collect$$$$0000000B) for _main_init
    entry.o(.ARM.Collect$$$$00000000) refers (Special) to entry5.o(.ARM.Collect$$$$00000004) for _main_scatterload
    entry.o(.ARM.Collect$$$$00000000) refers (Special) to entry2.o(.ARM.Collect$$$$00000001) for _main_stk
    printfb.o(i.__0fprintf$bare) refers to printfb.o(i._printf_core) for _printf_core
    printfb.o(i.__0fprintf$bare) refers to uart.o(i.fputc) for fputc
    printfb.o(i.__0printf$bare) refers to printfb.o(i._printf_core) for _printf_core
    printfb.o(i.__0printf$bare) refers to uart.o(i.fputc) for fputc
    printfb.o(i.__0printf$bare) refers to stdout.o(.data) for __stdout
    printfb.o(i.__0snprintf$bare) refers to printfb.o(i._printf_core) for _printf_core
    printfb.o(i.__0snprintf$bare) refers to printfb.o(i._snputc) for _snputc
    printfb.o(i.__0sprintf$bare) refers to printfb.o(i._printf_core) for _printf_core
    printfb.o(i.__0sprintf$bare) refers to printfb.o(i._sputc) for _sputc
    printfb.o(i.__0vfprintf$bare) refers to printfb.o(i._printf_core) for _printf_core
    printfb.o(i.__0vfprintf$bare) refers to uart.o(i.fputc) for fputc
    printfb.o(i.__0vprintf$bare) refers to printfb.o(i._printf_core) for _printf_core
    printfb.o(i.__0vprintf$bare) refers to uart.o(i.fputc) for fputc
    printfb.o(i.__0vprintf$bare) refers to stdout.o(.data) for __stdout
    printfb.o(i.__0vsnprintf$bare) refers to printfb.o(i._printf_core) for _printf_core
    printfb.o(i.__0vsnprintf$bare) refers to printfb.o(i._snputc) for _snputc
    printfb.o(i.__0vsprintf$bare) refers to printfb.o(i._printf_core) for _printf_core
    printfb.o(i.__0vsprintf$bare) refers to printfb.o(i._sputc) for _sputc
    printf0.o(i.__0fprintf$0) refers to printf0.o(i._printf_core) for _printf_core
    printf0.o(i.__0fprintf$0) refers to uart.o(i.fputc) for fputc
    printf0.o(i.__0printf$0) refers to printf0.o(i._printf_core) for _printf_core
    printf0.o(i.__0printf$0) refers to uart.o(i.fputc) for fputc
    printf0.o(i.__0printf$0) refers to stdout.o(.data) for __stdout
    printf0.o(i.__0snprintf$0) refers to printf0.o(i._printf_core) for _printf_core
    printf0.o(i.__0snprintf$0) refers to printf0.o(i._snputc) for _snputc
    printf0.o(i.__0sprintf$0) refers to printf0.o(i._printf_core) for _printf_core
    printf0.o(i.__0sprintf$0) refers to printf0.o(i._sputc) for _sputc
    printf0.o(i.__0vfprintf$0) refers to printf0.o(i._printf_core) for _printf_core
    printf0.o(i.__0vfprintf$0) refers to uart.o(i.fputc) for fputc
    printf0.o(i.__0vprintf$0) refers to printf0.o(i._printf_core) for _printf_core
    printf0.o(i.__0vprintf$0) refers to uart.o(i.fputc) for fputc
    printf0.o(i.__0vprintf$0) refers to stdout.o(.data) for __stdout
    printf0.o(i.__0vsnprintf$0) refers to printf0.o(i._printf_core) for _printf_core
    printf0.o(i.__0vsnprintf$0) refers to printf0.o(i._snputc) for _snputc
    printf0.o(i.__0vsprintf$0) refers to printf0.o(i._printf_core) for _printf_core
    printf0.o(i.__0vsprintf$0) refers to printf0.o(i._sputc) for _sputc
    printf1.o(i.__0fprintf$1) refers to printf1.o(i._printf_core) for _printf_core
    printf1.o(i.__0fprintf$1) refers to uart.o(i.fputc) for fputc
    printf1.o(i.__0printf$1) refers to printf1.o(i._printf_core) for _printf_core
    printf1.o(i.__0printf$1) refers to uart.o(i.fputc) for fputc
    printf1.o(i.__0printf$1) refers to stdout.o(.data) for __stdout
    printf1.o(i.__0snprintf$1) refers to printf1.o(i._printf_core) for _printf_core
    printf1.o(i.__0snprintf$1) refers to printf1.o(i._snputc) for _snputc
    printf1.o(i.__0sprintf$1) refers to printf1.o(i._printf_core) for _printf_core
    printf1.o(i.__0sprintf$1) refers to printf1.o(i._sputc) for _sputc
    printf1.o(i.__0vfprintf$1) refers to printf1.o(i._printf_core) for _printf_core
    printf1.o(i.__0vfprintf$1) refers to uart.o(i.fputc) for fputc
    printf1.o(i.__0vprintf$1) refers to printf1.o(i._printf_core) for _printf_core
    printf1.o(i.__0vprintf$1) refers to uart.o(i.fputc) for fputc
    printf1.o(i.__0vprintf$1) refers to stdout.o(.data) for __stdout
    printf1.o(i.__0vsnprintf$1) refers to printf1.o(i._printf_core) for _printf_core
    printf1.o(i.__0vsnprintf$1) refers to printf1.o(i._snputc) for _snputc
    printf1.o(i.__0vsprintf$1) refers to printf1.o(i._printf_core) for _printf_core
    printf1.o(i.__0vsprintf$1) refers to printf1.o(i._sputc) for _sputc
    printf1.o(i._printf_core) refers to uidiv.o(.text) for __aeabi_uidivmod
    printf2.o(i.__0fprintf$2) refers to printf2.o(i._printf_core) for _printf_core
    printf2.o(i.__0fprintf$2) refers to uart.o(i.fputc) for fputc
    printf2.o(i.__0printf$2) refers to printf2.o(i._printf_core) for _printf_core
    printf2.o(i.__0printf$2) refers to uart.o(i.fputc) for fputc
    printf2.o(i.__0printf$2) refers to stdout.o(.data) for __stdout
    printf2.o(i.__0snprintf$2) refers to printf2.o(i._printf_core) for _printf_core
    printf2.o(i.__0snprintf$2) refers to printf2.o(i._snputc) for _snputc
    printf2.o(i.__0sprintf$2) refers to printf2.o(i._printf_core) for _printf_core
    printf2.o(i.__0sprintf$2) refers to printf2.o(i._sputc) for _sputc
    printf2.o(i.__0vfprintf$2) refers to printf2.o(i._printf_core) for _printf_core
    printf2.o(i.__0vfprintf$2) refers to uart.o(i.fputc) for fputc
    printf2.o(i.__0vprintf$2) refers to printf2.o(i._printf_core) for _printf_core
    printf2.o(i.__0vprintf$2) refers to uart.o(i.fputc) for fputc
    printf2.o(i.__0vprintf$2) refers to stdout.o(.data) for __stdout
    printf2.o(i.__0vsnprintf$2) refers to printf2.o(i._printf_core) for _printf_core
    printf2.o(i.__0vsnprintf$2) refers to printf2.o(i._snputc) for _snputc
    printf2.o(i.__0vsprintf$2) refers to printf2.o(i._printf_core) for _printf_core
    printf2.o(i.__0vsprintf$2) refers to printf2.o(i._sputc) for _sputc
    printf3.o(i.__0fprintf$3) refers to printf3.o(i._printf_core) for _printf_core
    printf3.o(i.__0fprintf$3) refers to uart.o(i.fputc) for fputc
    printf3.o(i.__0printf$3) refers to printf3.o(i._printf_core) for _printf_core
    printf3.o(i.__0printf$3) refers to uart.o(i.fputc) for fputc
    printf3.o(i.__0printf$3) refers to stdout.o(.data) for __stdout
    printf3.o(i.__0snprintf$3) refers to printf3.o(i._printf_core) for _printf_core
    printf3.o(i.__0snprintf$3) refers to printf3.o(i._snputc) for _snputc
    printf3.o(i.__0sprintf$3) refers to printf3.o(i._printf_core) for _printf_core
    printf3.o(i.__0sprintf$3) refers to printf3.o(i._sputc) for _sputc
    printf3.o(i.__0vfprintf$3) refers to printf3.o(i._printf_core) for _printf_core
    printf3.o(i.__0vfprintf$3) refers to uart.o(i.fputc) for fputc
    printf3.o(i.__0vprintf$3) refers to printf3.o(i._printf_core) for _printf_core
    printf3.o(i.__0vprintf$3) refers to uart.o(i.fputc) for fputc
    printf3.o(i.__0vprintf$3) refers to stdout.o(.data) for __stdout
    printf3.o(i.__0vsnprintf$3) refers to printf3.o(i._printf_core) for _printf_core
    printf3.o(i.__0vsnprintf$3) refers to printf3.o(i._snputc) for _snputc
    printf3.o(i.__0vsprintf$3) refers to printf3.o(i._printf_core) for _printf_core
    printf3.o(i.__0vsprintf$3) refers to printf3.o(i._sputc) for _sputc
    printf3.o(i._printf_core) refers to uidiv.o(.text) for __aeabi_uidivmod
    printf4.o(i.__0fprintf$4) refers to printf4.o(i._printf_core) for _printf_core
    printf4.o(i.__0fprintf$4) refers to uart.o(i.fputc) for fputc
    printf4.o(i.__0printf$4) refers to printf4.o(i._printf_core) for _printf_core
    printf4.o(i.__0printf$4) refers to uart.o(i.fputc) for fputc
    printf4.o(i.__0printf$4) refers to stdout.o(.data) for __stdout
    printf4.o(i.__0snprintf$4) refers to printf4.o(i._printf_core) for _printf_core
    printf4.o(i.__0snprintf$4) refers to printf4.o(i._snputc) for _snputc
    printf4.o(i.__0sprintf$4) refers to printf4.o(i._printf_core) for _printf_core
    printf4.o(i.__0sprintf$4) refers to printf4.o(i._sputc) for _sputc
    printf4.o(i.__0vfprintf$4) refers to printf4.o(i._printf_core) for _printf_core
    printf4.o(i.__0vfprintf$4) refers to uart.o(i.fputc) for fputc
    printf4.o(i.__0vprintf$4) refers to printf4.o(i._printf_core) for _printf_core
    printf4.o(i.__0vprintf$4) refers to uart.o(i.fputc) for fputc
    printf4.o(i.__0vprintf$4) refers to stdout.o(.data) for __stdout
    printf4.o(i.__0vsnprintf$4) refers to printf4.o(i._printf_core) for _printf_core
    printf4.o(i.__0vsnprintf$4) refers to printf4.o(i._snputc) for _snputc
    printf4.o(i.__0vsprintf$4) refers to printf4.o(i._printf_core) for _printf_core
    printf4.o(i.__0vsprintf$4) refers to printf4.o(i._sputc) for _sputc
    printf4.o(i._printf_core) refers to uldiv.o(.text) for __aeabi_uldivmod
    printf5.o(i.__0fprintf$5) refers to printf5.o(i._printf_core) for _printf_core
    printf5.o(i.__0fprintf$5) refers to uart.o(i.fputc) for fputc
    printf5.o(i.__0printf$5) refers to printf5.o(i._printf_core) for _printf_core
    printf5.o(i.__0printf$5) refers to uart.o(i.fputc) for fputc
    printf5.o(i.__0printf$5) refers to stdout.o(.data) for __stdout
    printf5.o(i.__0snprintf$5) refers to printf5.o(i._printf_core) for _printf_core
    printf5.o(i.__0snprintf$5) refers to printf5.o(i._snputc) for _snputc
    printf5.o(i.__0sprintf$5) refers to printf5.o(i._printf_core) for _printf_core
    printf5.o(i.__0sprintf$5) refers to printf5.o(i._sputc) for _sputc
    printf5.o(i.__0vfprintf$5) refers to printf5.o(i._printf_core) for _printf_core
    printf5.o(i.__0vfprintf$5) refers to uart.o(i.fputc) for fputc
    printf5.o(i.__0vprintf$5) refers to printf5.o(i._printf_core) for _printf_core
    printf5.o(i.__0vprintf$5) refers to uart.o(i.fputc) for fputc
    printf5.o(i.__0vprintf$5) refers to stdout.o(.data) for __stdout
    printf5.o(i.__0vsnprintf$5) refers to printf5.o(i._printf_core) for _printf_core
    printf5.o(i.__0vsnprintf$5) refers to printf5.o(i._snputc) for _snputc
    printf5.o(i.__0vsprintf$5) refers to printf5.o(i._printf_core) for _printf_core
    printf5.o(i.__0vsprintf$5) refers to printf5.o(i._sputc) for _sputc
    printf5.o(i._printf_core) refers to uldiv.o(.text) for __aeabi_uldivmod
    printf6.o(i.__0fprintf$6) refers to printf6.o(i._printf_core) for _printf_core
    printf6.o(i.__0fprintf$6) refers to uart.o(i.fputc) for fputc
    printf6.o(i.__0printf$6) refers to printf6.o(i._printf_core) for _printf_core
    printf6.o(i.__0printf$6) refers to uart.o(i.fputc) for fputc
    printf6.o(i.__0printf$6) refers to stdout.o(.data) for __stdout
    printf6.o(i.__0snprintf$6) refers to printf6.o(i._printf_core) for _printf_core
    printf6.o(i.__0snprintf$6) refers to printf6.o(i._snputc) for _snputc
    printf6.o(i.__0sprintf$6) refers to printf6.o(i._printf_core) for _printf_core
    printf6.o(i.__0sprintf$6) refers to printf6.o(i._sputc) for _sputc
    printf6.o(i.__0vfprintf$6) refers to printf6.o(i._printf_core) for _printf_core
    printf6.o(i.__0vfprintf$6) refers to uart.o(i.fputc) for fputc
    printf6.o(i.__0vprintf$6) refers to printf6.o(i._printf_core) for _printf_core
    printf6.o(i.__0vprintf$6) refers to uart.o(i.fputc) for fputc
    printf6.o(i.__0vprintf$6) refers to stdout.o(.data) for __stdout
    printf6.o(i.__0vsnprintf$6) refers to printf6.o(i._printf_core) for _printf_core
    printf6.o(i.__0vsnprintf$6) refers to printf6.o(i._snputc) for _snputc
    printf6.o(i.__0vsprintf$6) refers to printf6.o(i._printf_core) for _printf_core
    printf6.o(i.__0vsprintf$6) refers to printf6.o(i._sputc) for _sputc
    printf6.o(i._printf_core) refers to printf6.o(i._printf_pre_padding) for _printf_pre_padding
    printf6.o(i._printf_core) refers to uidiv.o(.text) for __aeabi_uidivmod
    printf6.o(i._printf_core) refers to printf6.o(i._printf_post_padding) for _printf_post_padding
    printf7.o(i.__0fprintf$7) refers to printf7.o(i._printf_core) for _printf_core
    printf7.o(i.__0fprintf$7) refers to uart.o(i.fputc) for fputc
    printf7.o(i.__0printf$7) refers to printf7.o(i._printf_core) for _printf_core
    printf7.o(i.__0printf$7) refers to uart.o(i.fputc) for fputc
    printf7.o(i.__0printf$7) refers to stdout.o(.data) for __stdout
    printf7.o(i.__0snprintf$7) refers to printf7.o(i._printf_core) for _printf_core
    printf7.o(i.__0snprintf$7) refers to printf7.o(i._snputc) for _snputc
    printf7.o(i.__0sprintf$7) refers to printf7.o(i._printf_core) for _printf_core
    printf7.o(i.__0sprintf$7) refers to printf7.o(i._sputc) for _sputc
    printf7.o(i.__0vfprintf$7) refers to printf7.o(i._printf_core) for _printf_core
    printf7.o(i.__0vfprintf$7) refers to uart.o(i.fputc) for fputc
    printf7.o(i.__0vprintf$7) refers to printf7.o(i._printf_core) for _printf_core
    printf7.o(i.__0vprintf$7) refers to uart.o(i.fputc) for fputc
    printf7.o(i.__0vprintf$7) refers to stdout.o(.data) for __stdout
    printf7.o(i.__0vsnprintf$7) refers to printf7.o(i._printf_core) for _printf_core
    printf7.o(i.__0vsnprintf$7) refers to printf7.o(i._snputc) for _snputc
    printf7.o(i.__0vsprintf$7) refers to printf7.o(i._printf_core) for _printf_core
    printf7.o(i.__0vsprintf$7) refers to printf7.o(i._sputc) for _sputc
    printf7.o(i._printf_core) refers to printf7.o(i._printf_pre_padding) for _printf_pre_padding
    printf7.o(i._printf_core) refers to uldiv.o(.text) for __aeabi_uldivmod
    printf7.o(i._printf_core) refers to printf7.o(i._printf_post_padding) for _printf_post_padding
    printf8.o(i.__0fprintf$8) refers to printf8.o(i._printf_core) for _printf_core
    printf8.o(i.__0fprintf$8) refers to uart.o(i.fputc) for fputc
    printf8.o(i.__0printf$8) refers to printf8.o(i._printf_core) for _printf_core
    printf8.o(i.__0printf$8) refers to uart.o(i.fputc) for fputc
    printf8.o(i.__0printf$8) refers to stdout.o(.data) for __stdout
    printf8.o(i.__0snprintf$8) refers to printf8.o(i._printf_core) for _printf_core
    printf8.o(i.__0snprintf$8) refers to printf8.o(i._snputc) for _snputc
    printf8.o(i.__0sprintf$8) refers to printf8.o(i._printf_core) for _printf_core
    printf8.o(i.__0sprintf$8) refers to printf8.o(i._sputc) for _sputc
    printf8.o(i.__0vfprintf$8) refers to printf8.o(i._printf_core) for _printf_core
    printf8.o(i.__0vfprintf$8) refers to uart.o(i.fputc) for fputc
    printf8.o(i.__0vprintf$8) refers to printf8.o(i._printf_core) for _printf_core
    printf8.o(i.__0vprintf$8) refers to uart.o(i.fputc) for fputc
    printf8.o(i.__0vprintf$8) refers to stdout.o(.data) for __stdout
    printf8.o(i.__0vsnprintf$8) refers to printf8.o(i._printf_core) for _printf_core
    printf8.o(i.__0vsnprintf$8) refers to printf8.o(i._snputc) for _snputc
    printf8.o(i.__0vsprintf$8) refers to printf8.o(i._printf_core) for _printf_core
    printf8.o(i.__0vsprintf$8) refers to printf8.o(i._sputc) for _sputc
    printf8.o(i._printf_core) refers to printf8.o(i._printf_pre_padding) for _printf_pre_padding
    printf8.o(i._printf_core) refers to uldiv.o(.text) for __aeabi_uldivmod
    printf8.o(i._printf_core) refers to printf8.o(i._printf_post_padding) for _printf_post_padding
    printfa.o(i.__0fprintf) refers (Special) to iusefp.o(.text) for __I$use$fp
    printfa.o(i.__0fprintf) refers to printfa.o(i._printf_core) for _printf_core
    printfa.o(i.__0fprintf) refers to uart.o(i.fputc) for fputc
    printfa.o(i.__0printf) refers (Special) to iusefp.o(.text) for __I$use$fp
    printfa.o(i.__0printf) refers to printfa.o(i._printf_core) for _printf_core
    printfa.o(i.__0printf) refers to uart.o(i.fputc) for fputc
    printfa.o(i.__0printf) refers to stdout.o(.data) for __stdout
    printfa.o(i.__0snprintf) refers (Special) to iusefp.o(.text) for __I$use$fp
    printfa.o(i.__0snprintf) refers to printfa.o(i._printf_core) for _printf_core
    printfa.o(i.__0snprintf) refers to printfa.o(i._snputc) for _snputc
    printfa.o(i.__0sprintf) refers (Special) to iusefp.o(.text) for __I$use$fp
    printfa.o(i.__0sprintf) refers to printfa.o(i._printf_core) for _printf_core
    printfa.o(i.__0sprintf) refers to printfa.o(i._sputc) for _sputc
    printfa.o(i.__0vfprintf) refers (Special) to iusefp.o(.text) for __I$use$fp
    printfa.o(i.__0vfprintf) refers to printfa.o(i._printf_core) for _printf_core
    printfa.o(i.__0vfprintf) refers to uart.o(i.fputc) for fputc
    printfa.o(i.__0vprintf) refers (Special) to iusefp.o(.text) for __I$use$fp
    printfa.o(i.__0vprintf) refers to printfa.o(i._printf_core) for _printf_core
    printfa.o(i.__0vprintf) refers to uart.o(i.fputc) for fputc
    printfa.o(i.__0vprintf) refers to stdout.o(.data) for __stdout
    printfa.o(i.__0vsnprintf) refers (Special) to iusefp.o(.text) for __I$use$fp
    printfa.o(i.__0vsnprintf) refers to printfa.o(i._printf_core) for _printf_core
    printfa.o(i.__0vsnprintf) refers to printfa.o(i._snputc) for _snputc
    printfa.o(i.__0vsprintf) refers (Special) to iusefp.o(.text) for __I$use$fp
    printfa.o(i.__0vsprintf) refers to printfa.o(i._printf_core) for _printf_core
    printfa.o(i.__0vsprintf) refers to printfa.o(i._sputc) for _sputc
    printfa.o(i._fp_digits) refers (Special) to iusefp.o(.text) for __I$use$fp
    printfa.o(i._fp_digits) refers to dmul.o(.text) for __aeabi_dmul
    printfa.o(i._fp_digits) refers to ddiv.o(.text) for __aeabi_ddiv
    printfa.o(i._fp_digits) refers to cdrcmple.o(.text) for __aeabi_cdrcmple
    printfa.o(i._fp_digits) refers to dadd.o(.text) for __aeabi_dadd
    printfa.o(i._fp_digits) refers to dfixul.o(.text) for __aeabi_d2ulz
    printfa.o(i._fp_digits) refers to uldiv.o(.text) for __aeabi_uldivmod
    printfa.o(i._printf_core) refers (Special) to iusefp.o(.text) for __I$use$fp
    printfa.o(i._printf_core) refers to printfa.o(i._printf_pre_padding) for _printf_pre_padding
    printfa.o(i._printf_core) refers to uldiv.o(.text) for __aeabi_uldivmod
    printfa.o(i._printf_core) refers to printfa.o(i._printf_post_padding) for _printf_post_padding
    printfa.o(i._printf_core) refers to printfa.o(i._fp_digits) for _fp_digits
    printfa.o(i._printf_core) refers to uidiv.o(.text) for __aeabi_uidivmod
    printfa.o(i._printf_post_padding) refers (Special) to iusefp.o(.text) for __I$use$fp
    printfa.o(i._printf_pre_padding) refers (Special) to iusefp.o(.text) for __I$use$fp
    printfa.o(i._snputc) refers (Special) to iusefp.o(.text) for __I$use$fp
    printfa.o(i._sputc) refers (Special) to iusefp.o(.text) for __I$use$fp
    entry2.o(.ARM.Collect$$$$00000001) refers to entry2.o(.ARM.Collect$$$$00002712) for __lit__00000000
    entry2.o(.ARM.Collect$$$$00002712) refers to startup_stm32f407xx.o(STACK) for __initial_sp
    entry2.o(__vectab_stack_and_reset_area) refers to startup_stm32f407xx.o(STACK) for __initial_sp
    entry2.o(__vectab_stack_and_reset_area) refers to entry.o(.ARM.Collect$$$$00000000) for __main
    entry5.o(.ARM.Collect$$$$00000004) refers to init.o(.text) for __scatterload
    entry9a.o(.ARM.Collect$$$$0000000B) refers to main.o(i.main) for main
    entry9b.o(.ARM.Collect$$$$0000000C) refers to main.o(i.main) for main
    uldiv.o(.text) refers to llushr.o(.text) for __aeabi_llsr
    uldiv.o(.text) refers to llshl.o(.text) for __aeabi_llsl
    dadd.o(.text) refers to llshl.o(.text) for __aeabi_llsl
    dadd.o(.text) refers to llsshr.o(.text) for __aeabi_lasr
    dadd.o(.text) refers to depilogue.o(.text) for _double_epilogue
    dmul.o(.text) refers to depilogue.o(.text) for _double_epilogue
    ddiv.o(.text) refers to depilogue.o(.text) for _double_round
    dfixul.o(.text) refers to llushr.o(.text) for __aeabi_llsr
    dfixul.o(.text) refers to llshl.o(.text) for __aeabi_llsl
    init.o(.text) refers to entry5.o(.ARM.Collect$$$$00000004) for __main_after_scatterload
    depilogue.o(.text) refers to llshl.o(.text) for __aeabi_llsl
    depilogue.o(.text) refers to llushr.o(.text) for __aeabi_llsr


==============================================================================

Removing Unused input sections from the image.

    Removing at24c02.o(.rev16_text), (4 bytes).
    Removing at24c02.o(.revsh_text), (4 bytes).
    Removing at24c02.o(.rrx_text), (6 bytes).
    Removing at24c02.o(i.at24c02_read_byte), (94 bytes).
    Removing at24c02.o(i.at24c02_read_bytes), (122 bytes).
    Removing at24c02.o(i.at24c02_write_byte), (84 bytes).
    Removing at24c02.o(i.at24c02_write_bytes), (156 bytes).
    Removing delay.o(.rev16_text), (4 bytes).
    Removing delay.o(.revsh_text), (4 bytes).
    Removing delay.o(.rrx_text), (6 bytes).
    Removing delay.o(i.delay_us), (60 bytes).
    Removing flash.o(.rev16_text), (4 bytes).
    Removing flash.o(.revsh_text), (4 bytes).
    Removing flash.o(.rrx_text), (6 bytes).
    Removing flash.o(i.SPI_FLASH_Write_Disable), (32 bytes).
    Removing flash.o(i.SPI_FLASH_Write_Enable), (32 bytes).
    Removing flash.o(i.SPI_FLASH_Write_SR), (40 bytes).
    Removing flash.o(i.SPI_Flash_Erase_Chip), (44 bytes).
    Removing flash.o(i.SPI_Flash_Erase_Sector), (72 bytes).
    Removing flash.o(i.SPI_Flash_PowerDown), (40 bytes).
    Removing flash.o(i.SPI_Flash_Read), (80 bytes).
    Removing flash.o(i.SPI_Flash_ReadSR), (44 bytes).
    Removing flash.o(i.SPI_Flash_WAKEUP), (40 bytes).
    Removing flash.o(i.SPI_Flash_Wait_Busy), (18 bytes).
    Removing flash.o(i.SPI_Flash_Write), (184 bytes).
    Removing flash.o(i.SPI_Flash_Write_NoCheck), (70 bytes).
    Removing flash.o(i.SPI_Flash_Write_Page), (84 bytes).
    Removing flash.o(.bss), (4096 bytes).
    Removing iic.o(.rev16_text), (4 bytes).
    Removing iic.o(.revsh_text), (4 bytes).
    Removing iic.o(.rrx_text), (6 bytes).
    Removing iic.o(i.iic_delay), (14 bytes).
    Removing iic.o(i.iic_get_ack), (68 bytes).
    Removing iic.o(i.iic_put_ack), (64 bytes).
    Removing iic.o(i.iic_read_byte), (88 bytes).
    Removing iic.o(i.iic_start), (52 bytes).
    Removing iic.o(i.iic_stop), (52 bytes).
    Removing iic.o(i.iic_write_byte), (80 bytes).
    Removing key.o(.rev16_text), (4 bytes).
    Removing key.o(.revsh_text), (4 bytes).
    Removing key.o(.rrx_text), (6 bytes).
    Removing key.o(i.key_delay), (16 bytes).
    Removing key.o(i.key_scanf), (252 bytes).
    Removing key.o(.data), (5 bytes).
    Removing lcd.o(.rev16_text), (4 bytes).
    Removing lcd.o(.revsh_text), (4 bytes).
    Removing lcd.o(.rrx_text), (6 bytes).
    Removing led.o(.rev16_text), (4 bytes).
    Removing led.o(.revsh_text), (4 bytes).
    Removing led.o(.rrx_text), (6 bytes).
    Removing main.o(.rev16_text), (4 bytes).
    Removing main.o(.revsh_text), (4 bytes).
    Removing main.o(.rrx_text), (6 bytes).
    Removing main.o(.bss), (100 bytes).
    Removing main.o(.conststring), (24 bytes).
    Removing main.o(.data), (5 bytes).
    Removing spi.o(.rev16_text), (4 bytes).
    Removing spi.o(.revsh_text), (4 bytes).
    Removing spi.o(.rrx_text), (6 bytes).
    Removing uart.o(.rev16_text), (4 bytes).
    Removing uart.o(.revsh_text), (4 bytes).
    Removing uart.o(.rrx_text), (6 bytes).
    Removing uart.o(i.uart_send_string), (36 bytes).
    Removing sys.o(.rev16_text), (4 bytes).
    Removing sys.o(.revsh_text), (4 bytes).
    Removing sys.o(.rrx_text), (6 bytes).
    Removing sys.o(.emb_text), (6 bytes).
    Removing sys.o(i.Ex_NVIC_Config), (180 bytes).
    Removing sys.o(i.GPIO_AF_Set), (64 bytes).
    Removing sys.o(i.GPIO_Set), (222 bytes).
    Removing sys.o(i.INTX_DISABLE), (4 bytes).
    Removing sys.o(i.INTX_ENABLE), (4 bytes).
    Removing sys.o(i.MY_NVIC_Init), (120 bytes).
    Removing sys.o(i.MY_NVIC_PriorityGroupConfig), (40 bytes).
    Removing sys.o(i.Sys_Soft_Reset), (16 bytes).
    Removing sys.o(i.Sys_Standby), (76 bytes).
    Removing sys.o(i.WFI_SET), (4 bytes).
    Removing font.o(.rev16_text), (4 bytes).
    Removing font.o(.revsh_text), (4 bytes).
    Removing font.o(.rrx_text), (6 bytes).
    Removing startup_stm32f407xx.o(HEAP), (512 bytes).
    Removing system_stm32f4xx.o(.rev16_text), (4 bytes).
    Removing system_stm32f4xx.o(.revsh_text), (4 bytes).
    Removing system_stm32f4xx.o(.rrx_text), (6 bytes).
    Removing system_stm32f4xx.o(i.SystemCoreClockUpdate), (192 bytes).
    Removing system_stm32f4xx.o(.constdata), (16 bytes).
    Removing system_stm32f4xx.o(.data), (4 bytes).
    Removing dadd.o(.text), (334 bytes).
    Removing dmul.o(.text), (228 bytes).
    Removing ddiv.o(.text), (222 bytes).
    Removing dfixul.o(.text), (48 bytes).
    Removing cdrcmple.o(.text), (48 bytes).
    Removing depilogue.o(.text), (186 bytes).

93 unused section(s) (total 8956 bytes) removed from the image.

==============================================================================

Image Symbol Table

    Local Symbols

    Symbol Name                              Value     Ov Type        Size  Object(Section)

    ../clib/microlib/division.c              0x00000000   Number         0  uidiv.o ABSOLUTE
    ../clib/microlib/division.c              0x00000000   Number         0  uldiv.o ABSOLUTE
    ../clib/microlib/init/entry.s            0x00000000   Number         0  entry7a.o ABSOLUTE
    ../clib/microlib/init/entry.s            0x00000000   Number         0  entry.o ABSOLUTE
    ../clib/microlib/init/entry.s            0x00000000   Number         0  entry7b.o ABSOLUTE
    ../clib/microlib/init/entry.s            0x00000000   Number         0  entry8a.o ABSOLUTE
    ../clib/microlib/init/entry.s            0x00000000   Number         0  entry8b.o ABSOLUTE
    ../clib/microlib/init/entry.s            0x00000000   Number         0  entry11b.o ABSOLUTE
    ../clib/microlib/init/entry.s            0x00000000   Number         0  entry9a.o ABSOLUTE
    ../clib/microlib/init/entry.s            0x00000000   Number         0  entry9b.o ABSOLUTE
    ../clib/microlib/init/entry.s            0x00000000   Number         0  entry11a.o ABSOLUTE
    ../clib/microlib/init/entry.s            0x00000000   Number         0  entry10b.o ABSOLUTE
    ../clib/microlib/init/entry.s            0x00000000   Number         0  entry10a.o ABSOLUTE
    ../clib/microlib/init/entry.s            0x00000000   Number         0  entry5.o ABSOLUTE
    ../clib/microlib/init/entry.s            0x00000000   Number         0  entry2.o ABSOLUTE
    ../clib/microlib/longlong.c              0x00000000   Number         0  llshl.o ABSOLUTE
    ../clib/microlib/longlong.c              0x00000000   Number         0  llushr.o ABSOLUTE
    ../clib/microlib/longlong.c              0x00000000   Number         0  llsshr.o ABSOLUTE
    ../clib/microlib/printf/printf.c         0x00000000   Number         0  printf5.o ABSOLUTE
    ../clib/microlib/printf/printf.c         0x00000000   Number         0  printf6.o ABSOLUTE
    ../clib/microlib/printf/printf.c         0x00000000   Number         0  printfb.o ABSOLUTE
    ../clib/microlib/printf/printf.c         0x00000000   Number         0  printf0.o ABSOLUTE
    ../clib/microlib/printf/printf.c         0x00000000   Number         0  printf1.o ABSOLUTE
    ../clib/microlib/printf/printf.c         0x00000000   Number         0  printf2.o ABSOLUTE
    ../clib/microlib/printf/printf.c         0x00000000   Number         0  printf3.o ABSOLUTE
    ../clib/microlib/printf/printf.c         0x00000000   Number         0  printf4.o ABSOLUTE
    ../clib/microlib/printf/printf.c         0x00000000   Number         0  printf7.o ABSOLUTE
    ../clib/microlib/printf/printf.c         0x00000000   Number         0  printf8.o ABSOLUTE
    ../clib/microlib/printf/printf.c         0x00000000   Number         0  printfa.o ABSOLUTE
    ../clib/microlib/printf/stubs.s          0x00000000   Number         0  stubs.o ABSOLUTE
    ../clib/microlib/stdio/streams.c         0x00000000   Number         0  stdout.o ABSOLUTE
    ../clib/microlib/stubs.s                 0x00000000   Number         0  iusefp.o ABSOLUTE
    ../fplib/microlib/fpadd.c                0x00000000   Number         0  dadd.o ABSOLUTE
    ../fplib/microlib/fpdiv.c                0x00000000   Number         0  ddiv.o ABSOLUTE
    ../fplib/microlib/fpepilogue.c           0x00000000   Number         0  depilogue.o ABSOLUTE
    ../fplib/microlib/fpfix.c                0x00000000   Number         0  dfixul.o ABSOLUTE
    ../fplib/microlib/fpmul.c                0x00000000   Number         0  dmul.o ABSOLUTE
    RTE\Device\STM32F407ZGTx\startup_stm32f407xx.s 0x00000000   Number         0  startup_stm32f407xx.o ABSOLUTE
    RTE\Device\STM32F407ZGTx\system_stm32f4xx.c 0x00000000   Number         0  system_stm32f4xx.o ABSOLUTE
    RTE\\Device\\STM32F407ZGTx\\system_stm32f4xx.c 0x00000000   Number         0  system_stm32f4xx.o ABSOLUTE
    cdrcmple.s                               0x00000000   Number         0  cdrcmple.o ABSOLUTE
    dc.s                                     0x00000000   Number         0  dc.o ABSOLUTE
    handlers.s                               0x00000000   Number         0  handlers.o ABSOLUTE
    init.s                                   0x00000000   Number         0  init.o ABSOLUTE
    user\\src\\at24c02.c                     0x00000000   Number         0  at24c02.o ABSOLUTE
    user\\src\\delay.c                       0x00000000   Number         0  delay.o ABSOLUTE
    user\\src\\flash.c                       0x00000000   Number         0  flash.o ABSOLUTE
    user\\src\\font.c                        0x00000000   Number         0  font.o ABSOLUTE
    user\\src\\iic.c                         0x00000000   Number         0  iic.o ABSOLUTE
    user\\src\\key.c                         0x00000000   Number         0  key.o ABSOLUTE
    user\\src\\lcd.c                         0x00000000   Number         0  lcd.o ABSOLUTE
    user\\src\\led.c                         0x00000000   Number         0  led.o ABSOLUTE
    user\\src\\main.c                        0x00000000   Number         0  main.o ABSOLUTE
    user\\src\\spi.c                         0x00000000   Number         0  spi.o ABSOLUTE
    user\\src\\sys.c                         0x00000000   Number         0  sys.o ABSOLUTE
    user\\src\\uart.c                        0x00000000   Number         0  uart.o ABSOLUTE
    user\src\at24c02.c                       0x00000000   Number         0  at24c02.o ABSOLUTE
    user\src\delay.c                         0x00000000   Number         0  delay.o ABSOLUTE
    user\src\flash.c                         0x00000000   Number         0  flash.o ABSOLUTE
    user\src\font.c                          0x00000000   Number         0  font.o ABSOLUTE
    user\src\iic.c                           0x00000000   Number         0  iic.o ABSOLUTE
    user\src\key.c                           0x00000000   Number         0  key.o ABSOLUTE
    user\src\lcd.c                           0x00000000   Number         0  lcd.o ABSOLUTE
    user\src\led.c                           0x00000000   Number         0  led.o ABSOLUTE
    user\src\main.c                          0x00000000   Number         0  main.o ABSOLUTE
    user\src\spi.c                           0x00000000   Number         0  spi.o ABSOLUTE
    user\src\sys.c                           0x00000000   Number         0  sys.o ABSOLUTE
    user\src\uart.c                          0x00000000   Number         0  uart.o ABSOLUTE
    RESET                                    0x08000000   Section      392  startup_stm32f407xx.o(RESET)
    .ARM.Collect$$$$00000000                 0x08000188   Section        0  entry.o(.ARM.Collect$$$$00000000)
    .ARM.Collect$$$$00000001                 0x08000188   Section        4  entry2.o(.ARM.Collect$$$$00000001)
    .ARM.Collect$$$$00000004                 0x0800018c   Section        4  entry5.o(.ARM.Collect$$$$00000004)
    .ARM.Collect$$$$00000008                 0x08000190   Section        0  entry7b.o(.ARM.Collect$$$$00000008)
    .ARM.Collect$$$$0000000A                 0x08000190   Section        0  entry8b.o(.ARM.Collect$$$$0000000A)
    .ARM.Collect$$$$0000000B                 0x08000190   Section        8  entry9a.o(.ARM.Collect$$$$0000000B)
    .ARM.Collect$$$$0000000D                 0x08000198   Section        0  entry10a.o(.ARM.Collect$$$$0000000D)
    .ARM.Collect$$$$0000000F                 0x08000198   Section        0  entry11a.o(.ARM.Collect$$$$0000000F)
    .ARM.Collect$$$$00002712                 0x08000198   Section        4  entry2.o(.ARM.Collect$$$$00002712)
    __lit__00000000                          0x08000198   Data           4  entry2.o(.ARM.Collect$$$$00002712)
    .text                                    0x0800019c   Section       36  startup_stm32f407xx.o(.text)
    $v0                                      0x0800019c   Number         0  startup_stm32f407xx.o(.text)
    .text                                    0x080001c0   Section        0  uldiv.o(.text)
    .text                                    0x08000224   Section       36  init.o(.text)
    .text                                    0x08000248   Section        0  llshl.o(.text)
    .text                                    0x08000266   Section        0  llushr.o(.text)
    i.Draw_Circle                            0x08000286   Section        0  lcd.o(i.Draw_Circle)
    i.Draw_SolidCircle                       0x0800031e   Section        0  lcd.o(i.Draw_SolidCircle)
    i.LCD_DrawLine                           0x0800033e   Section        0  lcd.o(i.LCD_DrawLine)
    i.LCD_DrawPoint                          0x080003f0   Section        0  lcd.o(i.LCD_DrawPoint)
    i.LCD_DrawRectangle                      0x08000430   Section        0  lcd.o(i.LCD_DrawRectangle)
    i.LCD_DrawSolidRectangle                 0x0800046c   Section        0  lcd.o(i.LCD_DrawSolidRectangle)
    i.LCD_ILI9341_CMD                        0x08000530   Section        0  lcd.o(i.LCD_ILI9341_CMD)
    i.LCD_ILI9341_Parameter                  0x08000630   Section        0  lcd.o(i.LCD_ILI9341_Parameter)
    i.LCD_ShowString                         0x0800072c   Section        0  lcd.o(i.LCD_ShowString)
    i.MY_NVIC_SetVectorTable                 0x08000758   Section        0  sys.o(i.MY_NVIC_SetVectorTable)
    i.SPI1_ReadWriteByte                     0x08000768   Section        0  spi.o(i.SPI1_ReadWriteByte)
    i.SPI_Flash_Init                         0x08000798   Section        0  flash.o(i.SPI_Flash_Init)
    i.SPI_Flash_ReadID                       0x080007ec   Section        0  flash.o(i.SPI_Flash_ReadID)
    i.Stm32_Clock_Init                       0x08000834   Section        0  sys.o(i.Stm32_Clock_Init)
    i.Sys_Clock_Set                          0x0800089c   Section        0  sys.o(i.Sys_Clock_Set)
    i.SystemInit                             0x080009a8   Section        0  system_stm32f4xx.o(i.SystemInit)
    i.USART1_IRQHandler                      0x08000a0c   Section        0  uart.o(i.USART1_IRQHandler)
    i.__0printf$5                            0x08000a50   Section        0  printf5.o(i.__0printf$5)
    i.__scatterload_copy                     0x08000a70   Section       14  handlers.o(i.__scatterload_copy)
    i.__scatterload_null                     0x08000a7e   Section        2  handlers.o(i.__scatterload_null)
    i.__scatterload_zeroinit                 0x08000a80   Section       14  handlers.o(i.__scatterload_zeroinit)
    i._printf_core                           0x08000a90   Section        0  printf5.o(i._printf_core)
    _printf_core                             0x08000a91   Thumb Code   658  printf5.o(i._printf_core)
    i.at24c02_init                           0x08000d50   Section        0  at24c02.o(i.at24c02_init)
    i.delay_ms                               0x08000d58   Section        0  delay.o(i.delay_ms)
    i.fputc                                  0x08000d9c   Section        0  uart.o(i.fputc)
    i.iic_init                               0x08000db4   Section        0  iic.o(i.iic_init)
    i.key_init                               0x08000e18   Section        0  key.o(i.key_init)
    i.lcd_clear                              0x08000e6c   Section        0  lcd.o(i.lcd_clear)
    i.lcd_init                               0x08000ec8   Section        0  lcd.o(i.lcd_init)
    i.lcd_port_init                          0x080010e0   Section        0  lcd.o(i.lcd_port_init)
    i.lcd_send_show_data                     0x080011d8   Section        0  lcd.o(i.lcd_send_show_data)
    i.led_init                               0x08001394   Section        0  led.o(i.led_init)
    i.main                                   0x08001454   Section        0  main.o(i.main)
    i.show_ascii                             0x08001608   Section        0  lcd.o(i.show_ascii)
    i.spi_init                               0x080016a4   Section        0  spi.o(i.spi_init)
    i.uart1_init                             0x08001780   Section        0  uart.o(i.uart1_init)
    .constdata                               0x080018f0   Section     1520  font.o(.constdata)
    .data                                    0x20000000   Section        2  flash.o(.data)
    .data                                    0x20000002   Section        4  lcd.o(.data)
    .data                                    0x20000008   Section        9  uart.o(.data)
    .data                                    0x20000014   Section        4  stdout.o(.data)
    .bss                                     0x20000018   Section      100  uart.o(.bss)
    STACK                                    0x20000080   Section     1024  startup_stm32f407xx.o(STACK)

    Global Symbols

    Symbol Name                              Value     Ov Type        Size  Object(Section)

    BuildAttributes$$THM_ISAv4$E$P$D$K$B$S$7EM$VFPi3$EXTD16$VFPS$VFMA$PE$A:L22UL41UL21$X:L11$S22US41US21$IEEE1$IW$USESV6$~STKCKD$USESV7$~SHL$OSPACE$ROPI$EBA8$MICROLIB$REQ8$PRES8$EABIv2 0x00000000   Number         0  anon$$obj.o ABSOLUTE
    __ARM_use_no_argv                        0x00000000   Number         0  main.o ABSOLUTE
    _printf_a                                0x00000000   Number         0  stubs.o ABSOLUTE
    _printf_c                                0x00000000   Number         0  stubs.o ABSOLUTE
    _printf_charcount                        0x00000000   Number         0  stubs.o ABSOLUTE
    _printf_d                                0x00000000   Number         0  stubs.o ABSOLUTE
    _printf_e                                0x00000000   Number         0  stubs.o ABSOLUTE
    _printf_f                                0x00000000   Number         0  stubs.o ABSOLUTE
    _printf_flags                            0x00000000   Number         0  stubs.o ABSOLUTE
    _printf_fp_dec                           0x00000000   Number         0  stubs.o ABSOLUTE
    _printf_fp_hex                           0x00000000   Number         0  stubs.o ABSOLUTE
    _printf_g                                0x00000000   Number         0  stubs.o ABSOLUTE
    _printf_i                                0x00000000   Number         0  stubs.o ABSOLUTE
    _printf_int_dec                          0x00000000   Number         0  stubs.o ABSOLUTE
    _printf_l                                0x00000000   Number         0  stubs.o ABSOLUTE
    _printf_lc                               0x00000000   Number         0  stubs.o ABSOLUTE
    _printf_ll                               0x00000000   Number         0  stubs.o ABSOLUTE
    _printf_lld                              0x00000000   Number         0  stubs.o ABSOLUTE
    _printf_lli                              0x00000000   Number         0  stubs.o ABSOLUTE
    _printf_llo                              0x00000000   Number         0  stubs.o ABSOLUTE
    _printf_llu                              0x00000000   Number         0  stubs.o ABSOLUTE
    _printf_llx                              0x00000000   Number         0  stubs.o ABSOLUTE
    _printf_longlong_dec                     0x00000000   Number         0  stubs.o ABSOLUTE
    _printf_longlong_hex                     0x00000000   Number         0  stubs.o ABSOLUTE
    _printf_longlong_oct                     0x00000000   Number         0  stubs.o ABSOLUTE
    _printf_ls                               0x00000000   Number         0  stubs.o ABSOLUTE
    _printf_mbtowc                           0x00000000   Number         0  stubs.o ABSOLUTE
    _printf_n                                0x00000000   Number         0  stubs.o ABSOLUTE
    _printf_o                                0x00000000   Number         0  stubs.o ABSOLUTE
    _printf_p                                0x00000000   Number         0  stubs.o ABSOLUTE
    _printf_percent                          0x00000000   Number         0  stubs.o ABSOLUTE
    _printf_pre_padding                      0x00000000   Number         0  stubs.o ABSOLUTE
    _printf_return_value                     0x00000000   Number         0  stubs.o ABSOLUTE
    _printf_s                                0x00000000   Number         0  stubs.o ABSOLUTE
    _printf_sizespec                         0x00000000   Number         0  stubs.o ABSOLUTE
    _printf_str                              0x00000000   Number         0  stubs.o ABSOLUTE
    _printf_truncate_signed                  0x00000000   Number         0  stubs.o ABSOLUTE
    _printf_truncate_unsigned                0x00000000   Number         0  stubs.o ABSOLUTE
    _printf_u                                0x00000000   Number         0  stubs.o ABSOLUTE
    _printf_wc                               0x00000000   Number         0  stubs.o ABSOLUTE
    _printf_wctomb                           0x00000000   Number         0  stubs.o ABSOLUTE
    _printf_widthprec                        0x00000000   Number         0  stubs.o ABSOLUTE
    _printf_x                                0x00000000   Number         0  stubs.o ABSOLUTE
    __cpp_initialize__aeabi_                  - Undefined Weak Reference
    __cxa_finalize                            - Undefined Weak Reference
    __decompress                              - Undefined Weak Reference
    _clock_init                               - Undefined Weak Reference
    _microlib_exit                            - Undefined Weak Reference
    __Vectors_Size                           0x00000188   Number         0  startup_stm32f407xx.o ABSOLUTE
    __Vectors                                0x08000000   Data           4  startup_stm32f407xx.o(RESET)
    __Vectors_End                            0x08000188   Data           0  startup_stm32f407xx.o(RESET)
    __main                                   0x08000189   Thumb Code     0  entry.o(.ARM.Collect$$$$00000000)
    _main_stk                                0x08000189   Thumb Code     0  entry2.o(.ARM.Collect$$$$00000001)
    _main_scatterload                        0x0800018d   Thumb Code     0  entry5.o(.ARM.Collect$$$$00000004)
    __main_after_scatterload                 0x08000191   Thumb Code     0  entry5.o(.ARM.Collect$$$$00000004)
    _main_clock                              0x08000191   Thumb Code     0  entry7b.o(.ARM.Collect$$$$00000008)
    _main_cpp_init                           0x08000191   Thumb Code     0  entry8b.o(.ARM.Collect$$$$0000000A)
    _main_init                               0x08000191   Thumb Code     0  entry9a.o(.ARM.Collect$$$$0000000B)
    __rt_final_cpp                           0x08000199   Thumb Code     0  entry10a.o(.ARM.Collect$$$$0000000D)
    __rt_final_exit                          0x08000199   Thumb Code     0  entry11a.o(.ARM.Collect$$$$0000000F)
    Reset_Handler                            0x0800019d   Thumb Code     8  startup_stm32f407xx.o(.text)
    NMI_Handler                              0x080001a5   Thumb Code     2  startup_stm32f407xx.o(.text)
    HardFault_Handler                        0x080001a7   Thumb Code     2  startup_stm32f407xx.o(.text)
    MemManage_Handler                        0x080001a9   Thumb Code     2  startup_stm32f407xx.o(.text)
    BusFault_Handler                         0x080001ab   Thumb Code     2  startup_stm32f407xx.o(.text)
    UsageFault_Handler                       0x080001ad   Thumb Code     2  startup_stm32f407xx.o(.text)
    SVC_Handler                              0x080001af   Thumb Code     2  startup_stm32f407xx.o(.text)
    DebugMon_Handler                         0x080001b1   Thumb Code     2  startup_stm32f407xx.o(.text)
    PendSV_Handler                           0x080001b3   Thumb Code     2  startup_stm32f407xx.o(.text)
    SysTick_Handler                          0x080001b5   Thumb Code     2  startup_stm32f407xx.o(.text)
    ADC_IRQHandler                           0x080001b7   Thumb Code     0  startup_stm32f407xx.o(.text)
    CAN1_RX0_IRQHandler                      0x080001b7   Thumb Code     0  startup_stm32f407xx.o(.text)
    CAN1_RX1_IRQHandler                      0x080001b7   Thumb Code     0  startup_stm32f407xx.o(.text)
    CAN1_SCE_IRQHandler                      0x080001b7   Thumb Code     0  startup_stm32f407xx.o(.text)
    CAN1_TX_IRQHandler                       0x080001b7   Thumb Code     0  startup_stm32f407xx.o(.text)
    CAN2_RX0_IRQHandler                      0x080001b7   Thumb Code     0  startup_stm32f407xx.o(.text)
    CAN2_RX1_IRQHandler                      0x080001b7   Thumb Code     0  startup_stm32f407xx.o(.text)
    CAN2_SCE_IRQHandler                      0x080001b7   Thumb Code     0  startup_stm32f407xx.o(.text)
    CAN2_TX_IRQHandler                       0x080001b7   Thumb Code     0  startup_stm32f407xx.o(.text)
    DCMI_IRQHandler                          0x080001b7   Thumb Code     0  startup_stm32f407xx.o(.text)
    DMA1_Stream0_IRQHandler                  0x080001b7   Thumb Code     0  startup_stm32f407xx.o(.text)
    DMA1_Stream1_IRQHandler                  0x080001b7   Thumb Code     0  startup_stm32f407xx.o(.text)
    DMA1_Stream2_IRQHandler                  0x080001b7   Thumb Code     0  startup_stm32f407xx.o(.text)
    DMA1_Stream3_IRQHandler                  0x080001b7   Thumb Code     0  startup_stm32f407xx.o(.text)
    DMA1_Stream4_IRQHandler                  0x080001b7   Thumb Code     0  startup_stm32f407xx.o(.text)
    DMA1_Stream5_IRQHandler                  0x080001b7   Thumb Code     0  startup_stm32f407xx.o(.text)
    DMA1_Stream6_IRQHandler                  0x080001b7   Thumb Code     0  startup_stm32f407xx.o(.text)
    DMA1_Stream7_IRQHandler                  0x080001b7   Thumb Code     0  startup_stm32f407xx.o(.text)
    DMA2_Stream0_IRQHandler                  0x080001b7   Thumb Code     0  startup_stm32f407xx.o(.text)
    DMA2_Stream1_IRQHandler                  0x080001b7   Thumb Code     0  startup_stm32f407xx.o(.text)
    DMA2_Stream2_IRQHandler                  0x080001b7   Thumb Code     0  startup_stm32f407xx.o(.text)
    DMA2_Stream3_IRQHandler                  0x080001b7   Thumb Code     0  startup_stm32f407xx.o(.text)
    DMA2_Stream4_IRQHandler                  0x080001b7   Thumb Code     0  startup_stm32f407xx.o(.text)
    DMA2_Stream5_IRQHandler                  0x080001b7   Thumb Code     0  startup_stm32f407xx.o(.text)
    DMA2_Stream6_IRQHandler                  0x080001b7   Thumb Code     0  startup_stm32f407xx.o(.text)
    DMA2_Stream7_IRQHandler                  0x080001b7   Thumb Code     0  startup_stm32f407xx.o(.text)
    ETH_IRQHandler                           0x080001b7   Thumb Code     0  startup_stm32f407xx.o(.text)
    ETH_WKUP_IRQHandler                      0x080001b7   Thumb Code     0  startup_stm32f407xx.o(.text)
    EXTI0_IRQHandler                         0x080001b7   Thumb Code     0  startup_stm32f407xx.o(.text)
    EXTI15_10_IRQHandler                     0x080001b7   Thumb Code     0  startup_stm32f407xx.o(.text)
    EXTI1_IRQHandler                         0x080001b7   Thumb Code     0  startup_stm32f407xx.o(.text)
    EXTI2_IRQHandler                         0x080001b7   Thumb Code     0  startup_stm32f407xx.o(.text)
    EXTI3_IRQHandler                         0x080001b7   Thumb Code     0  startup_stm32f407xx.o(.text)
    EXTI4_IRQHandler                         0x080001b7   Thumb Code     0  startup_stm32f407xx.o(.text)
    EXTI9_5_IRQHandler                       0x080001b7   Thumb Code     0  startup_stm32f407xx.o(.text)
    FLASH_IRQHandler                         0x080001b7   Thumb Code     0  startup_stm32f407xx.o(.text)
    FMC_IRQHandler                           0x080001b7   Thumb Code     0  startup_stm32f407xx.o(.text)
    FPU_IRQHandler                           0x080001b7   Thumb Code     0  startup_stm32f407xx.o(.text)
    HASH_RNG_IRQHandler                      0x080001b7   Thumb Code     0  startup_stm32f407xx.o(.text)
    I2C1_ER_IRQHandler                       0x080001b7   Thumb Code     0  startup_stm32f407xx.o(.text)
    I2C1_EV_IRQHandler                       0x080001b7   Thumb Code     0  startup_stm32f407xx.o(.text)
    I2C2_ER_IRQHandler                       0x080001b7   Thumb Code     0  startup_stm32f407xx.o(.text)
    I2C2_EV_IRQHandler                       0x080001b7   Thumb Code     0  startup_stm32f407xx.o(.text)
    I2C3_ER_IRQHandler                       0x080001b7   Thumb Code     0  startup_stm32f407xx.o(.text)
    I2C3_EV_IRQHandler                       0x080001b7   Thumb Code     0  startup_stm32f407xx.o(.text)
    OTG_FS_IRQHandler                        0x080001b7   Thumb Code     0  startup_stm32f407xx.o(.text)
    OTG_FS_WKUP_IRQHandler                   0x080001b7   Thumb Code     0  startup_stm32f407xx.o(.text)
    OTG_HS_EP1_IN_IRQHandler                 0x080001b7   Thumb Code     0  startup_stm32f407xx.o(.text)
    OTG_HS_EP1_OUT_IRQHandler                0x080001b7   Thumb Code     0  startup_stm32f407xx.o(.text)
    OTG_HS_IRQHandler                        0x080001b7   Thumb Code     0  startup_stm32f407xx.o(.text)
    OTG_HS_WKUP_IRQHandler                   0x080001b7   Thumb Code     0  startup_stm32f407xx.o(.text)
    PVD_IRQHandler                           0x080001b7   Thumb Code     0  startup_stm32f407xx.o(.text)
    RCC_IRQHandler                           0x080001b7   Thumb Code     0  startup_stm32f407xx.o(.text)
    RTC_Alarm_IRQHandler                     0x080001b7   Thumb Code     0  startup_stm32f407xx.o(.text)
    RTC_WKUP_IRQHandler                      0x080001b7   Thumb Code     0  startup_stm32f407xx.o(.text)
    SDIO_IRQHandler                          0x080001b7   Thumb Code     0  startup_stm32f407xx.o(.text)
    SPI1_IRQHandler                          0x080001b7   Thumb Code     0  startup_stm32f407xx.o(.text)
    SPI2_IRQHandler                          0x080001b7   Thumb Code     0  startup_stm32f407xx.o(.text)
    SPI3_IRQHandler                          0x080001b7   Thumb Code     0  startup_stm32f407xx.o(.text)
    TAMP_STAMP_IRQHandler                    0x080001b7   Thumb Code     0  startup_stm32f407xx.o(.text)
    TIM1_BRK_TIM9_IRQHandler                 0x080001b7   Thumb Code     0  startup_stm32f407xx.o(.text)
    TIM1_CC_IRQHandler                       0x080001b7   Thumb Code     0  startup_stm32f407xx.o(.text)
    TIM1_TRG_COM_TIM11_IRQHandler            0x080001b7   Thumb Code     0  startup_stm32f407xx.o(.text)
    TIM1_UP_TIM10_IRQHandler                 0x080001b7   Thumb Code     0  startup_stm32f407xx.o(.text)
    TIM2_IRQHandler                          0x080001b7   Thumb Code     0  startup_stm32f407xx.o(.text)
    TIM3_IRQHandler                          0x080001b7   Thumb Code     0  startup_stm32f407xx.o(.text)
    TIM4_IRQHandler                          0x080001b7   Thumb Code     0  startup_stm32f407xx.o(.text)
    TIM5_IRQHandler                          0x080001b7   Thumb Code     0  startup_stm32f407xx.o(.text)
    TIM6_DAC_IRQHandler                      0x080001b7   Thumb Code     0  startup_stm32f407xx.o(.text)
    TIM7_IRQHandler                          0x080001b7   Thumb Code     0  startup_stm32f407xx.o(.text)
    TIM8_BRK_TIM12_IRQHandler                0x080001b7   Thumb Code     0  startup_stm32f407xx.o(.text)
    TIM8_CC_IRQHandler                       0x080001b7   Thumb Code     0  startup_stm32f407xx.o(.text)
    TIM8_TRG_COM_TIM14_IRQHandler            0x080001b7   Thumb Code     0  startup_stm32f407xx.o(.text)
    TIM8_UP_TIM13_IRQHandler                 0x080001b7   Thumb Code     0  startup_stm32f407xx.o(.text)
    UART4_IRQHandler                         0x080001b7   Thumb Code     0  startup_stm32f407xx.o(.text)
    UART5_IRQHandler                         0x080001b7   Thumb Code     0  startup_stm32f407xx.o(.text)
    USART2_IRQHandler                        0x080001b7   Thumb Code     0  startup_stm32f407xx.o(.text)
    USART3_IRQHandler                        0x080001b7   Thumb Code     0  startup_stm32f407xx.o(.text)
    USART6_IRQHandler                        0x080001b7   Thumb Code     0  startup_stm32f407xx.o(.text)
    WWDG_IRQHandler                          0x080001b7   Thumb Code     0  startup_stm32f407xx.o(.text)
    __aeabi_uldivmod                         0x080001c1   Thumb Code    98  uldiv.o(.text)
    __scatterload                            0x08000225   Thumb Code    28  init.o(.text)
    __scatterload_rt2                        0x08000225   Thumb Code     0  init.o(.text)
    __aeabi_llsl                             0x08000249   Thumb Code    30  llshl.o(.text)
    _ll_shift_l                              0x08000249   Thumb Code     0  llshl.o(.text)
    __aeabi_llsr                             0x08000267   Thumb Code    32  llushr.o(.text)
    _ll_ushift_r                             0x08000267   Thumb Code     0  llushr.o(.text)
    Draw_Circle                              0x08000287   Thumb Code   152  lcd.o(i.Draw_Circle)
    Draw_SolidCircle                         0x0800031f   Thumb Code    32  lcd.o(i.Draw_SolidCircle)
    LCD_DrawLine                             0x0800033f   Thumb Code   176  lcd.o(i.LCD_DrawLine)
    LCD_DrawPoint                            0x080003f1   Thumb Code    58  lcd.o(i.LCD_DrawPoint)
    LCD_DrawRectangle                        0x08000431   Thumb Code    60  lcd.o(i.LCD_DrawRectangle)
    LCD_DrawSolidRectangle                   0x0800046d   Thumb Code   194  lcd.o(i.LCD_DrawSolidRectangle)
    LCD_ILI9341_CMD                          0x08000531   Thumb Code   230  lcd.o(i.LCD_ILI9341_CMD)
    LCD_ILI9341_Parameter                    0x08000631   Thumb Code   228  lcd.o(i.LCD_ILI9341_Parameter)
    LCD_ShowString                           0x0800072d   Thumb Code    42  lcd.o(i.LCD_ShowString)
    MY_NVIC_SetVectorTable                   0x08000759   Thumb Code    12  sys.o(i.MY_NVIC_SetVectorTable)
    SPI1_ReadWriteByte                       0x08000769   Thumb Code    42  spi.o(i.SPI1_ReadWriteByte)
    SPI_Flash_Init                           0x08000799   Thumb Code    74  flash.o(i.SPI_Flash_Init)
    SPI_Flash_ReadID                         0x080007ed   Thumb Code    64  flash.o(i.SPI_Flash_ReadID)
    Stm32_Clock_Init                         0x08000835   Thumb Code    90  sys.o(i.Stm32_Clock_Init)
    Sys_Clock_Set                            0x0800089d   Thumb Code   254  sys.o(i.Sys_Clock_Set)
    SystemInit                               0x080009a9   Thumb Code    82  system_stm32f4xx.o(i.SystemInit)
    USART1_IRQHandler                        0x08000a0d   Thumb Code    46  uart.o(i.USART1_IRQHandler)
    __0printf$5                              0x08000a51   Thumb Code    22  printf5.o(i.__0printf$5)
    __1printf$5                              0x08000a51   Thumb Code     0  printf5.o(i.__0printf$5)
    __2printf                                0x08000a51   Thumb Code     0  printf5.o(i.__0printf$5)
    __scatterload_copy                       0x08000a71   Thumb Code    14  handlers.o(i.__scatterload_copy)
    __scatterload_null                       0x08000a7f   Thumb Code     2  handlers.o(i.__scatterload_null)
    __scatterload_zeroinit                   0x08000a81   Thumb Code    14  handlers.o(i.__scatterload_zeroinit)
    at24c02_init                             0x08000d51   Thumb Code     8  at24c02.o(i.at24c02_init)
    delay_ms                                 0x08000d59   Thumb Code    66  delay.o(i.delay_ms)
    fputc                                    0x08000d9d   Thumb Code    20  uart.o(i.fputc)
    iic_init                                 0x08000db5   Thumb Code    84  iic.o(i.iic_init)
    key_init                                 0x08000e19   Thumb Code    70  key.o(i.key_init)
    lcd_clear                                0x08000e6d   Thumb Code    90  lcd.o(i.lcd_clear)
    lcd_init                                 0x08000ec9   Thumb Code   528  lcd.o(i.lcd_init)
    lcd_port_init                            0x080010e1   Thumb Code   206  lcd.o(i.lcd_port_init)
    lcd_send_show_data                       0x080011d9   Thumb Code   420  lcd.o(i.lcd_send_show_data)
    led_init                                 0x08001395   Thumb Code   168  led.o(i.led_init)
    main                                     0x08001455   Thumb Code   384  main.o(i.main)
    show_ascii                               0x08001609   Thumb Code   142  lcd.o(i.show_ascii)
    spi_init                                 0x080016a5   Thumb Code   200  spi.o(i.spi_init)
    uart1_init                               0x08001781   Thumb Code   344  uart.o(i.uart1_init)
    ASC_II                                   0x080018f0   Data        1520  font.o(.constdata)
    Region$$Table$$Base                      0x08001ee0   Number         0  anon$$obj.o(Region$$Table)
    Region$$Table$$Limit                     0x08001f00   Number         0  anon$$obj.o(Region$$Table)
    SPI_FLASH_TYPE                           0x20000000   Data           2  flash.o(.data)
    BACK_COLOR                               0x20000002   Data           2  lcd.o(.data)
    POINT_COLOR                              0x20000004   Data           2  lcd.o(.data)
    rec_sta                                  0x20000008   Data           1  uart.o(.data)
    rec_num                                  0x20000009   Data           1  uart.o(.data)
    rec_count_time                           0x2000000c   Data           4  uart.o(.data)
    rec_start                                0x20000010   Data           1  uart.o(.data)
    __stdout                                 0x20000014   Data           4  stdout.o(.data)
    rec_buf                                  0x20000018   Data         100  uart.o(.bss)
    __initial_sp                             0x20000480   Data           0  startup_stm32f407xx.o(STACK)



==============================================================================

Memory Map of the image

  Image Entry point : 0x08000189

  Load Region LR_IROM1 (Base: 0x08000000, Size: 0x00001f18, Max: 0x00100000, ABSOLUTE)

    Execution Region ER_IROM1 (Base: 0x08000000, Size: 0x00001f00, Max: 0x00100000, ABSOLUTE)

    Base Addr    Size         Type   Attr      Idx    E Section Name        Object

    0x08000000   0x00000188   Data   RO          743    RESET               startup_stm32f407xx.o
    0x08000188   0x00000000   Code   RO          785  * .ARM.Collect$$$$00000000  mc_w.l(entry.o)
    0x08000188   0x00000004   Code   RO         1049    .ARM.Collect$$$$00000001  mc_w.l(entry2.o)
    0x0800018c   0x00000004   Code   RO         1052    .ARM.Collect$$$$00000004  mc_w.l(entry5.o)
    0x08000190   0x00000000   Code   RO         1054    .ARM.Collect$$$$00000008  mc_w.l(entry7b.o)
    0x08000190   0x00000000   Code   RO         1056    .ARM.Collect$$$$0000000A  mc_w.l(entry8b.o)
    0x08000190   0x00000008   Code   RO         1057    .ARM.Collect$$$$0000000B  mc_w.l(entry9a.o)
    0x08000198   0x00000000   Code   RO         1059    .ARM.Collect$$$$0000000D  mc_w.l(entry10a.o)
    0x08000198   0x00000000   Code   RO         1061    .ARM.Collect$$$$0000000F  mc_w.l(entry11a.o)
    0x08000198   0x00000004   Code   RO         1050    .ARM.Collect$$$$00002712  mc_w.l(entry2.o)
    0x0800019c   0x00000024   Code   RO          744    .text               startup_stm32f407xx.o
    0x080001c0   0x00000062   Code   RO         1066    .text               mc_w.l(uldiv.o)
    0x08000222   0x00000002   PAD
    0x08000224   0x00000024   Code   RO         1079    .text               mc_w.l(init.o)
    0x08000248   0x0000001e   Code   RO         1081    .text               mc_w.l(llshl.o)
    0x08000266   0x00000020   Code   RO         1083    .text               mc_w.l(llushr.o)
    0x08000286   0x00000098   Code   RO          352    i.Draw_Circle       lcd.o
    0x0800031e   0x00000020   Code   RO          353    i.Draw_SolidCircle  lcd.o
    0x0800033e   0x000000b0   Code   RO          354    i.LCD_DrawLine      lcd.o
    0x080003ee   0x00000002   PAD
    0x080003f0   0x00000040   Code   RO          355    i.LCD_DrawPoint     lcd.o
    0x08000430   0x0000003c   Code   RO          356    i.LCD_DrawRectangle  lcd.o
    0x0800046c   0x000000c2   Code   RO          357    i.LCD_DrawSolidRectangle  lcd.o
    0x0800052e   0x00000002   PAD
    0x08000530   0x00000100   Code   RO          358    i.LCD_ILI9341_CMD   lcd.o
    0x08000630   0x000000fc   Code   RO          359    i.LCD_ILI9341_Parameter  lcd.o
    0x0800072c   0x0000002a   Code   RO          360    i.LCD_ShowString    lcd.o
    0x08000756   0x00000002   PAD
    0x08000758   0x00000010   Code   RO          631    i.MY_NVIC_SetVectorTable  sys.o
    0x08000768   0x00000030   Code   RO          543    i.SPI1_ReadWriteByte  spi.o
    0x08000798   0x00000054   Code   RO          134    i.SPI_Flash_Init    flash.o
    0x080007ec   0x00000048   Code   RO          137    i.SPI_Flash_ReadID  flash.o
    0x08000834   0x00000068   Code   RO          632    i.Stm32_Clock_Init  sys.o
    0x0800089c   0x0000010c   Code   RO          633    i.Sys_Clock_Set     sys.o
    0x080009a8   0x00000064   Code   RO          752    i.SystemInit        system_stm32f4xx.o
    0x08000a0c   0x00000044   Code   RO          573    i.USART1_IRQHandler  uart.o
    0x08000a50   0x00000020   Code   RO          921    i.__0printf$5       mc_w.l(printf5.o)
    0x08000a70   0x0000000e   Code   RO         1091    i.__scatterload_copy  mc_w.l(handlers.o)
    0x08000a7e   0x00000002   Code   RO         1092    i.__scatterload_null  mc_w.l(handlers.o)
    0x08000a80   0x0000000e   Code   RO         1093    i.__scatterload_zeroinit  mc_w.l(handlers.o)
    0x08000a8e   0x00000002   PAD
    0x08000a90   0x000002c0   Code   RO          928    i._printf_core      mc_w.l(printf5.o)
    0x08000d50   0x00000008   Code   RO            4    i.at24c02_init      at24c02.o
    0x08000d58   0x00000042   Code   RO           99    i.delay_ms          delay.o
    0x08000d9a   0x00000002   PAD
    0x08000d9c   0x00000018   Code   RO          574    i.fputc             uart.o
    0x08000db4   0x00000064   Code   RO          249    i.iic_init          iic.o
    0x08000e18   0x00000054   Code   RO          313    i.key_init          key.o
    0x08000e6c   0x0000005a   Code   RO          361    i.lcd_clear         lcd.o
    0x08000ec6   0x00000002   PAD
    0x08000ec8   0x00000218   Code   RO          362    i.lcd_init          lcd.o
    0x080010e0   0x000000f8   Code   RO          363    i.lcd_port_init     lcd.o
    0x080011d8   0x000001bc   Code   RO          364    i.lcd_send_show_data  lcd.o
    0x08001394   0x000000c0   Code   RO          464    i.led_init          led.o
    0x08001454   0x000001b4   Code   RO          491    i.main              main.o
    0x08001608   0x0000009c   Code   RO          365    i.show_ascii        lcd.o
    0x080016a4   0x000000dc   Code   RO          544    i.spi_init          spi.o
    0x08001780   0x00000170   Code   RO          575    i.uart1_init        uart.o
    0x080018f0   0x000005f0   Data   RO          723    .constdata          font.o
    0x08001ee0   0x00000020   Data   RO         1089    Region$$Table       anon$$obj.o


    Execution Region RW_IRAM1 (Base: 0x20000000, Size: 0x00000480, Max: 0x00020000, ABSOLUTE)

    Base Addr    Size         Type   Attr      Idx    E Section Name        Object

    0x20000000   0x00000002   Data   RW          145    .data               flash.o
    0x20000002   0x00000004   Data   RW          366    .data               lcd.o
    0x20000006   0x00000002   PAD
    0x20000008   0x00000009   Data   RW          578    .data               uart.o
    0x20000011   0x00000003   PAD
    0x20000014   0x00000004   Data   RW         1063    .data               mc_w.l(stdout.o)
    0x20000018   0x00000064   Zero   RW          577    .bss                uart.o
    0x2000007c   0x00000004   PAD
    0x20000080   0x00000400   Zero   RW          741    STACK               startup_stm32f407xx.o


==============================================================================

Image component sizes


      Code (inc. data)   RO Data    RW Data    ZI Data      Debug   Object Name

         8          0          0          0          0     196283   at24c02.o
        66          0          0          0          0        495   delay.o
       156         18          0          2          0       1622   flash.o
         0          0       1520          0          0        601   font.o
       100         16          0          0          0        463   iic.o
        84         14          0          0          0        455   key.o
      2702        144          0          4          0      10718   lcd.o
       192         24          0          0          0        495   led.o
       436         52          0          0          0      28718   main.o
       268         26          0          0          0       1056   spi.o
        36          8        392          0       1024        864   startup_stm32f407xx.o
       388         32          0          0          0       2040   sys.o
       100         18          0          0          0        533   system_stm32f4xx.o
       460         50          0          9        100      29543   uart.o

    ----------------------------------------------------------------------
      5006        402       1944         20       1128     273886   Object Totals
         0          0         32          0          0          0   (incl. Generated)
        10          0          0          5          4          0   (incl. Padding)

    ----------------------------------------------------------------------

      Code (inc. data)   RO Data    RW Data    ZI Data      Debug   Library Member Name

         0          0          0          0          0          0   entry.o
         0          0          0          0          0          0   entry10a.o
         0          0          0          0          0          0   entry11a.o
         8          4          0          0          0          0   entry2.o
         4          0          0          0          0          0   entry5.o
         0          0          0          0          0          0   entry7b.o
         0          0          0          0          0          0   entry8b.o
         8          4          0          0          0          0   entry9a.o
        30          0          0          0          0          0   handlers.o
        36          8          0          0          0         68   init.o
        30          0          0          0          0         68   llshl.o
        32          0          0          0          0         68   llushr.o
       736         56          0          0          0        184   printf5.o
         0          0          0          4          0          0   stdout.o
        98          0          0          0          0         92   uldiv.o

    ----------------------------------------------------------------------
       986         72          0          4          0        480   Library Totals
         4          0          0          0          0          0   (incl. Padding)

    ----------------------------------------------------------------------

      Code (inc. data)   RO Data    RW Data    ZI Data      Debug   Library Name

       982         72          0          4          0        480   mc_w.l

    ----------------------------------------------------------------------
       986         72          0          4          0        480   Library Totals

    ----------------------------------------------------------------------

==============================================================================


      Code (inc. data)   RO Data    RW Data    ZI Data      Debug   

      5992        474       1944         24       1128     271714   Grand Totals
      5992        474       1944         24       1128     271714   ELF Image Totals
      5992        474       1944         24          0          0   ROM Totals

==============================================================================

    Total RO  Size (Code + RO Data)                 7936 (   7.75kB)
    Total RW  Size (RW Data + ZI Data)              1152 (   1.13kB)
    Total ROM Size (Code + RO Data + RW Data)       7960 (   7.77kB)

==============================================================================

