<html>
<body>
<pre>
<h1>µVision Build Log</h1>
<h2>Tool Versions:</h2>
IDE-Version: ¦ÌVision V5.20.0.0
Copyright (C) 2016 ARM Ltd and ARM Germany GmbH. All rights reserved.
License Information: h w, sz, LIC=W9630-B4Q6M-EYZVT-RDQYN-ZSP4D-ILYKZ
 
Tool Versions:
Toolchain:       MDK-ARM Professional  Version: 5.20
Toolchain Path:  D:\Program\Keil_v5\ARM\ARMCC\Bin
C Compiler:      Armcc.exe V5.06 update 2 (build 183)
Assembler:       Armasm.exe V5.06 update 2 (build 183)
Linker/Locator:  ArmLink.exe V5.06 update 2 (build 183)
Library Manager: ArmAr.exe V5.06 update 2 (build 183)
Hex Converter:   FromElf.exe V5.06 update 2 (build 183)
CPU DLL:         SARMCM3.DLL V5.20
Dialog DLL:      DCM.DLL V1.13.7.0
Target DLL:      Segger\JL2CM3.dll V2.99.20.0
Dialog DLL:      TCM.DLL V1.14.9.0
 
<h2>Project:</h2>
D:\Git_Repository\GitHub\M4-Works\ex7-1 - lcd draw\ex7-1.uvprojx
Project File Date:  09/05/2016

<h2>Output:</h2>
*** Using Compiler 'V5.06 update 2 (build 183)', folder: 'D:\Program\Keil_v5\ARM\ARMCC\Bin'
Rebuild target 'Target 1'
compiling delay.c...
compiling at24c02.c...
compiling flash.c...
compiling iic.c...
compiling key.c...
compiling lcd.c...
user\src\lcd.c(21): warning:  #61-D: integer operation result is out of range
  	
PIOD->MODER &=~(0X03<<0 | 0X03<<2 | 0X03<<8 | 0X03<<10 | 0X03<<16 | 0X03<<18 | 0X03<<20 | 0X03<<28 | 0X03<<30  );
user\src\lcd.c(23): warning:  #61-D: integer operation result is out of range
  	
PIOD->OSPEEDR |=0X03<<0 | 0X03<<2 | 0X03<<8 | 0X03<<10 | 0X03<<16 | 0X03<<18 | 0X03<<20 | 0X03<<28 | 0X03<<30  ;
user\src\lcd.c(25): warning:  #61-D: integer operation result is out of range
  	
PIOE->MODER &=~(0X03<<14 |0X03<<16  |0X03<<18  |0X03<<20  |0X03<<22 |0X03<<24 |0X03<<26 |0X03<<28 |0X03<<30);
user\src\lcd.c(27): warning:  #61-D: integer operation result is out of range
  	
PIOE->OSPEEDR |=(0X03<<14 |0X03<<16  |0X03<<18  |0X03<<20  |0X03<<22 |0X03<<24 |0X03<<26 |0X03<<28 |0X03<<30);
user\src\lcd.c: 4 warnings, 0 errors
compiling led.c...
compiling main.c...
compiling spi.c...
assembling startup_stm32f407xx.s...
compiling uart.c...
compiling sys.c...
compiling system_stm32f4xx.c...
linking...
Program Size: Code=5300 RO-data=424 RW-data=24 ZI-data=1128  
".\Objects\ex7-1.axf" - 0 Error(s), 4 Warning(s).

<h2>Software Packages used:</h2>

Package Vendor: ARM
                http://www.keil.com/pack/ARM.CMSIS.4.5.0.pack
                ARM::CMSIS:CORE:4.3.0
                CMSIS (Cortex Microcontroller Software Interface Standard)
   * Component: CORE Version: 4.3.0

Package Vendor: Keil
                http://www.keil.com/pack/Keil.STM32F4xx_DFP.2.9.0.pack
                Keil::Device:Startup:2.5.0
                STMicroelectronics STM32F4 Series Device Support, Drivers and Examples
   * Component: Startup Version: 2.5.0

<h2>Collection of Component include folders:</h2>
  D:\Git_Repository\GitHub\M4-Works\ex7-1 - lcd draw\RTE
  D:\Program\Keil_v5\ARM\PACK\ARM\CMSIS\4.5.0\CMSIS\Include
  D:\Program\Keil_v5\ARM\PACK\Keil\STM32F4xx_DFP\2.9.0\Drivers\CMSIS\Device\ST\STM32F4xx\Include

<h2>Collection of Component Files used:</h2>

   * Component: ARM::CMSIS:CORE:4.3.0

   * Component: Keil::Device:Startup:2.5.0
      Include file:  Drivers\CMSIS\Device\ST\STM32F4xx\Include\stm32f4xx.h
      Source file:   MDK\Device\Source\ARM\STM32F4xx_OTP.s
      Source file:   Drivers\CMSIS\Device\ST\STM32F4xx\Source\Templates\arm\startup_stm32f407xx.s
      Source file:   MDK\Device\Source\ARM\STM32F40xxx_41xxx_OPT.s
      Source file:   Drivers\CMSIS\Device\ST\STM32F4xx\Source\Templates\system_stm32f4xx.c
Build Time Elapsed:  00:00:12
</pre>
</body>
</html>
