Component: ARM Compiler 5.06 update 2 (build 183) Tool: armlink [4d35b7]

==============================================================================

Section Cross References

    system_stm32f4xx.o(i.SystemCoreClockUpdate) refers to system_stm32f4xx.o(.data) for SystemCoreClock
    system_stm32f4xx.o(i.SystemInit) refers to system_stm32f4xx.o(i.SetSysClock) for SetSysClock
    startup_stm32f40_41xxx.o(RESET) refers to startup_stm32f40_41xxx.o(STACK) for __initial_sp
    startup_stm32f40_41xxx.o(RESET) refers to startup_stm32f40_41xxx.o(.text) for Reset_Handler
    startup_stm32f40_41xxx.o(RESET) refers to rtc.o(i.RTC_WKUP_IRQHandler) for RTC_WKUP_IRQHandler
    startup_stm32f40_41xxx.o(RESET) refers to exti.o(i.EXTI0_IRQHandler) for EXTI0_IRQHandler
    startup_stm32f40_41xxx.o(RESET) refers to exti.o(i.EXTI2_IRQHandler) for EXTI2_IRQHandler
    startup_stm32f40_41xxx.o(RESET) refers to exti.o(i.EXTI9_5_IRQHandler) for EXTI9_5_IRQHandler
    startup_stm32f40_41xxx.o(RESET) refers to uart.o(i.USART1_IRQHandler) for USART1_IRQHandler
    startup_stm32f40_41xxx.o(RESET) refers to rtc.o(i.RTC_Alarm_IRQHandler) for RTC_Alarm_IRQHandler
    startup_stm32f40_41xxx.o(.text) refers to system_stm32f4xx.o(i.SystemInit) for SystemInit
    startup_stm32f40_41xxx.o(.text) refers to entry.o(.ARM.Collect$$$$00000000) for __main
    at24c02.o(i.at24c02_init) refers to iic.o(i.iic_init) for iic_init
    at24c02.o(i.at24c02_read_byte) refers to iic.o(i.iic_start) for iic_start
    at24c02.o(i.at24c02_read_byte) refers to iic.o(i.iic_write_byte) for iic_write_byte
    at24c02.o(i.at24c02_read_byte) refers to iic.o(i.iic_get_ack) for iic_get_ack
    at24c02.o(i.at24c02_read_byte) refers to iic.o(i.iic_stop) for iic_stop
    at24c02.o(i.at24c02_read_byte) refers to iic.o(i.iic_read_byte) for iic_read_byte
    at24c02.o(i.at24c02_read_byte) refers to iic.o(i.iic_put_ack) for iic_put_ack
    at24c02.o(i.at24c02_read_bytes) refers to iic.o(i.iic_start) for iic_start
    at24c02.o(i.at24c02_read_bytes) refers to iic.o(i.iic_write_byte) for iic_write_byte
    at24c02.o(i.at24c02_read_bytes) refers to iic.o(i.iic_get_ack) for iic_get_ack
    at24c02.o(i.at24c02_read_bytes) refers to iic.o(i.iic_stop) for iic_stop
    at24c02.o(i.at24c02_read_bytes) refers to iic.o(i.iic_read_byte) for iic_read_byte
    at24c02.o(i.at24c02_read_bytes) refers to iic.o(i.iic_put_ack) for iic_put_ack
    at24c02.o(i.at24c02_write_byte) refers to iic.o(i.iic_start) for iic_start
    at24c02.o(i.at24c02_write_byte) refers to iic.o(i.iic_write_byte) for iic_write_byte
    at24c02.o(i.at24c02_write_byte) refers to iic.o(i.iic_get_ack) for iic_get_ack
    at24c02.o(i.at24c02_write_byte) refers to iic.o(i.iic_stop) for iic_stop
    at24c02.o(i.at24c02_write_byte) refers to delay.o(i.delay_ms) for delay_ms
    at24c02.o(i.at24c02_write_bytes) refers to iic.o(i.iic_start) for iic_start
    at24c02.o(i.at24c02_write_bytes) refers to iic.o(i.iic_write_byte) for iic_write_byte
    at24c02.o(i.at24c02_write_bytes) refers to iic.o(i.iic_get_ack) for iic_get_ack
    at24c02.o(i.at24c02_write_bytes) refers to iic.o(i.iic_stop) for iic_stop
    at24c02.o(i.at24c02_write_bytes) refers to delay.o(i.delay_ms) for delay_ms
    flash.o(i.SPI_FLASH_Write_Disable) refers to spi.o(i.SPI1_ReadWriteByte) for SPI1_ReadWriteByte
    flash.o(i.SPI_FLASH_Write_Enable) refers to spi.o(i.SPI1_ReadWriteByte) for SPI1_ReadWriteByte
    flash.o(i.SPI_FLASH_Write_SR) refers to spi.o(i.SPI1_ReadWriteByte) for SPI1_ReadWriteByte
    flash.o(i.SPI_Flash_Erase_Chip) refers to flash.o(i.SPI_FLASH_Write_Enable) for SPI_FLASH_Write_Enable
    flash.o(i.SPI_Flash_Erase_Chip) refers to flash.o(i.SPI_Flash_Wait_Busy) for SPI_Flash_Wait_Busy
    flash.o(i.SPI_Flash_Erase_Chip) refers to spi.o(i.SPI1_ReadWriteByte) for SPI1_ReadWriteByte
    flash.o(i.SPI_Flash_Erase_Sector) refers to flash.o(i.SPI_FLASH_Write_Enable) for SPI_FLASH_Write_Enable
    flash.o(i.SPI_Flash_Erase_Sector) refers to flash.o(i.SPI_Flash_Wait_Busy) for SPI_Flash_Wait_Busy
    flash.o(i.SPI_Flash_Erase_Sector) refers to spi.o(i.SPI1_ReadWriteByte) for SPI1_ReadWriteByte
    flash.o(i.SPI_Flash_Init) refers to spi.o(i.spi_init) for spi_init
    flash.o(i.SPI_Flash_Init) refers to flash.o(i.SPI_Flash_ReadID) for SPI_Flash_ReadID
    flash.o(i.SPI_Flash_Init) refers to flash.o(.data) for SPI_FLASH_TYPE
    flash.o(i.SPI_Flash_PowerDown) refers to spi.o(i.SPI1_ReadWriteByte) for SPI1_ReadWriteByte
    flash.o(i.SPI_Flash_PowerDown) refers to delay.o(i.delay_us) for delay_us
    flash.o(i.SPI_Flash_Read) refers to spi.o(i.SPI1_ReadWriteByte) for SPI1_ReadWriteByte
    flash.o(i.SPI_Flash_ReadID) refers to spi.o(i.SPI1_ReadWriteByte) for SPI1_ReadWriteByte
    flash.o(i.SPI_Flash_ReadSR) refers to spi.o(i.SPI1_ReadWriteByte) for SPI1_ReadWriteByte
    flash.o(i.SPI_Flash_WAKEUP) refers to spi.o(i.SPI1_ReadWriteByte) for SPI1_ReadWriteByte
    flash.o(i.SPI_Flash_WAKEUP) refers to delay.o(i.delay_us) for delay_us
    flash.o(i.SPI_Flash_Wait_Busy) refers to flash.o(i.SPI_Flash_ReadSR) for SPI_Flash_ReadSR
    flash.o(i.SPI_Flash_Write) refers to flash.o(i.SPI_Flash_Read) for SPI_Flash_Read
    flash.o(i.SPI_Flash_Write) refers to flash.o(i.SPI_Flash_Erase_Sector) for SPI_Flash_Erase_Sector
    flash.o(i.SPI_Flash_Write) refers to flash.o(i.SPI_Flash_Write_NoCheck) for SPI_Flash_Write_NoCheck
    flash.o(i.SPI_Flash_Write) refers to flash.o(.bss) for SPI_FLASH_BUFFER
    flash.o(i.SPI_Flash_Write_NoCheck) refers to flash.o(i.SPI_Flash_Write_Page) for SPI_Flash_Write_Page
    flash.o(i.SPI_Flash_Write_Page) refers to flash.o(i.SPI_FLASH_Write_Enable) for SPI_FLASH_Write_Enable
    flash.o(i.SPI_Flash_Write_Page) refers to spi.o(i.SPI1_ReadWriteByte) for SPI1_ReadWriteByte
    flash.o(i.SPI_Flash_Write_Page) refers to flash.o(i.SPI_Flash_Wait_Busy) for SPI_Flash_Wait_Busy
    iic.o(i.iic_get_ack) refers to iic.o(i.iic_delay) for iic_delay
    iic.o(i.iic_put_ack) refers to iic.o(i.iic_delay) for iic_delay
    iic.o(i.iic_read_byte) refers to iic.o(i.iic_delay) for iic_delay
    iic.o(i.iic_start) refers to iic.o(i.iic_delay) for iic_delay
    iic.o(i.iic_stop) refers to iic.o(i.iic_delay) for iic_delay
    iic.o(i.iic_write_byte) refers to iic.o(i.iic_delay) for iic_delay
    key.o(i.key_scanf) refers to key.o(.data) for key_sta
    lcd.o(i.Draw_Circle) refers to lcd.o(i.LCD_DrawPoint) for LCD_DrawPoint
    lcd.o(i.Draw_SolidCircle) refers to lcd.o(i.Draw_Circle) for Draw_Circle
    lcd.o(i.LCD_DrawLine) refers to lcd.o(i.LCD_DrawPoint) for LCD_DrawPoint
    lcd.o(i.LCD_DrawPoint) refers to lcd.o(i.LCD_ILI9341_CMD) for LCD_ILI9341_CMD
    lcd.o(i.LCD_DrawPoint) refers to lcd.o(i.LCD_ILI9341_Parameter) for LCD_ILI9341_Parameter
    lcd.o(i.LCD_DrawPoint) refers to lcd.o(i.lcd_send_show_data) for lcd_send_show_data
    lcd.o(i.LCD_DrawPoint) refers to lcd.o(.data) for POINT_COLOR
    lcd.o(i.LCD_DrawRectangle) refers to lcd.o(i.LCD_DrawLine) for LCD_DrawLine
    lcd.o(i.LCD_DrawSolidRectangle) refers to lcd.o(i.LCD_ILI9341_CMD) for LCD_ILI9341_CMD
    lcd.o(i.LCD_DrawSolidRectangle) refers to lcd.o(i.LCD_ILI9341_Parameter) for LCD_ILI9341_Parameter
    lcd.o(i.LCD_DrawSolidRectangle) refers to lcd.o(i.lcd_send_show_data) for lcd_send_show_data
    lcd.o(i.LCD_ShowPic) refers to lcd.o(i.LCD_ILI9341_CMD) for LCD_ILI9341_CMD
    lcd.o(i.LCD_ShowPic) refers to lcd.o(i.LCD_ILI9341_Parameter) for LCD_ILI9341_Parameter
    lcd.o(i.LCD_ShowPic) refers to lcd.o(i.lcd_send_show_data) for lcd_send_show_data
    lcd.o(i.LCD_ShowPic) refers to delay.o(i.delay_us) for delay_us
    lcd.o(i.LCD_ShowString) refers to lcd.o(i.show_ascii) for show_ascii
    lcd.o(i.LCD_Show_CH) refers to lcd.o(i.LCD_DrawPoint) for LCD_DrawPoint
    lcd.o(i.LCD_Show_CH) refers to lcd.o(.data) for POINT_COLOR
    lcd.o(i.LCD_Show_CH) refers to font.o(.constdata) for HZ
    lcd.o(i.lcd_clear) refers to lcd.o(i.LCD_ILI9341_CMD) for LCD_ILI9341_CMD
    lcd.o(i.lcd_clear) refers to lcd.o(i.LCD_ILI9341_Parameter) for LCD_ILI9341_Parameter
    lcd.o(i.lcd_clear) refers to lcd.o(i.lcd_send_show_data) for lcd_send_show_data
    lcd.o(i.lcd_init) refers to lcd.o(i.lcd_port_init) for lcd_port_init
    lcd.o(i.lcd_init) refers to delay.o(i.delay_ms) for delay_ms
    lcd.o(i.lcd_init) refers to lcd.o(i.LCD_ILI9341_CMD) for LCD_ILI9341_CMD
    lcd.o(i.lcd_init) refers to lcd.o(i.LCD_ILI9341_Parameter) for LCD_ILI9341_Parameter
    lcd.o(i.lcd_init) refers to lcd.o(i.lcd_clear) for lcd_clear
    lcd.o(i.show_ascii) refers to lcd.o(i.LCD_DrawPoint) for LCD_DrawPoint
    lcd.o(i.show_ascii) refers to lcd.o(.data) for POINT_COLOR
    lcd.o(i.show_ascii) refers to font.o(.constdata) for ASC_II
    main.o(i.main) refers to at24c02.o(i.at24c02_init) for at24c02_init
    main.o(i.main) refers to led.o(i.led_init) for led_init
    main.o(i.main) refers to key.o(i.key_init) for key_init
    main.o(i.main) refers to uart.o(i.uart1_init) for uart1_init
    main.o(i.main) refers to flash.o(i.SPI_Flash_Init) for SPI_Flash_Init
    main.o(i.main) refers to lcd.o(i.lcd_init) for lcd_init
    main.o(i.main) refers to rtc.o(i.RTC_Init) for RTC_Init
    main.o(i.main) refers to rtc.o(i.RTC_Set_AlarmA) for RTC_Set_AlarmA
    main.o(i.main) refers to rtc.o(i.RTC_Set_WakeUp) for RTC_Set_WakeUp
    main.o(i.main) refers to touch.o(i.touch_init) for touch_init
    main.o(i.main) refers to adc.o(i.adc1_init) for adc1_init
    main.o(i.main) refers to lcd.o(i.Draw_Circle) for Draw_Circle
    main.o(i.main) refers to lcd.o(i.LCD_DrawLine) for LCD_DrawLine
    main.o(i.main) refers to lcd.o(i.LCD_DrawRectangle) for LCD_DrawRectangle
    main.o(i.main) refers to lcd.o(i.LCD_DrawSolidRectangle) for LCD_DrawSolidRectangle
    main.o(i.main) refers to lcd.o(i.Draw_SolidCircle) for Draw_SolidCircle
    main.o(i.main) refers to lcd.o(i.show_ascii) for show_ascii
    main.o(i.main) refers to delay.o(i.delay_ms) for delay_ms
    main.o(i.main) refers to lcd.o(i.LCD_ShowString) for LCD_ShowString
    main.o(i.main) refers to lcd.o(i.LCD_Show_CH) for LCD_Show_CH
    main.o(i.main) refers to lcd.o(i.LCD_ShowPic) for LCD_ShowPic
    main.o(i.main) refers to printf6.o(i.__0sprintf$6) for __2sprintf
    main.o(i.main) refers to adc.o(i.get_adc) for get_adc
    main.o(i.main) refers to touch.o(i.touch_scanf) for touch_scanf
    main.o(i.main) refers to key.o(i.key_scanf) for key_scanf
    main.o(i.main) refers to rtc.o(i.RTC_Get_Time) for RTC_Get_Time
    main.o(i.main) refers to rtc.o(i.RTC_Get_Date) for RTC_Get_Date
    main.o(i.main) refers to rtc.o(i.RTC_Set_Time) for RTC_Set_Time
    main.o(i.main) refers to lcd.o(.data) for BACK_COLOR
    main.o(i.main) refers to pic.o(.constdata) for gImage_Wallpaper02
    main.o(i.main) refers to rtc.o(.data) for time_date
    main.o(i.main) refers to key.o(.data) for KEY2_MODE
    main.o(i.main) refers to rtc.o(i.RTC_Set_Date) for RTC_Set_Date
    main.o(.data) refers to main.o(.conststring) for .conststring
    uart.o(i.USART1_IRQHandler) refers to uart.o(.data) for rec_start
    uart.o(i.USART1_IRQHandler) refers to uart.o(.bss) for rec_buf
    rtc.o(i.Calcu_Week) refers to rtc.o(.constdata) for table_week
    rtc.o(i.RTC_Alarm_IRQHandler) refers to printf6.o(i.__0printf$6) for __2printf
    rtc.o(i.RTC_Get_Date) refers to rtc.o(i.RTC_Wait_Synchro) for RTC_Wait_Synchro
    rtc.o(i.RTC_Get_Date) refers to rtc.o(i.RTC_BCD2DEC) for RTC_BCD2DEC
    rtc.o(i.RTC_Get_Time) refers to rtc.o(i.RTC_Wait_Synchro) for RTC_Wait_Synchro
    rtc.o(i.RTC_Get_Time) refers to rtc.o(i.RTC_BCD2DEC) for RTC_BCD2DEC
    rtc.o(i.RTC_Init) refers to delay.o(i.delay_ms) for delay_ms
    rtc.o(i.RTC_Init) refers to rtc.o(i.RTC_Init_Mode) for RTC_Init_Mode
    rtc.o(i.RTC_Init) refers to rtc.o(i.RTC_Set_Time) for RTC_Set_Time
    rtc.o(i.RTC_Init) refers to rtc.o(i.RTC_Set_Date) for RTC_Set_Date
    rtc.o(i.RTC_Init) refers to rtc.o(i.RTC_Write_BKR) for RTC_Write_BKR
    rtc.o(i.RTC_Set_AlarmA) refers to rtc.o(i.RTC_DEC2BCD) for RTC_DEC2BCD
    rtc.o(i.RTC_Set_AlarmA) refers to rtc.o(i.NVIC_EncodePriority) for NVIC_EncodePriority
    rtc.o(i.RTC_Set_AlarmA) refers to rtc.o(i.NVIC_SetPriority) for NVIC_SetPriority
    rtc.o(i.RTC_Set_AlarmA) refers to rtc.o(i.NVIC_EnableIRQ) for NVIC_EnableIRQ
    rtc.o(i.RTC_Set_Date) refers to rtc.o(i.RTC_Init_Mode) for RTC_Init_Mode
    rtc.o(i.RTC_Set_Date) refers to rtc.o(i.RTC_DEC2BCD) for RTC_DEC2BCD
    rtc.o(i.RTC_Set_Time) refers to rtc.o(i.RTC_Init_Mode) for RTC_Init_Mode
    rtc.o(i.RTC_Set_Time) refers to rtc.o(i.RTC_DEC2BCD) for RTC_DEC2BCD
    rtc.o(i.RTC_Set_WakeUp) refers to rtc.o(i.NVIC_EncodePriority) for NVIC_EncodePriority
    rtc.o(i.RTC_Set_WakeUp) refers to rtc.o(i.NVIC_SetPriority) for NVIC_SetPriority
    rtc.o(i.RTC_Set_WakeUp) refers to rtc.o(i.NVIC_EnableIRQ) for NVIC_EnableIRQ
    rtc.o(i.RTC_WKUP_IRQHandler) refers to rtc.o(i.RTC_Get_Time) for RTC_Get_Time
    rtc.o(i.RTC_WKUP_IRQHandler) refers to rtc.o(i.RTC_Get_Date) for RTC_Get_Date
    rtc.o(i.RTC_WKUP_IRQHandler) refers to rtc.o(.data) for time_date
    touch.o(i.CNV_touch2lcd) refers to touch.o(i.get_touch_ad_filled) for get_touch_ad_filled
    touch.o(i.CNV_touch2lcd) refers to touch.o(.bss) for touch_adj_parm
    touch.o(i.LCD_DrawCross) refers to lcd.o(i.LCD_DrawLine) for LCD_DrawLine
    touch.o(i.get_touch_ad) refers to delay.o(i.delay_us) for delay_us
    touch.o(i.get_touch_ad_filled) refers to touch.o(i.get_touch_ad) for get_touch_ad
    touch.o(i.touch_adj) refers to touch.o(i.LCD_DrawCross) for LCD_DrawCross
    touch.o(i.touch_adj) refers to touch.o(i.get_touch_ad_filled) for get_touch_ad_filled
    touch.o(i.touch_adj) refers to delay.o(i.delay_ms) for delay_ms
    touch.o(i.touch_adj) refers to lcd.o(.data) for BACK_COLOR
    touch.o(i.touch_adj) refers to touch.o(.bss) for touch_adj_parm
    touch.o(i.touch_init) refers to at24c02.o(i.at24c02_read_byte) for at24c02_read_byte
    touch.o(i.touch_init) refers to touch.o(i.touch_adj) for touch_adj
    touch.o(i.touch_init) refers to at24c02.o(i.at24c02_write_byte) for at24c02_write_byte
    touch.o(i.touch_init) refers to at24c02.o(i.at24c02_write_bytes) for at24c02_write_bytes
    touch.o(i.touch_init) refers to at24c02.o(i.at24c02_read_bytes) for at24c02_read_bytes
    touch.o(i.touch_init) refers to touch.o(.bss) for touch_adj_parm
    touch.o(i.touch_scanf) refers to delay.o(i.delay_ms) for delay_ms
    touch.o(i.touch_scanf) refers to touch.o(i.get_touch_ad_filled) for get_touch_ad_filled
    touch.o(i.touch_scanf) refers to touch.o(.data) for touch_sta
    touch.o(i.touch_scanf) refers to touch.o(.bss) for touch_adj_parm
    exti.o(i.exti2_init) refers to exti.o(i.NVIC_EncodePriority) for NVIC_EncodePriority
    exti.o(i.exti2_init) refers to exti.o(i.NVIC_SetPriority) for NVIC_SetPriority
    exti.o(i.exti2_init) refers to exti.o(i.NVIC_EnableIRQ) for NVIC_EnableIRQ
    exti.o(i.exti9_soft_init) refers to exti.o(i.NVIC_EncodePriority) for NVIC_EncodePriority
    exti.o(i.exti9_soft_init) refers to exti.o(i.NVIC_SetPriority) for NVIC_SetPriority
    exti.o(i.exti9_soft_init) refers to exti.o(i.NVIC_EnableIRQ) for NVIC_EnableIRQ
    exti.o(i.exti_init) refers to exti.o(i.NVIC_EncodePriority) for NVIC_EncodePriority
    exti.o(i.exti_init) refers to exti.o(i.NVIC_SetPriority) for NVIC_SetPriority
    exti.o(i.exti_init) refers to exti.o(i.NVIC_EnableIRQ) for NVIC_EnableIRQ
    entry.o(.ARM.Collect$$$$00000000) refers (Special) to entry10a.o(.ARM.Collect$$$$0000000D) for __rt_final_cpp
    entry.o(.ARM.Collect$$$$00000000) refers (Special) to entry11a.o(.ARM.Collect$$$$0000000F) for __rt_final_exit
    entry.o(.ARM.Collect$$$$00000000) refers (Special) to entry7b.o(.ARM.Collect$$$$00000008) for _main_clock
    entry.o(.ARM.Collect$$$$00000000) refers (Special) to entry8b.o(.ARM.Collect$$$$0000000A) for _main_cpp_init
    entry.o(.ARM.Collect$$$$00000000) refers (Special) to entry9a.o(.ARM.Collect$$$$0000000B) for _main_init
    entry.o(.ARM.Collect$$$$00000000) refers (Special) to entry5.o(.ARM.Collect$$$$00000004) for _main_scatterload
    entry.o(.ARM.Collect$$$$00000000) refers (Special) to entry2.o(.ARM.Collect$$$$00000001) for _main_stk
    printfb.o(i.__0fprintf$bare) refers to printfb.o(i._printf_core) for _printf_core
    printfb.o(i.__0fprintf$bare) refers to uart.o(i.fputc) for fputc
    printfb.o(i.__0printf$bare) refers to printfb.o(i._printf_core) for _printf_core
    printfb.o(i.__0printf$bare) refers to uart.o(i.fputc) for fputc
    printfb.o(i.__0printf$bare) refers to stdout.o(.data) for __stdout
    printfb.o(i.__0snprintf$bare) refers to printfb.o(i._printf_core) for _printf_core
    printfb.o(i.__0snprintf$bare) refers to printfb.o(i._snputc) for _snputc
    printfb.o(i.__0sprintf$bare) refers to printfb.o(i._printf_core) for _printf_core
    printfb.o(i.__0sprintf$bare) refers to printfb.o(i._sputc) for _sputc
    printfb.o(i.__0vfprintf$bare) refers to printfb.o(i._printf_core) for _printf_core
    printfb.o(i.__0vfprintf$bare) refers to uart.o(i.fputc) for fputc
    printfb.o(i.__0vprintf$bare) refers to printfb.o(i._printf_core) for _printf_core
    printfb.o(i.__0vprintf$bare) refers to uart.o(i.fputc) for fputc
    printfb.o(i.__0vprintf$bare) refers to stdout.o(.data) for __stdout
    printfb.o(i.__0vsnprintf$bare) refers to printfb.o(i._printf_core) for _printf_core
    printfb.o(i.__0vsnprintf$bare) refers to printfb.o(i._snputc) for _snputc
    printfb.o(i.__0vsprintf$bare) refers to printfb.o(i._printf_core) for _printf_core
    printfb.o(i.__0vsprintf$bare) refers to printfb.o(i._sputc) for _sputc
    printf0.o(i.__0fprintf$0) refers to printf0.o(i._printf_core) for _printf_core
    printf0.o(i.__0fprintf$0) refers to uart.o(i.fputc) for fputc
    printf0.o(i.__0printf$0) refers to printf0.o(i._printf_core) for _printf_core
    printf0.o(i.__0printf$0) refers to uart.o(i.fputc) for fputc
    printf0.o(i.__0printf$0) refers to stdout.o(.data) for __stdout
    printf0.o(i.__0snprintf$0) refers to printf0.o(i._printf_core) for _printf_core
    printf0.o(i.__0snprintf$0) refers to printf0.o(i._snputc) for _snputc
    printf0.o(i.__0sprintf$0) refers to printf0.o(i._printf_core) for _printf_core
    printf0.o(i.__0sprintf$0) refers to printf0.o(i._sputc) for _sputc
    printf0.o(i.__0vfprintf$0) refers to printf0.o(i._printf_core) for _printf_core
    printf0.o(i.__0vfprintf$0) refers to uart.o(i.fputc) for fputc
    printf0.o(i.__0vprintf$0) refers to printf0.o(i._printf_core) for _printf_core
    printf0.o(i.__0vprintf$0) refers to uart.o(i.fputc) for fputc
    printf0.o(i.__0vprintf$0) refers to stdout.o(.data) for __stdout
    printf0.o(i.__0vsnprintf$0) refers to printf0.o(i._printf_core) for _printf_core
    printf0.o(i.__0vsnprintf$0) refers to printf0.o(i._snputc) for _snputc
    printf0.o(i.__0vsprintf$0) refers to printf0.o(i._printf_core) for _printf_core
    printf0.o(i.__0vsprintf$0) refers to printf0.o(i._sputc) for _sputc
    printf1.o(i.__0fprintf$1) refers to printf1.o(i._printf_core) for _printf_core
    printf1.o(i.__0fprintf$1) refers to uart.o(i.fputc) for fputc
    printf1.o(i.__0printf$1) refers to printf1.o(i._printf_core) for _printf_core
    printf1.o(i.__0printf$1) refers to uart.o(i.fputc) for fputc
    printf1.o(i.__0printf$1) refers to stdout.o(.data) for __stdout
    printf1.o(i.__0snprintf$1) refers to printf1.o(i._printf_core) for _printf_core
    printf1.o(i.__0snprintf$1) refers to printf1.o(i._snputc) for _snputc
    printf1.o(i.__0sprintf$1) refers to printf1.o(i._printf_core) for _printf_core
    printf1.o(i.__0sprintf$1) refers to printf1.o(i._sputc) for _sputc
    printf1.o(i.__0vfprintf$1) refers to printf1.o(i._printf_core) for _printf_core
    printf1.o(i.__0vfprintf$1) refers to uart.o(i.fputc) for fputc
    printf1.o(i.__0vprintf$1) refers to printf1.o(i._printf_core) for _printf_core
    printf1.o(i.__0vprintf$1) refers to uart.o(i.fputc) for fputc
    printf1.o(i.__0vprintf$1) refers to stdout.o(.data) for __stdout
    printf1.o(i.__0vsnprintf$1) refers to printf1.o(i._printf_core) for _printf_core
    printf1.o(i.__0vsnprintf$1) refers to printf1.o(i._snputc) for _snputc
    printf1.o(i.__0vsprintf$1) refers to printf1.o(i._printf_core) for _printf_core
    printf1.o(i.__0vsprintf$1) refers to printf1.o(i._sputc) for _sputc
    printf1.o(i._printf_core) refers to uidiv.o(.text) for __aeabi_uidivmod
    printf2.o(i.__0fprintf$2) refers to printf2.o(i._printf_core) for _printf_core
    printf2.o(i.__0fprintf$2) refers to uart.o(i.fputc) for fputc
    printf2.o(i.__0printf$2) refers to printf2.o(i._printf_core) for _printf_core
    printf2.o(i.__0printf$2) refers to uart.o(i.fputc) for fputc
    printf2.o(i.__0printf$2) refers to stdout.o(.data) for __stdout
    printf2.o(i.__0snprintf$2) refers to printf2.o(i._printf_core) for _printf_core
    printf2.o(i.__0snprintf$2) refers to printf2.o(i._snputc) for _snputc
    printf2.o(i.__0sprintf$2) refers to printf2.o(i._printf_core) for _printf_core
    printf2.o(i.__0sprintf$2) refers to printf2.o(i._sputc) for _sputc
    printf2.o(i.__0vfprintf$2) refers to printf2.o(i._printf_core) for _printf_core
    printf2.o(i.__0vfprintf$2) refers to uart.o(i.fputc) for fputc
    printf2.o(i.__0vprintf$2) refers to printf2.o(i._printf_core) for _printf_core
    printf2.o(i.__0vprintf$2) refers to uart.o(i.fputc) for fputc
    printf2.o(i.__0vprintf$2) refers to stdout.o(.data) for __stdout
    printf2.o(i.__0vsnprintf$2) refers to printf2.o(i._printf_core) for _printf_core
    printf2.o(i.__0vsnprintf$2) refers to printf2.o(i._snputc) for _snputc
    printf2.o(i.__0vsprintf$2) refers to printf2.o(i._printf_core) for _printf_core
    printf2.o(i.__0vsprintf$2) refers to printf2.o(i._sputc) for _sputc
    printf3.o(i.__0fprintf$3) refers to printf3.o(i._printf_core) for _printf_core
    printf3.o(i.__0fprintf$3) refers to uart.o(i.fputc) for fputc
    printf3.o(i.__0printf$3) refers to printf3.o(i._printf_core) for _printf_core
    printf3.o(i.__0printf$3) refers to uart.o(i.fputc) for fputc
    printf3.o(i.__0printf$3) refers to stdout.o(.data) for __stdout
    printf3.o(i.__0snprintf$3) refers to printf3.o(i._printf_core) for _printf_core
    printf3.o(i.__0snprintf$3) refers to printf3.o(i._snputc) for _snputc
    printf3.o(i.__0sprintf$3) refers to printf3.o(i._printf_core) for _printf_core
    printf3.o(i.__0sprintf$3) refers to printf3.o(i._sputc) for _sputc
    printf3.o(i.__0vfprintf$3) refers to printf3.o(i._printf_core) for _printf_core
    printf3.o(i.__0vfprintf$3) refers to uart.o(i.fputc) for fputc
    printf3.o(i.__0vprintf$3) refers to printf3.o(i._printf_core) for _printf_core
    printf3.o(i.__0vprintf$3) refers to uart.o(i.fputc) for fputc
    printf3.o(i.__0vprintf$3) refers to stdout.o(.data) for __stdout
    printf3.o(i.__0vsnprintf$3) refers to printf3.o(i._printf_core) for _printf_core
    printf3.o(i.__0vsnprintf$3) refers to printf3.o(i._snputc) for _snputc
    printf3.o(i.__0vsprintf$3) refers to printf3.o(i._printf_core) for _printf_core
    printf3.o(i.__0vsprintf$3) refers to printf3.o(i._sputc) for _sputc
    printf3.o(i._printf_core) refers to uidiv.o(.text) for __aeabi_uidivmod
    printf4.o(i.__0fprintf$4) refers to printf4.o(i._printf_core) for _printf_core
    printf4.o(i.__0fprintf$4) refers to uart.o(i.fputc) for fputc
    printf4.o(i.__0printf$4) refers to printf4.o(i._printf_core) for _printf_core
    printf4.o(i.__0printf$4) refers to uart.o(i.fputc) for fputc
    printf4.o(i.__0printf$4) refers to stdout.o(.data) for __stdout
    printf4.o(i.__0snprintf$4) refers to printf4.o(i._printf_core) for _printf_core
    printf4.o(i.__0snprintf$4) refers to printf4.o(i._snputc) for _snputc
    printf4.o(i.__0sprintf$4) refers to printf4.o(i._printf_core) for _printf_core
    printf4.o(i.__0sprintf$4) refers to printf4.o(i._sputc) for _sputc
    printf4.o(i.__0vfprintf$4) refers to printf4.o(i._printf_core) for _printf_core
    printf4.o(i.__0vfprintf$4) refers to uart.o(i.fputc) for fputc
    printf4.o(i.__0vprintf$4) refers to printf4.o(i._printf_core) for _printf_core
    printf4.o(i.__0vprintf$4) refers to uart.o(i.fputc) for fputc
    printf4.o(i.__0vprintf$4) refers to stdout.o(.data) for __stdout
    printf4.o(i.__0vsnprintf$4) refers to printf4.o(i._printf_core) for _printf_core
    printf4.o(i.__0vsnprintf$4) refers to printf4.o(i._snputc) for _snputc
    printf4.o(i.__0vsprintf$4) refers to printf4.o(i._printf_core) for _printf_core
    printf4.o(i.__0vsprintf$4) refers to printf4.o(i._sputc) for _sputc
    printf4.o(i._printf_core) refers to uldiv.o(.text) for __aeabi_uldivmod
    printf5.o(i.__0fprintf$5) refers to printf5.o(i._printf_core) for _printf_core
    printf5.o(i.__0fprintf$5) refers to uart.o(i.fputc) for fputc
    printf5.o(i.__0printf$5) refers to printf5.o(i._printf_core) for _printf_core
    printf5.o(i.__0printf$5) refers to uart.o(i.fputc) for fputc
    printf5.o(i.__0printf$5) refers to stdout.o(.data) for __stdout
    printf5.o(i.__0snprintf$5) refers to printf5.o(i._printf_core) for _printf_core
    printf5.o(i.__0snprintf$5) refers to printf5.o(i._snputc) for _snputc
    printf5.o(i.__0sprintf$5) refers to printf5.o(i._printf_core) for _printf_core
    printf5.o(i.__0sprintf$5) refers to printf5.o(i._sputc) for _sputc
    printf5.o(i.__0vfprintf$5) refers to printf5.o(i._printf_core) for _printf_core
    printf5.o(i.__0vfprintf$5) refers to uart.o(i.fputc) for fputc
    printf5.o(i.__0vprintf$5) refers to printf5.o(i._printf_core) for _printf_core
    printf5.o(i.__0vprintf$5) refers to uart.o(i.fputc) for fputc
    printf5.o(i.__0vprintf$5) refers to stdout.o(.data) for __stdout
    printf5.o(i.__0vsnprintf$5) refers to printf5.o(i._printf_core) for _printf_core
    printf5.o(i.__0vsnprintf$5) refers to printf5.o(i._snputc) for _snputc
    printf5.o(i.__0vsprintf$5) refers to printf5.o(i._printf_core) for _printf_core
    printf5.o(i.__0vsprintf$5) refers to printf5.o(i._sputc) for _sputc
    printf5.o(i._printf_core) refers to uldiv.o(.text) for __aeabi_uldivmod
    printf6.o(i.__0fprintf$6) refers to printf6.o(i._printf_core) for _printf_core
    printf6.o(i.__0fprintf$6) refers to uart.o(i.fputc) for fputc
    printf6.o(i.__0printf$6) refers to printf6.o(i._printf_core) for _printf_core
    printf6.o(i.__0printf$6) refers to uart.o(i.fputc) for fputc
    printf6.o(i.__0printf$6) refers to stdout.o(.data) for __stdout
    printf6.o(i.__0snprintf$6) refers to printf6.o(i._printf_core) for _printf_core
    printf6.o(i.__0snprintf$6) refers to printf6.o(i._snputc) for _snputc
    printf6.o(i.__0sprintf$6) refers to printf6.o(i._printf_core) for _printf_core
    printf6.o(i.__0sprintf$6) refers to printf6.o(i._sputc) for _sputc
    printf6.o(i.__0vfprintf$6) refers to printf6.o(i._printf_core) for _printf_core
    printf6.o(i.__0vfprintf$6) refers to uart.o(i.fputc) for fputc
    printf6.o(i.__0vprintf$6) refers to printf6.o(i._printf_core) for _printf_core
    printf6.o(i.__0vprintf$6) refers to uart.o(i.fputc) for fputc
    printf6.o(i.__0vprintf$6) refers to stdout.o(.data) for __stdout
    printf6.o(i.__0vsnprintf$6) refers to printf6.o(i._printf_core) for _printf_core
    printf6.o(i.__0vsnprintf$6) refers to printf6.o(i._snputc) for _snputc
    printf6.o(i.__0vsprintf$6) refers to printf6.o(i._printf_core) for _printf_core
    printf6.o(i.__0vsprintf$6) refers to printf6.o(i._sputc) for _sputc
    printf6.o(i._printf_core) refers to printf6.o(i._printf_pre_padding) for _printf_pre_padding
    printf6.o(i._printf_core) refers to uidiv.o(.text) for __aeabi_uidivmod
    printf6.o(i._printf_core) refers to printf6.o(i._printf_post_padding) for _printf_post_padding
    printf7.o(i.__0fprintf$7) refers to printf7.o(i._printf_core) for _printf_core
    printf7.o(i.__0fprintf$7) refers to uart.o(i.fputc) for fputc
    printf7.o(i.__0printf$7) refers to printf7.o(i._printf_core) for _printf_core
    printf7.o(i.__0printf$7) refers to uart.o(i.fputc) for fputc
    printf7.o(i.__0printf$7) refers to stdout.o(.data) for __stdout
    printf7.o(i.__0snprintf$7) refers to printf7.o(i._printf_core) for _printf_core
    printf7.o(i.__0snprintf$7) refers to printf7.o(i._snputc) for _snputc
    printf7.o(i.__0sprintf$7) refers to printf7.o(i._printf_core) for _printf_core
    printf7.o(i.__0sprintf$7) refers to printf7.o(i._sputc) for _sputc
    printf7.o(i.__0vfprintf$7) refers to printf7.o(i._printf_core) for _printf_core
    printf7.o(i.__0vfprintf$7) refers to uart.o(i.fputc) for fputc
    printf7.o(i.__0vprintf$7) refers to printf7.o(i._printf_core) for _printf_core
    printf7.o(i.__0vprintf$7) refers to uart.o(i.fputc) for fputc
    printf7.o(i.__0vprintf$7) refers to stdout.o(.data) for __stdout
    printf7.o(i.__0vsnprintf$7) refers to printf7.o(i._printf_core) for _printf_core
    printf7.o(i.__0vsnprintf$7) refers to printf7.o(i._snputc) for _snputc
    printf7.o(i.__0vsprintf$7) refers to printf7.o(i._printf_core) for _printf_core
    printf7.o(i.__0vsprintf$7) refers to printf7.o(i._sputc) for _sputc
    printf7.o(i._printf_core) refers to printf7.o(i._printf_pre_padding) for _printf_pre_padding
    printf7.o(i._printf_core) refers to uldiv.o(.text) for __aeabi_uldivmod
    printf7.o(i._printf_core) refers to printf7.o(i._printf_post_padding) for _printf_post_padding
    printf8.o(i.__0fprintf$8) refers to printf8.o(i._printf_core) for _printf_core
    printf8.o(i.__0fprintf$8) refers to uart.o(i.fputc) for fputc
    printf8.o(i.__0printf$8) refers to printf8.o(i._printf_core) for _printf_core
    printf8.o(i.__0printf$8) refers to uart.o(i.fputc) for fputc
    printf8.o(i.__0printf$8) refers to stdout.o(.data) for __stdout
    printf8.o(i.__0snprintf$8) refers to printf8.o(i._printf_core) for _printf_core
    printf8.o(i.__0snprintf$8) refers to printf8.o(i._snputc) for _snputc
    printf8.o(i.__0sprintf$8) refers to printf8.o(i._printf_core) for _printf_core
    printf8.o(i.__0sprintf$8) refers to printf8.o(i._sputc) for _sputc
    printf8.o(i.__0vfprintf$8) refers to printf8.o(i._printf_core) for _printf_core
    printf8.o(i.__0vfprintf$8) refers to uart.o(i.fputc) for fputc
    printf8.o(i.__0vprintf$8) refers to printf8.o(i._printf_core) for _printf_core
    printf8.o(i.__0vprintf$8) refers to uart.o(i.fputc) for fputc
    printf8.o(i.__0vprintf$8) refers to stdout.o(.data) for __stdout
    printf8.o(i.__0vsnprintf$8) refers to printf8.o(i._printf_core) for _printf_core
    printf8.o(i.__0vsnprintf$8) refers to printf8.o(i._snputc) for _snputc
    printf8.o(i.__0vsprintf$8) refers to printf8.o(i._printf_core) for _printf_core
    printf8.o(i.__0vsprintf$8) refers to printf8.o(i._sputc) for _sputc
    printf8.o(i._printf_core) refers to printf8.o(i._printf_pre_padding) for _printf_pre_padding
    printf8.o(i._printf_core) refers to uldiv.o(.text) for __aeabi_uldivmod
    printf8.o(i._printf_core) refers to printf8.o(i._printf_post_padding) for _printf_post_padding
    printfa.o(i.__0fprintf) refers (Special) to iusefp.o(.text) for __I$use$fp
    printfa.o(i.__0fprintf) refers to printfa.o(i._printf_core) for _printf_core
    printfa.o(i.__0fprintf) refers to uart.o(i.fputc) for fputc
    printfa.o(i.__0printf) refers (Special) to iusefp.o(.text) for __I$use$fp
    printfa.o(i.__0printf) refers to printfa.o(i._printf_core) for _printf_core
    printfa.o(i.__0printf) refers to uart.o(i.fputc) for fputc
    printfa.o(i.__0printf) refers to stdout.o(.data) for __stdout
    printfa.o(i.__0snprintf) refers (Special) to iusefp.o(.text) for __I$use$fp
    printfa.o(i.__0snprintf) refers to printfa.o(i._printf_core) for _printf_core
    printfa.o(i.__0snprintf) refers to printfa.o(i._snputc) for _snputc
    printfa.o(i.__0sprintf) refers (Special) to iusefp.o(.text) for __I$use$fp
    printfa.o(i.__0sprintf) refers to printfa.o(i._printf_core) for _printf_core
    printfa.o(i.__0sprintf) refers to printfa.o(i._sputc) for _sputc
    printfa.o(i.__0vfprintf) refers (Special) to iusefp.o(.text) for __I$use$fp
    printfa.o(i.__0vfprintf) refers to printfa.o(i._printf_core) for _printf_core
    printfa.o(i.__0vfprintf) refers to uart.o(i.fputc) for fputc
    printfa.o(i.__0vprintf) refers (Special) to iusefp.o(.text) for __I$use$fp
    printfa.o(i.__0vprintf) refers to printfa.o(i._printf_core) for _printf_core
    printfa.o(i.__0vprintf) refers to uart.o(i.fputc) for fputc
    printfa.o(i.__0vprintf) refers to stdout.o(.data) for __stdout
    printfa.o(i.__0vsnprintf) refers (Special) to iusefp.o(.text) for __I$use$fp
    printfa.o(i.__0vsnprintf) refers to printfa.o(i._printf_core) for _printf_core
    printfa.o(i.__0vsnprintf) refers to printfa.o(i._snputc) for _snputc
    printfa.o(i.__0vsprintf) refers (Special) to iusefp.o(.text) for __I$use$fp
    printfa.o(i.__0vsprintf) refers to printfa.o(i._printf_core) for _printf_core
    printfa.o(i.__0vsprintf) refers to printfa.o(i._sputc) for _sputc
    printfa.o(i._fp_digits) refers (Special) to iusefp.o(.text) for __I$use$fp
    printfa.o(i._fp_digits) refers to dmul.o(.text) for __aeabi_dmul
    printfa.o(i._fp_digits) refers to ddiv.o(.text) for __aeabi_ddiv
    printfa.o(i._fp_digits) refers to cdrcmple.o(.text) for __aeabi_cdrcmple
    printfa.o(i._fp_digits) refers to dadd.o(.text) for __aeabi_dadd
    printfa.o(i._fp_digits) refers to dfixul.o(.text) for __aeabi_d2ulz
    printfa.o(i._fp_digits) refers to uldiv.o(.text) for __aeabi_uldivmod
    printfa.o(i._printf_core) refers (Special) to iusefp.o(.text) for __I$use$fp
    printfa.o(i._printf_core) refers to printfa.o(i._printf_pre_padding) for _printf_pre_padding
    printfa.o(i._printf_core) refers to uldiv.o(.text) for __aeabi_uldivmod
    printfa.o(i._printf_core) refers to printfa.o(i._printf_post_padding) for _printf_post_padding
    printfa.o(i._printf_core) refers to printfa.o(i._fp_digits) for _fp_digits
    printfa.o(i._printf_core) refers to uidiv.o(.text) for __aeabi_uidivmod
    printfa.o(i._printf_post_padding) refers (Special) to iusefp.o(.text) for __I$use$fp
    printfa.o(i._printf_pre_padding) refers (Special) to iusefp.o(.text) for __I$use$fp
    printfa.o(i._snputc) refers (Special) to iusefp.o(.text) for __I$use$fp
    printfa.o(i._sputc) refers (Special) to iusefp.o(.text) for __I$use$fp
    entry2.o(.ARM.Collect$$$$00000001) refers to entry2.o(.ARM.Collect$$$$00002712) for __lit__00000000
    entry2.o(.ARM.Collect$$$$00002712) refers to startup_stm32f40_41xxx.o(STACK) for __initial_sp
    entry2.o(__vectab_stack_and_reset_area) refers to startup_stm32f40_41xxx.o(STACK) for __initial_sp
    entry2.o(__vectab_stack_and_reset_area) refers to entry.o(.ARM.Collect$$$$00000000) for __main
    entry5.o(.ARM.Collect$$$$00000004) refers to init.o(.text) for __scatterload
    entry9a.o(.ARM.Collect$$$$0000000B) refers to main.o(i.main) for main
    entry9b.o(.ARM.Collect$$$$0000000C) refers to main.o(i.main) for main
    uldiv.o(.text) refers to llushr.o(.text) for __aeabi_llsr
    uldiv.o(.text) refers to llshl.o(.text) for __aeabi_llsl
    dadd.o(.text) refers to llshl.o(.text) for __aeabi_llsl
    dadd.o(.text) refers to llsshr.o(.text) for __aeabi_lasr
    dadd.o(.text) refers to depilogue.o(.text) for _double_epilogue
    dmul.o(.text) refers to depilogue.o(.text) for _double_epilogue
    ddiv.o(.text) refers to depilogue.o(.text) for _double_round
    dfixul.o(.text) refers to llushr.o(.text) for __aeabi_llsr
    dfixul.o(.text) refers to llshl.o(.text) for __aeabi_llsl
    init.o(.text) refers to entry5.o(.ARM.Collect$$$$00000004) for __main_after_scatterload
    depilogue.o(.text) refers to llshl.o(.text) for __aeabi_llsl
    depilogue.o(.text) refers to llushr.o(.text) for __aeabi_llsr


==============================================================================

Removing Unused input sections from the image.

    Removing system_stm32f4xx.o(.rev16_text), (4 bytes).
    Removing system_stm32f4xx.o(.revsh_text), (4 bytes).
    Removing system_stm32f4xx.o(.rrx_text), (6 bytes).
    Removing system_stm32f4xx.o(i.SystemCoreClockUpdate), (192 bytes).
    Removing system_stm32f4xx.o(.data), (20 bytes).
    Removing startup_stm32f40_41xxx.o(HEAP), (512 bytes).
    Removing at24c02.o(.rev16_text), (4 bytes).
    Removing at24c02.o(.revsh_text), (4 bytes).
    Removing at24c02.o(.rrx_text), (6 bytes).
    Removing delay.o(.rev16_text), (4 bytes).
    Removing delay.o(.revsh_text), (4 bytes).
    Removing delay.o(.rrx_text), (6 bytes).
    Removing flash.o(.rev16_text), (4 bytes).
    Removing flash.o(.revsh_text), (4 bytes).
    Removing flash.o(.rrx_text), (6 bytes).
    Removing flash.o(i.SPI_FLASH_Write_Disable), (32 bytes).
    Removing flash.o(i.SPI_FLASH_Write_Enable), (32 bytes).
    Removing flash.o(i.SPI_FLASH_Write_SR), (40 bytes).
    Removing flash.o(i.SPI_Flash_Erase_Chip), (44 bytes).
    Removing flash.o(i.SPI_Flash_Erase_Sector), (72 bytes).
    Removing flash.o(i.SPI_Flash_PowerDown), (40 bytes).
    Removing flash.o(i.SPI_Flash_Read), (80 bytes).
    Removing flash.o(i.SPI_Flash_ReadSR), (44 bytes).
    Removing flash.o(i.SPI_Flash_WAKEUP), (40 bytes).
    Removing flash.o(i.SPI_Flash_Wait_Busy), (18 bytes).
    Removing flash.o(i.SPI_Flash_Write), (184 bytes).
    Removing flash.o(i.SPI_Flash_Write_NoCheck), (70 bytes).
    Removing flash.o(i.SPI_Flash_Write_Page), (84 bytes).
    Removing flash.o(.bss), (4096 bytes).
    Removing iic.o(.rev16_text), (4 bytes).
    Removing iic.o(.revsh_text), (4 bytes).
    Removing iic.o(.rrx_text), (6 bytes).
    Removing key.o(.rev16_text), (4 bytes).
    Removing key.o(.revsh_text), (4 bytes).
    Removing key.o(.rrx_text), (6 bytes).
    Removing key.o(i.key_delay), (16 bytes).
    Removing lcd.o(.rev16_text), (4 bytes).
    Removing lcd.o(.revsh_text), (4 bytes).
    Removing lcd.o(.rrx_text), (6 bytes).
    Removing led.o(.rev16_text), (4 bytes).
    Removing led.o(.revsh_text), (4 bytes).
    Removing led.o(.rrx_text), (6 bytes).
    Removing main.o(.rev16_text), (4 bytes).
    Removing main.o(.revsh_text), (4 bytes).
    Removing main.o(.rrx_text), (6 bytes).
    Removing main.o(.bss), (100 bytes).
    Removing main.o(.conststring), (24 bytes).
    Removing main.o(.data), (4 bytes).
    Removing spi.o(.rev16_text), (4 bytes).
    Removing spi.o(.revsh_text), (4 bytes).
    Removing spi.o(.rrx_text), (6 bytes).
    Removing uart.o(.rev16_text), (4 bytes).
    Removing uart.o(.revsh_text), (4 bytes).
    Removing uart.o(.rrx_text), (6 bytes).
    Removing uart.o(i.uart_send_string), (36 bytes).
    Removing font.o(.rev16_text), (4 bytes).
    Removing font.o(.revsh_text), (4 bytes).
    Removing font.o(.rrx_text), (6 bytes).
    Removing rtc.o(.rev16_text), (4 bytes).
    Removing rtc.o(.revsh_text), (4 bytes).
    Removing rtc.o(.rrx_text), (6 bytes).
    Removing rtc.o(i.Calcu_Week), (128 bytes).
    Removing rtc.o(i.RTC_Read_BKR), (20 bytes).
    Removing rtc.o(.constdata), (12 bytes).
    Removing touch.o(.rev16_text), (4 bytes).
    Removing touch.o(.revsh_text), (4 bytes).
    Removing touch.o(.rrx_text), (6 bytes).
    Removing touch.o(i.CNV_touch2lcd), (128 bytes).
    Removing exti.o(.rev16_text), (4 bytes).
    Removing exti.o(.revsh_text), (4 bytes).
    Removing exti.o(.rrx_text), (6 bytes).
    Removing exti.o(i.NVIC_EnableIRQ), (22 bytes).
    Removing exti.o(i.NVIC_EncodePriority), (64 bytes).
    Removing exti.o(i.NVIC_SetPriority), (40 bytes).
    Removing exti.o(i.exti2_init), (124 bytes).
    Removing exti.o(i.exti9_soft_init), (88 bytes).
    Removing exti.o(i.exti_init), (88 bytes).
    Removing adc.o(.rev16_text), (4 bytes).
    Removing adc.o(.revsh_text), (4 bytes).
    Removing adc.o(.rrx_text), (6 bytes).
    Removing dadd.o(.text), (334 bytes).
    Removing dmul.o(.text), (228 bytes).
    Removing ddiv.o(.text), (222 bytes).
    Removing dfixul.o(.text), (48 bytes).
    Removing cdrcmple.o(.text), (48 bytes).
    Removing depilogue.o(.text), (186 bytes).

86 unused section(s) (total 7784 bytes) removed from the image.

==============================================================================

Image Symbol Table

    Local Symbols

    Symbol Name                              Value     Ov Type        Size  Object(Section)

    ../clib/microlib/division.c              0x00000000   Number         0  uidiv.o ABSOLUTE
    ../clib/microlib/division.c              0x00000000   Number         0  uldiv.o ABSOLUTE
    ../clib/microlib/init/entry.s            0x00000000   Number         0  entry10a.o ABSOLUTE
    ../clib/microlib/init/entry.s            0x00000000   Number         0  entry9b.o ABSOLUTE
    ../clib/microlib/init/entry.s            0x00000000   Number         0  entry8a.o ABSOLUTE
    ../clib/microlib/init/entry.s            0x00000000   Number         0  entry11b.o ABSOLUTE
    ../clib/microlib/init/entry.s            0x00000000   Number         0  entry2.o ABSOLUTE
    ../clib/microlib/init/entry.s            0x00000000   Number         0  entry5.o ABSOLUTE
    ../clib/microlib/init/entry.s            0x00000000   Number         0  entry7b.o ABSOLUTE
    ../clib/microlib/init/entry.s            0x00000000   Number         0  entry9a.o ABSOLUTE
    ../clib/microlib/init/entry.s            0x00000000   Number         0  entry7a.o ABSOLUTE
    ../clib/microlib/init/entry.s            0x00000000   Number         0  entry.o ABSOLUTE
    ../clib/microlib/init/entry.s            0x00000000   Number         0  entry11a.o ABSOLUTE
    ../clib/microlib/init/entry.s            0x00000000   Number         0  entry8b.o ABSOLUTE
    ../clib/microlib/init/entry.s            0x00000000   Number         0  entry10b.o ABSOLUTE
    ../clib/microlib/longlong.c              0x00000000   Number         0  llushr.o ABSOLUTE
    ../clib/microlib/longlong.c              0x00000000   Number         0  llshl.o ABSOLUTE
    ../clib/microlib/longlong.c              0x00000000   Number         0  llsshr.o ABSOLUTE
    ../clib/microlib/printf/printf.c         0x00000000   Number         0  printf4.o ABSOLUTE
    ../clib/microlib/printf/printf.c         0x00000000   Number         0  printf5.o ABSOLUTE
    ../clib/microlib/printf/printf.c         0x00000000   Number         0  printf6.o ABSOLUTE
    ../clib/microlib/printf/printf.c         0x00000000   Number         0  printf7.o ABSOLUTE
    ../clib/microlib/printf/printf.c         0x00000000   Number         0  printfa.o ABSOLUTE
    ../clib/microlib/printf/printf.c         0x00000000   Number         0  printf8.o ABSOLUTE
    ../clib/microlib/printf/printf.c         0x00000000   Number         0  printf3.o ABSOLUTE
    ../clib/microlib/printf/printf.c         0x00000000   Number         0  printfb.o ABSOLUTE
    ../clib/microlib/printf/printf.c         0x00000000   Number         0  printf0.o ABSOLUTE
    ../clib/microlib/printf/printf.c         0x00000000   Number         0  printf1.o ABSOLUTE
    ../clib/microlib/printf/printf.c         0x00000000   Number         0  printf2.o ABSOLUTE
    ../clib/microlib/printf/stubs.s          0x00000000   Number         0  stubs.o ABSOLUTE
    ../clib/microlib/stdio/streams.c         0x00000000   Number         0  stdout.o ABSOLUTE
    ../clib/microlib/stubs.s                 0x00000000   Number         0  iusefp.o ABSOLUTE
    ../fplib/microlib/fpadd.c                0x00000000   Number         0  dadd.o ABSOLUTE
    ../fplib/microlib/fpdiv.c                0x00000000   Number         0  ddiv.o ABSOLUTE
    ../fplib/microlib/fpepilogue.c           0x00000000   Number         0  depilogue.o ABSOLUTE
    ../fplib/microlib/fpfix.c                0x00000000   Number         0  dfixul.o ABSOLUTE
    ../fplib/microlib/fpmul.c                0x00000000   Number         0  dmul.o ABSOLUTE
    CMSIS\\system_stm32f4xx.c                0x00000000   Number         0  system_stm32f4xx.o ABSOLUTE
    CMSIS\startup_stm32f40_41xxx.s           0x00000000   Number         0  startup_stm32f40_41xxx.o ABSOLUTE
    CMSIS\system_stm32f4xx.c                 0x00000000   Number         0  system_stm32f4xx.o ABSOLUTE
    cdrcmple.s                               0x00000000   Number         0  cdrcmple.o ABSOLUTE
    dc.s                                     0x00000000   Number         0  dc.o ABSOLUTE
    handlers.s                               0x00000000   Number         0  handlers.o ABSOLUTE
    init.s                                   0x00000000   Number         0  init.o ABSOLUTE
    user\\src\\adc.c                         0x00000000   Number         0  adc.o ABSOLUTE
    user\\src\\at24c02.c                     0x00000000   Number         0  at24c02.o ABSOLUTE
    user\\src\\delay.c                       0x00000000   Number         0  delay.o ABSOLUTE
    user\\src\\exti.c                        0x00000000   Number         0  exti.o ABSOLUTE
    user\\src\\flash.c                       0x00000000   Number         0  flash.o ABSOLUTE
    user\\src\\font.c                        0x00000000   Number         0  font.o ABSOLUTE
    user\\src\\iic.c                         0x00000000   Number         0  iic.o ABSOLUTE
    user\\src\\key.c                         0x00000000   Number         0  key.o ABSOLUTE
    user\\src\\lcd.c                         0x00000000   Number         0  lcd.o ABSOLUTE
    user\\src\\led.c                         0x00000000   Number         0  led.o ABSOLUTE
    user\\src\\main.c                        0x00000000   Number         0  main.o ABSOLUTE
    user\\src\\rtc.c                         0x00000000   Number         0  rtc.o ABSOLUTE
    user\\src\\spi.c                         0x00000000   Number         0  spi.o ABSOLUTE
    user\\src\\touch.c                       0x00000000   Number         0  touch.o ABSOLUTE
    user\\src\\uart.c                        0x00000000   Number         0  uart.o ABSOLUTE
    user\src\adc.c                           0x00000000   Number         0  adc.o ABSOLUTE
    user\src\at24c02.c                       0x00000000   Number         0  at24c02.o ABSOLUTE
    user\src\delay.c                         0x00000000   Number         0  delay.o ABSOLUTE
    user\src\exti.c                          0x00000000   Number         0  exti.o ABSOLUTE
    user\src\flash.c                         0x00000000   Number         0  flash.o ABSOLUTE
    user\src\font.c                          0x00000000   Number         0  font.o ABSOLUTE
    user\src\iic.c                           0x00000000   Number         0  iic.o ABSOLUTE
    user\src\key.c                           0x00000000   Number         0  key.o ABSOLUTE
    user\src\lcd.c                           0x00000000   Number         0  lcd.o ABSOLUTE
    user\src\led.c                           0x00000000   Number         0  led.o ABSOLUTE
    user\src\main.c                          0x00000000   Number         0  main.o ABSOLUTE
    user\src\pic.c                           0x00000000   Number         0  pic.o ABSOLUTE
    user\src\rtc.c                           0x00000000   Number         0  rtc.o ABSOLUTE
    user\src\spi.c                           0x00000000   Number         0  spi.o ABSOLUTE
    user\src\touch.c                         0x00000000   Number         0  touch.o ABSOLUTE
    user\src\uart.c                          0x00000000   Number         0  uart.o ABSOLUTE
    RESET                                    0x08000000   Section      392  startup_stm32f40_41xxx.o(RESET)
    .ARM.Collect$$$$00000000                 0x08000188   Section        0  entry.o(.ARM.Collect$$$$00000000)
    .ARM.Collect$$$$00000001                 0x08000188   Section        4  entry2.o(.ARM.Collect$$$$00000001)
    .ARM.Collect$$$$00000004                 0x0800018c   Section        4  entry5.o(.ARM.Collect$$$$00000004)
    .ARM.Collect$$$$00000008                 0x08000190   Section        0  entry7b.o(.ARM.Collect$$$$00000008)
    .ARM.Collect$$$$0000000A                 0x08000190   Section        0  entry8b.o(.ARM.Collect$$$$0000000A)
    .ARM.Collect$$$$0000000B                 0x08000190   Section        8  entry9a.o(.ARM.Collect$$$$0000000B)
    .ARM.Collect$$$$0000000D                 0x08000198   Section        0  entry10a.o(.ARM.Collect$$$$0000000D)
    .ARM.Collect$$$$0000000F                 0x08000198   Section        0  entry11a.o(.ARM.Collect$$$$0000000F)
    .ARM.Collect$$$$00002712                 0x08000198   Section        4  entry2.o(.ARM.Collect$$$$00002712)
    __lit__00000000                          0x08000198   Data           4  entry2.o(.ARM.Collect$$$$00002712)
    .text                                    0x0800019c   Section       36  startup_stm32f40_41xxx.o(.text)
    $v0                                      0x0800019c   Number         0  startup_stm32f40_41xxx.o(.text)
    .text                                    0x080001c0   Section        0  uidiv.o(.text)
    .text                                    0x080001ec   Section       36  init.o(.text)
    i.Draw_Circle                            0x08000210   Section        0  lcd.o(i.Draw_Circle)
    i.Draw_SolidCircle                       0x080002a8   Section        0  lcd.o(i.Draw_SolidCircle)
    i.EXTI0_IRQHandler                       0x080002c8   Section        0  exti.o(i.EXTI0_IRQHandler)
    i.EXTI2_IRQHandler                       0x080002f0   Section        0  exti.o(i.EXTI2_IRQHandler)
    i.EXTI9_5_IRQHandler                     0x08000318   Section        0  exti.o(i.EXTI9_5_IRQHandler)
    i.LCD_DrawCross                          0x08000348   Section        0  touch.o(i.LCD_DrawCross)
    i.LCD_DrawLine                           0x08000394   Section        0  lcd.o(i.LCD_DrawLine)
    i.LCD_DrawPoint                          0x08000444   Section        0  lcd.o(i.LCD_DrawPoint)
    i.LCD_DrawRectangle                      0x08000484   Section        0  lcd.o(i.LCD_DrawRectangle)
    i.LCD_DrawSolidRectangle                 0x080004c0   Section        0  lcd.o(i.LCD_DrawSolidRectangle)
    i.LCD_ILI9341_CMD                        0x08000584   Section        0  lcd.o(i.LCD_ILI9341_CMD)
    i.LCD_ILI9341_Parameter                  0x08000684   Section        0  lcd.o(i.LCD_ILI9341_Parameter)
    i.LCD_ShowPic                            0x08000780   Section        0  lcd.o(i.LCD_ShowPic)
    i.LCD_ShowString                         0x0800085c   Section        0  lcd.o(i.LCD_ShowString)
    i.LCD_Show_CH                            0x08000888   Section        0  lcd.o(i.LCD_Show_CH)
    i.NVIC_EnableIRQ                         0x08000994   Section        0  rtc.o(i.NVIC_EnableIRQ)
    NVIC_EnableIRQ                           0x08000995   Thumb Code    22  rtc.o(i.NVIC_EnableIRQ)
    i.NVIC_EncodePriority                    0x080009aa   Section        0  rtc.o(i.NVIC_EncodePriority)
    NVIC_EncodePriority                      0x080009ab   Thumb Code    64  rtc.o(i.NVIC_EncodePriority)
    i.NVIC_SetPriority                       0x080009ec   Section        0  rtc.o(i.NVIC_SetPriority)
    NVIC_SetPriority                         0x080009ed   Thumb Code    32  rtc.o(i.NVIC_SetPriority)
    i.RTC_Alarm_IRQHandler                   0x08000a14   Section        0  rtc.o(i.RTC_Alarm_IRQHandler)
    i.RTC_BCD2DEC                            0x08000a60   Section        0  rtc.o(i.RTC_BCD2DEC)
    i.RTC_DEC2BCD                            0x08000a76   Section        0  rtc.o(i.RTC_DEC2BCD)
    i.RTC_Get_Date                           0x08000a94   Section        0  rtc.o(i.RTC_Get_Date)
    i.RTC_Get_Time                           0x08000ad4   Section        0  rtc.o(i.RTC_Get_Time)
    i.RTC_Init                               0x08000b14   Section        0  rtc.o(i.RTC_Init)
    i.RTC_Init_Mode                          0x08000c08   Section        0  rtc.o(i.RTC_Init_Mode)
    i.RTC_Set_AlarmA                         0x08000c48   Section        0  rtc.o(i.RTC_Set_AlarmA)
    i.RTC_Set_Date                           0x08000d78   Section        0  rtc.o(i.RTC_Set_Date)
    i.RTC_Set_Time                           0x08000ddc   Section        0  rtc.o(i.RTC_Set_Time)
    i.RTC_Set_WakeUp                         0x08000e40   Section        0  rtc.o(i.RTC_Set_WakeUp)
    i.RTC_WKUP_IRQHandler                    0x08000f0c   Section        0  rtc.o(i.RTC_WKUP_IRQHandler)
    i.RTC_Wait_Synchro                       0x08000f4c   Section        0  rtc.o(i.RTC_Wait_Synchro)
    i.RTC_Write_BKR                          0x08000f94   Section        0  rtc.o(i.RTC_Write_BKR)
    i.SPI1_ReadWriteByte                     0x08000fa4   Section        0  spi.o(i.SPI1_ReadWriteByte)
    i.SPI_Flash_Init                         0x08000fd4   Section        0  flash.o(i.SPI_Flash_Init)
    i.SPI_Flash_ReadID                       0x08001028   Section        0  flash.o(i.SPI_Flash_ReadID)
    i.SetSysClock                            0x08001070   Section        0  system_stm32f4xx.o(i.SetSysClock)
    SetSysClock                              0x08001071   Thumb Code   220  system_stm32f4xx.o(i.SetSysClock)
    i.SystemInit                             0x0800115c   Section        0  system_stm32f4xx.o(i.SystemInit)
    i.USART1_IRQHandler                      0x080011c4   Section        0  uart.o(i.USART1_IRQHandler)
    i.__0printf$6                            0x08001208   Section        0  printf6.o(i.__0printf$6)
    i.__0sprintf$6                           0x08001228   Section        0  printf6.o(i.__0sprintf$6)
    i.__scatterload_copy                     0x08001250   Section       14  handlers.o(i.__scatterload_copy)
    i.__scatterload_null                     0x0800125e   Section        2  handlers.o(i.__scatterload_null)
    i.__scatterload_zeroinit                 0x08001260   Section       14  handlers.o(i.__scatterload_zeroinit)
    i._printf_core                           0x08001270   Section        0  printf6.o(i._printf_core)
    _printf_core                             0x08001271   Thumb Code   748  printf6.o(i._printf_core)
    i._printf_post_padding                   0x08001560   Section        0  printf6.o(i._printf_post_padding)
    _printf_post_padding                     0x08001561   Thumb Code    36  printf6.o(i._printf_post_padding)
    i._printf_pre_padding                    0x08001584   Section        0  printf6.o(i._printf_pre_padding)
    _printf_pre_padding                      0x08001585   Thumb Code    46  printf6.o(i._printf_pre_padding)
    i._sputc                                 0x080015b2   Section        0  printf6.o(i._sputc)
    _sputc                                   0x080015b3   Thumb Code    10  printf6.o(i._sputc)
    i.adc1_init                              0x080015bc   Section        0  adc.o(i.adc1_init)
    i.at24c02_init                           0x08001680   Section        0  at24c02.o(i.at24c02_init)
    i.at24c02_read_byte                      0x08001688   Section        0  at24c02.o(i.at24c02_read_byte)
    i.at24c02_read_bytes                     0x080016e6   Section        0  at24c02.o(i.at24c02_read_bytes)
    i.at24c02_write_byte                     0x08001760   Section        0  at24c02.o(i.at24c02_write_byte)
    i.at24c02_write_bytes                    0x080017b4   Section        0  at24c02.o(i.at24c02_write_bytes)
    i.delay_ms                               0x08001850   Section        0  delay.o(i.delay_ms)
    i.delay_us                               0x08001892   Section        0  delay.o(i.delay_us)
    i.fputc                                  0x080018d0   Section        0  uart.o(i.fputc)
    i.get_adc                                0x080018e8   Section        0  adc.o(i.get_adc)
    i.get_touch_ad                           0x08001928   Section        0  touch.o(i.get_touch_ad)
    i.get_touch_ad_filled                    0x080019f4   Section        0  touch.o(i.get_touch_ad_filled)
    i.iic_delay                              0x08001ade   Section        0  iic.o(i.iic_delay)
    iic_delay                                0x08001adf   Thumb Code    14  iic.o(i.iic_delay)
    i.iic_get_ack                            0x08001aec   Section        0  iic.o(i.iic_get_ack)
    i.iic_init                               0x08001b30   Section        0  iic.o(i.iic_init)
    i.iic_put_ack                            0x08001b94   Section        0  iic.o(i.iic_put_ack)
    i.iic_read_byte                          0x08001bd4   Section        0  iic.o(i.iic_read_byte)
    i.iic_start                              0x08001c2c   Section        0  iic.o(i.iic_start)
    i.iic_stop                               0x08001c60   Section        0  iic.o(i.iic_stop)
    i.iic_write_byte                         0x08001c94   Section        0  iic.o(i.iic_write_byte)
    i.key_init                               0x08001ce4   Section        0  key.o(i.key_init)
    i.key_scanf                              0x08001d38   Section        0  key.o(i.key_scanf)
    i.lcd_clear                              0x08001e5c   Section        0  lcd.o(i.lcd_clear)
    i.lcd_init                               0x08001eb8   Section        0  lcd.o(i.lcd_init)
    i.lcd_port_init                          0x080020d0   Section        0  lcd.o(i.lcd_port_init)
    i.lcd_send_show_data                     0x080021c8   Section        0  lcd.o(i.lcd_send_show_data)
    i.led_init                               0x08002384   Section        0  led.o(i.led_init)
    i.main                                   0x0800243c   Section        0  main.o(i.main)
    i.show_ascii                             0x08002d80   Section        0  lcd.o(i.show_ascii)
    i.spi_init                               0x08002e1c   Section        0  spi.o(i.spi_init)
    i.touch_adj                              0x08002ef8   Section        0  touch.o(i.touch_adj)
    i.touch_init                             0x0800323c   Section        0  touch.o(i.touch_init)
    i.touch_scanf                            0x08003364   Section        0  touch.o(i.touch_scanf)
    i.uart1_init                             0x08003428   Section        0  uart.o(i.uart1_init)
    .constdata                               0x08003598   Section     1616  font.o(.constdata)
    .constdata                               0x08003be8   Section    307216  pic.o(.constdata)
    .data                                    0x20000000   Section        2  flash.o(.data)
    .data                                    0x20000002   Section        6  key.o(.data)
    key_sta                                  0x20000003   Data           1  key.o(.data)
    key_time                                 0x20000004   Data           1  key.o(.data)
    key1                                     0x20000005   Data           1  key.o(.data)
    key2                                     0x20000006   Data           1  key.o(.data)
    key3                                     0x20000007   Data           1  key.o(.data)
    .data                                    0x20000008   Section        4  lcd.o(.data)
    .data                                    0x2000000c   Section        9  uart.o(.data)
    .data                                    0x20000015   Section        8  rtc.o(.data)
    .data                                    0x2000001d   Section        1  touch.o(.data)
    touch_sta                                0x2000001d   Data           1  touch.o(.data)
    .data                                    0x20000020   Section        4  stdout.o(.data)
    .bss                                     0x20000024   Section      100  uart.o(.bss)
    .bss                                     0x20000088   Section       16  touch.o(.bss)
    STACK                                    0x20000098   Section     1024  startup_stm32f40_41xxx.o(STACK)

    Global Symbols

    Symbol Name                              Value     Ov Type        Size  Object(Section)

    BuildAttributes$$THM_ISAv4$E$P$D$K$B$S$7EM$VFPi3$EXTD16$VFPS$VFMA$PE$A:L22UL41UL21$X:L11$S22US41US21$IEEE1$IW$USESV6$~STKCKD$USESV7$~SHL$OSPACE$ROPI$EBA8$MICROLIB$REQ8$PRES8$EABIv2 0x00000000   Number         0  anon$$obj.o ABSOLUTE
    __ARM_use_no_argv                        0x00000000   Number         0  main.o ABSOLUTE
    _printf_a                                0x00000000   Number         0  stubs.o ABSOLUTE
    _printf_c                                0x00000000   Number         0  stubs.o ABSOLUTE
    _printf_charcount                        0x00000000   Number         0  stubs.o ABSOLUTE
    _printf_d                                0x00000000   Number         0  stubs.o ABSOLUTE
    _printf_e                                0x00000000   Number         0  stubs.o ABSOLUTE
    _printf_f                                0x00000000   Number         0  stubs.o ABSOLUTE
    _printf_flags                            0x00000000   Number         0  stubs.o ABSOLUTE
    _printf_fp_dec                           0x00000000   Number         0  stubs.o ABSOLUTE
    _printf_fp_hex                           0x00000000   Number         0  stubs.o ABSOLUTE
    _printf_g                                0x00000000   Number         0  stubs.o ABSOLUTE
    _printf_i                                0x00000000   Number         0  stubs.o ABSOLUTE
    _printf_int_dec                          0x00000000   Number         0  stubs.o ABSOLUTE
    _printf_l                                0x00000000   Number         0  stubs.o ABSOLUTE
    _printf_lc                               0x00000000   Number         0  stubs.o ABSOLUTE
    _printf_ll                               0x00000000   Number         0  stubs.o ABSOLUTE
    _printf_lld                              0x00000000   Number         0  stubs.o ABSOLUTE
    _printf_lli                              0x00000000   Number         0  stubs.o ABSOLUTE
    _printf_llo                              0x00000000   Number         0  stubs.o ABSOLUTE
    _printf_llu                              0x00000000   Number         0  stubs.o ABSOLUTE
    _printf_llx                              0x00000000   Number         0  stubs.o ABSOLUTE
    _printf_longlong_dec                     0x00000000   Number         0  stubs.o ABSOLUTE
    _printf_longlong_hex                     0x00000000   Number         0  stubs.o ABSOLUTE
    _printf_longlong_oct                     0x00000000   Number         0  stubs.o ABSOLUTE
    _printf_ls                               0x00000000   Number         0  stubs.o ABSOLUTE
    _printf_mbtowc                           0x00000000   Number         0  stubs.o ABSOLUTE
    _printf_n                                0x00000000   Number         0  stubs.o ABSOLUTE
    _printf_o                                0x00000000   Number         0  stubs.o ABSOLUTE
    _printf_p                                0x00000000   Number         0  stubs.o ABSOLUTE
    _printf_percent                          0x00000000   Number         0  stubs.o ABSOLUTE
    _printf_pre_padding                      0x00000000   Number         0  stubs.o ABSOLUTE
    _printf_return_value                     0x00000000   Number         0  stubs.o ABSOLUTE
    _printf_s                                0x00000000   Number         0  stubs.o ABSOLUTE
    _printf_sizespec                         0x00000000   Number         0  stubs.o ABSOLUTE
    _printf_str                              0x00000000   Number         0  stubs.o ABSOLUTE
    _printf_truncate_signed                  0x00000000   Number         0  stubs.o ABSOLUTE
    _printf_truncate_unsigned                0x00000000   Number         0  stubs.o ABSOLUTE
    _printf_u                                0x00000000   Number         0  stubs.o ABSOLUTE
    _printf_wc                               0x00000000   Number         0  stubs.o ABSOLUTE
    _printf_wctomb                           0x00000000   Number         0  stubs.o ABSOLUTE
    _printf_widthprec                        0x00000000   Number         0  stubs.o ABSOLUTE
    _printf_x                                0x00000000   Number         0  stubs.o ABSOLUTE
    __cpp_initialize__aeabi_                  - Undefined Weak Reference
    __cxa_finalize                            - Undefined Weak Reference
    __decompress                              - Undefined Weak Reference
    _clock_init                               - Undefined Weak Reference
    _microlib_exit                            - Undefined Weak Reference
    __Vectors_Size                           0x00000188   Number         0  startup_stm32f40_41xxx.o ABSOLUTE
    __Vectors                                0x08000000   Data           4  startup_stm32f40_41xxx.o(RESET)
    __Vectors_End                            0x08000188   Data           0  startup_stm32f40_41xxx.o(RESET)
    __main                                   0x08000189   Thumb Code     0  entry.o(.ARM.Collect$$$$00000000)
    _main_stk                                0x08000189   Thumb Code     0  entry2.o(.ARM.Collect$$$$00000001)
    _main_scatterload                        0x0800018d   Thumb Code     0  entry5.o(.ARM.Collect$$$$00000004)
    __main_after_scatterload                 0x08000191   Thumb Code     0  entry5.o(.ARM.Collect$$$$00000004)
    _main_clock                              0x08000191   Thumb Code     0  entry7b.o(.ARM.Collect$$$$00000008)
    _main_cpp_init                           0x08000191   Thumb Code     0  entry8b.o(.ARM.Collect$$$$0000000A)
    _main_init                               0x08000191   Thumb Code     0  entry9a.o(.ARM.Collect$$$$0000000B)
    __rt_final_cpp                           0x08000199   Thumb Code     0  entry10a.o(.ARM.Collect$$$$0000000D)
    __rt_final_exit                          0x08000199   Thumb Code     0  entry11a.o(.ARM.Collect$$$$0000000F)
    Reset_Handler                            0x0800019d   Thumb Code     8  startup_stm32f40_41xxx.o(.text)
    NMI_Handler                              0x080001a5   Thumb Code     2  startup_stm32f40_41xxx.o(.text)
    HardFault_Handler                        0x080001a7   Thumb Code     2  startup_stm32f40_41xxx.o(.text)
    MemManage_Handler                        0x080001a9   Thumb Code     2  startup_stm32f40_41xxx.o(.text)
    BusFault_Handler                         0x080001ab   Thumb Code     2  startup_stm32f40_41xxx.o(.text)
    UsageFault_Handler                       0x080001ad   Thumb Code     2  startup_stm32f40_41xxx.o(.text)
    SVC_Handler                              0x080001af   Thumb Code     2  startup_stm32f40_41xxx.o(.text)
    DebugMon_Handler                         0x080001b1   Thumb Code     2  startup_stm32f40_41xxx.o(.text)
    PendSV_Handler                           0x080001b3   Thumb Code     2  startup_stm32f40_41xxx.o(.text)
    SysTick_Handler                          0x080001b5   Thumb Code     2  startup_stm32f40_41xxx.o(.text)
    ADC_IRQHandler                           0x080001b7   Thumb Code     0  startup_stm32f40_41xxx.o(.text)
    CAN1_RX0_IRQHandler                      0x080001b7   Thumb Code     0  startup_stm32f40_41xxx.o(.text)
    CAN1_RX1_IRQHandler                      0x080001b7   Thumb Code     0  startup_stm32f40_41xxx.o(.text)
    CAN1_SCE_IRQHandler                      0x080001b7   Thumb Code     0  startup_stm32f40_41xxx.o(.text)
    CAN1_TX_IRQHandler                       0x080001b7   Thumb Code     0  startup_stm32f40_41xxx.o(.text)
    CAN2_RX0_IRQHandler                      0x080001b7   Thumb Code     0  startup_stm32f40_41xxx.o(.text)
    CAN2_RX1_IRQHandler                      0x080001b7   Thumb Code     0  startup_stm32f40_41xxx.o(.text)
    CAN2_SCE_IRQHandler                      0x080001b7   Thumb Code     0  startup_stm32f40_41xxx.o(.text)
    CAN2_TX_IRQHandler                       0x080001b7   Thumb Code     0  startup_stm32f40_41xxx.o(.text)
    CRYP_IRQHandler                          0x080001b7   Thumb Code     0  startup_stm32f40_41xxx.o(.text)
    DCMI_IRQHandler                          0x080001b7   Thumb Code     0  startup_stm32f40_41xxx.o(.text)
    DMA1_Stream0_IRQHandler                  0x080001b7   Thumb Code     0  startup_stm32f40_41xxx.o(.text)
    DMA1_Stream1_IRQHandler                  0x080001b7   Thumb Code     0  startup_stm32f40_41xxx.o(.text)
    DMA1_Stream2_IRQHandler                  0x080001b7   Thumb Code     0  startup_stm32f40_41xxx.o(.text)
    DMA1_Stream3_IRQHandler                  0x080001b7   Thumb Code     0  startup_stm32f40_41xxx.o(.text)
    DMA1_Stream4_IRQHandler                  0x080001b7   Thumb Code     0  startup_stm32f40_41xxx.o(.text)
    DMA1_Stream5_IRQHandler                  0x080001b7   Thumb Code     0  startup_stm32f40_41xxx.o(.text)
    DMA1_Stream6_IRQHandler                  0x080001b7   Thumb Code     0  startup_stm32f40_41xxx.o(.text)
    DMA1_Stream7_IRQHandler                  0x080001b7   Thumb Code     0  startup_stm32f40_41xxx.o(.text)
    DMA2_Stream0_IRQHandler                  0x080001b7   Thumb Code     0  startup_stm32f40_41xxx.o(.text)
    DMA2_Stream1_IRQHandler                  0x080001b7   Thumb Code     0  startup_stm32f40_41xxx.o(.text)
    DMA2_Stream2_IRQHandler                  0x080001b7   Thumb Code     0  startup_stm32f40_41xxx.o(.text)
    DMA2_Stream3_IRQHandler                  0x080001b7   Thumb Code     0  startup_stm32f40_41xxx.o(.text)
    DMA2_Stream4_IRQHandler                  0x080001b7   Thumb Code     0  startup_stm32f40_41xxx.o(.text)
    DMA2_Stream5_IRQHandler                  0x080001b7   Thumb Code     0  startup_stm32f40_41xxx.o(.text)
    DMA2_Stream6_IRQHandler                  0x080001b7   Thumb Code     0  startup_stm32f40_41xxx.o(.text)
    DMA2_Stream7_IRQHandler                  0x080001b7   Thumb Code     0  startup_stm32f40_41xxx.o(.text)
    ETH_IRQHandler                           0x080001b7   Thumb Code     0  startup_stm32f40_41xxx.o(.text)
    ETH_WKUP_IRQHandler                      0x080001b7   Thumb Code     0  startup_stm32f40_41xxx.o(.text)
    EXTI15_10_IRQHandler                     0x080001b7   Thumb Code     0  startup_stm32f40_41xxx.o(.text)
    EXTI1_IRQHandler                         0x080001b7   Thumb Code     0  startup_stm32f40_41xxx.o(.text)
    EXTI3_IRQHandler                         0x080001b7   Thumb Code     0  startup_stm32f40_41xxx.o(.text)
    EXTI4_IRQHandler                         0x080001b7   Thumb Code     0  startup_stm32f40_41xxx.o(.text)
    FLASH_IRQHandler                         0x080001b7   Thumb Code     0  startup_stm32f40_41xxx.o(.text)
    FPU_IRQHandler                           0x080001b7   Thumb Code     0  startup_stm32f40_41xxx.o(.text)
    FSMC_IRQHandler                          0x080001b7   Thumb Code     0  startup_stm32f40_41xxx.o(.text)
    HASH_RNG_IRQHandler                      0x080001b7   Thumb Code     0  startup_stm32f40_41xxx.o(.text)
    I2C1_ER_IRQHandler                       0x080001b7   Thumb Code     0  startup_stm32f40_41xxx.o(.text)
    I2C1_EV_IRQHandler                       0x080001b7   Thumb Code     0  startup_stm32f40_41xxx.o(.text)
    I2C2_ER_IRQHandler                       0x080001b7   Thumb Code     0  startup_stm32f40_41xxx.o(.text)
    I2C2_EV_IRQHandler                       0x080001b7   Thumb Code     0  startup_stm32f40_41xxx.o(.text)
    I2C3_ER_IRQHandler                       0x080001b7   Thumb Code     0  startup_stm32f40_41xxx.o(.text)
    I2C3_EV_IRQHandler                       0x080001b7   Thumb Code     0  startup_stm32f40_41xxx.o(.text)
    OTG_FS_IRQHandler                        0x080001b7   Thumb Code     0  startup_stm32f40_41xxx.o(.text)
    OTG_FS_WKUP_IRQHandler                   0x080001b7   Thumb Code     0  startup_stm32f40_41xxx.o(.text)
    OTG_HS_EP1_IN_IRQHandler                 0x080001b7   Thumb Code     0  startup_stm32f40_41xxx.o(.text)
    OTG_HS_EP1_OUT_IRQHandler                0x080001b7   Thumb Code     0  startup_stm32f40_41xxx.o(.text)
    OTG_HS_IRQHandler                        0x080001b7   Thumb Code     0  startup_stm32f40_41xxx.o(.text)
    OTG_HS_WKUP_IRQHandler                   0x080001b7   Thumb Code     0  startup_stm32f40_41xxx.o(.text)
    PVD_IRQHandler                           0x080001b7   Thumb Code     0  startup_stm32f40_41xxx.o(.text)
    RCC_IRQHandler                           0x080001b7   Thumb Code     0  startup_stm32f40_41xxx.o(.text)
    SDIO_IRQHandler                          0x080001b7   Thumb Code     0  startup_stm32f40_41xxx.o(.text)
    SPI1_IRQHandler                          0x080001b7   Thumb Code     0  startup_stm32f40_41xxx.o(.text)
    SPI2_IRQHandler                          0x080001b7   Thumb Code     0  startup_stm32f40_41xxx.o(.text)
    SPI3_IRQHandler                          0x080001b7   Thumb Code     0  startup_stm32f40_41xxx.o(.text)
    TAMP_STAMP_IRQHandler                    0x080001b7   Thumb Code     0  startup_stm32f40_41xxx.o(.text)
    TIM1_BRK_TIM9_IRQHandler                 0x080001b7   Thumb Code     0  startup_stm32f40_41xxx.o(.text)
    TIM1_CC_IRQHandler                       0x080001b7   Thumb Code     0  startup_stm32f40_41xxx.o(.text)
    TIM1_TRG_COM_TIM11_IRQHandler            0x080001b7   Thumb Code     0  startup_stm32f40_41xxx.o(.text)
    TIM1_UP_TIM10_IRQHandler                 0x080001b7   Thumb Code     0  startup_stm32f40_41xxx.o(.text)
    TIM2_IRQHandler                          0x080001b7   Thumb Code     0  startup_stm32f40_41xxx.o(.text)
    TIM3_IRQHandler                          0x080001b7   Thumb Code     0  startup_stm32f40_41xxx.o(.text)
    TIM4_IRQHandler                          0x080001b7   Thumb Code     0  startup_stm32f40_41xxx.o(.text)
    TIM5_IRQHandler                          0x080001b7   Thumb Code     0  startup_stm32f40_41xxx.o(.text)
    TIM6_DAC_IRQHandler                      0x080001b7   Thumb Code     0  startup_stm32f40_41xxx.o(.text)
    TIM7_IRQHandler                          0x080001b7   Thumb Code     0  startup_stm32f40_41xxx.o(.text)
    TIM8_BRK_TIM12_IRQHandler                0x080001b7   Thumb Code     0  startup_stm32f40_41xxx.o(.text)
    TIM8_CC_IRQHandler                       0x080001b7   Thumb Code     0  startup_stm32f40_41xxx.o(.text)
    TIM8_TRG_COM_TIM14_IRQHandler            0x080001b7   Thumb Code     0  startup_stm32f40_41xxx.o(.text)
    TIM8_UP_TIM13_IRQHandler                 0x080001b7   Thumb Code     0  startup_stm32f40_41xxx.o(.text)
    UART4_IRQHandler                         0x080001b7   Thumb Code     0  startup_stm32f40_41xxx.o(.text)
    UART5_IRQHandler                         0x080001b7   Thumb Code     0  startup_stm32f40_41xxx.o(.text)
    USART2_IRQHandler                        0x080001b7   Thumb Code     0  startup_stm32f40_41xxx.o(.text)
    USART3_IRQHandler                        0x080001b7   Thumb Code     0  startup_stm32f40_41xxx.o(.text)
    USART6_IRQHandler                        0x080001b7   Thumb Code     0  startup_stm32f40_41xxx.o(.text)
    WWDG_IRQHandler                          0x080001b7   Thumb Code     0  startup_stm32f40_41xxx.o(.text)
    __aeabi_uidiv                            0x080001c1   Thumb Code     0  uidiv.o(.text)
    __aeabi_uidivmod                         0x080001c1   Thumb Code    44  uidiv.o(.text)
    __scatterload                            0x080001ed   Thumb Code    28  init.o(.text)
    __scatterload_rt2                        0x080001ed   Thumb Code     0  init.o(.text)
    Draw_Circle                              0x08000211   Thumb Code   152  lcd.o(i.Draw_Circle)
    Draw_SolidCircle                         0x080002a9   Thumb Code    32  lcd.o(i.Draw_SolidCircle)
    EXTI0_IRQHandler                         0x080002c9   Thumb Code    30  exti.o(i.EXTI0_IRQHandler)
    EXTI2_IRQHandler                         0x080002f1   Thumb Code    30  exti.o(i.EXTI2_IRQHandler)
    EXTI9_5_IRQHandler                       0x08000319   Thumb Code    40  exti.o(i.EXTI9_5_IRQHandler)
    LCD_DrawCross                            0x08000349   Thumb Code    76  touch.o(i.LCD_DrawCross)
    LCD_DrawLine                             0x08000395   Thumb Code   176  lcd.o(i.LCD_DrawLine)
    LCD_DrawPoint                            0x08000445   Thumb Code    58  lcd.o(i.LCD_DrawPoint)
    LCD_DrawRectangle                        0x08000485   Thumb Code    60  lcd.o(i.LCD_DrawRectangle)
    LCD_DrawSolidRectangle                   0x080004c1   Thumb Code   194  lcd.o(i.LCD_DrawSolidRectangle)
    LCD_ILI9341_CMD                          0x08000585   Thumb Code   230  lcd.o(i.LCD_ILI9341_CMD)
    LCD_ILI9341_Parameter                    0x08000685   Thumb Code   228  lcd.o(i.LCD_ILI9341_Parameter)
    LCD_ShowPic                              0x08000781   Thumb Code   220  lcd.o(i.LCD_ShowPic)
    LCD_ShowString                           0x0800085d   Thumb Code    42  lcd.o(i.LCD_ShowString)
    LCD_Show_CH                              0x08000889   Thumb Code   256  lcd.o(i.LCD_Show_CH)
    RTC_Alarm_IRQHandler                     0x08000a15   Thumb Code    50  rtc.o(i.RTC_Alarm_IRQHandler)
    RTC_BCD2DEC                              0x08000a61   Thumb Code    22  rtc.o(i.RTC_BCD2DEC)
    RTC_DEC2BCD                              0x08000a77   Thumb Code    28  rtc.o(i.RTC_DEC2BCD)
    RTC_Get_Date                             0x08000a95   Thumb Code    58  rtc.o(i.RTC_Get_Date)
    RTC_Get_Time                             0x08000ad5   Thumb Code    58  rtc.o(i.RTC_Get_Time)
    RTC_Init                                 0x08000b15   Thumb Code   232  rtc.o(i.RTC_Init)
    RTC_Init_Mode                            0x08000c09   Thumb Code    58  rtc.o(i.RTC_Init_Mode)
    RTC_Set_AlarmA                           0x08000c49   Thumb Code   294  rtc.o(i.RTC_Set_AlarmA)
    RTC_Set_Date                             0x08000d79   Thumb Code    96  rtc.o(i.RTC_Set_Date)
    RTC_Set_Time                             0x08000ddd   Thumb Code    96  rtc.o(i.RTC_Set_Time)
    RTC_Set_WakeUp                           0x08000e41   Thumb Code   196  rtc.o(i.RTC_Set_WakeUp)
    RTC_WKUP_IRQHandler                      0x08000f0d   Thumb Code    50  rtc.o(i.RTC_WKUP_IRQHandler)
    RTC_Wait_Synchro                         0x08000f4d   Thumb Code    64  rtc.o(i.RTC_Wait_Synchro)
    RTC_Write_BKR                            0x08000f95   Thumb Code    12  rtc.o(i.RTC_Write_BKR)
    SPI1_ReadWriteByte                       0x08000fa5   Thumb Code    42  spi.o(i.SPI1_ReadWriteByte)
    SPI_Flash_Init                           0x08000fd5   Thumb Code    74  flash.o(i.SPI_Flash_Init)
    SPI_Flash_ReadID                         0x08001029   Thumb Code    64  flash.o(i.SPI_Flash_ReadID)
    SystemInit                               0x0800115d   Thumb Code    88  system_stm32f4xx.o(i.SystemInit)
    USART1_IRQHandler                        0x080011c5   Thumb Code    46  uart.o(i.USART1_IRQHandler)
    __0printf$6                              0x08001209   Thumb Code    22  printf6.o(i.__0printf$6)
    __1printf$6                              0x08001209   Thumb Code     0  printf6.o(i.__0printf$6)
    __2printf                                0x08001209   Thumb Code     0  printf6.o(i.__0printf$6)
    __0sprintf$6                             0x08001229   Thumb Code    34  printf6.o(i.__0sprintf$6)
    __1sprintf$6                             0x08001229   Thumb Code     0  printf6.o(i.__0sprintf$6)
    __2sprintf                               0x08001229   Thumb Code     0  printf6.o(i.__0sprintf$6)
    __scatterload_copy                       0x08001251   Thumb Code    14  handlers.o(i.__scatterload_copy)
    __scatterload_null                       0x0800125f   Thumb Code     2  handlers.o(i.__scatterload_null)
    __scatterload_zeroinit                   0x08001261   Thumb Code    14  handlers.o(i.__scatterload_zeroinit)
    adc1_init                                0x080015bd   Thumb Code   180  adc.o(i.adc1_init)
    at24c02_init                             0x08001681   Thumb Code     8  at24c02.o(i.at24c02_init)
    at24c02_read_byte                        0x08001689   Thumb Code    94  at24c02.o(i.at24c02_read_byte)
    at24c02_read_bytes                       0x080016e7   Thumb Code   122  at24c02.o(i.at24c02_read_bytes)
    at24c02_write_byte                       0x08001761   Thumb Code    84  at24c02.o(i.at24c02_write_byte)
    at24c02_write_bytes                      0x080017b5   Thumb Code   156  at24c02.o(i.at24c02_write_bytes)
    delay_ms                                 0x08001851   Thumb Code    66  delay.o(i.delay_ms)
    delay_us                                 0x08001893   Thumb Code    60  delay.o(i.delay_us)
    fputc                                    0x080018d1   Thumb Code    20  uart.o(i.fputc)
    get_adc                                  0x080018e9   Thumb Code    58  adc.o(i.get_adc)
    get_touch_ad                             0x08001929   Thumb Code   184  touch.o(i.get_touch_ad)
    get_touch_ad_filled                      0x080019f5   Thumb Code   234  touch.o(i.get_touch_ad_filled)
    iic_get_ack                              0x08001aed   Thumb Code    58  iic.o(i.iic_get_ack)
    iic_init                                 0x08001b31   Thumb Code    84  iic.o(i.iic_init)
    iic_put_ack                              0x08001b95   Thumb Code    56  iic.o(i.iic_put_ack)
    iic_read_byte                            0x08001bd5   Thumb Code    80  iic.o(i.iic_read_byte)
    iic_start                                0x08001c2d   Thumb Code    44  iic.o(i.iic_start)
    iic_stop                                 0x08001c61   Thumb Code    42  iic.o(i.iic_stop)
    iic_write_byte                           0x08001c95   Thumb Code    74  iic.o(i.iic_write_byte)
    key_init                                 0x08001ce5   Thumb Code    70  key.o(i.key_init)
    key_scanf                                0x08001d39   Thumb Code   258  key.o(i.key_scanf)
    lcd_clear                                0x08001e5d   Thumb Code    90  lcd.o(i.lcd_clear)
    lcd_init                                 0x08001eb9   Thumb Code   528  lcd.o(i.lcd_init)
    lcd_port_init                            0x080020d1   Thumb Code   206  lcd.o(i.lcd_port_init)
    lcd_send_show_data                       0x080021c9   Thumb Code   420  lcd.o(i.lcd_send_show_data)
    led_init                                 0x08002385   Thumb Code   162  led.o(i.led_init)
    main                                     0x0800243d   Thumb Code  2366  main.o(i.main)
    show_ascii                               0x08002d81   Thumb Code   142  lcd.o(i.show_ascii)
    spi_init                                 0x08002e1d   Thumb Code   200  spi.o(i.spi_init)
    touch_adj                                0x08002ef9   Thumb Code   802  touch.o(i.touch_adj)
    touch_init                               0x0800323d   Thumb Code   264  touch.o(i.touch_init)
    touch_scanf                              0x08003365   Thumb Code   182  touch.o(i.touch_scanf)
    uart1_init                               0x08003429   Thumb Code   344  uart.o(i.uart1_init)
    ASC_II                                   0x08003598   Data        1520  font.o(.constdata)
    HZ                                       0x08003b88   Data          96  font.o(.constdata)
    gImage_Wallpaper02                       0x08003be8   Data       153608  pic.o(.constdata)
    gImage_Wallpaper03                       0x080293f0   Data       153608  pic.o(.constdata)
    Region$$Table$$Base                      0x0804ebf8   Number         0  anon$$obj.o(Region$$Table)
    Region$$Table$$Limit                     0x0804ec18   Number         0  anon$$obj.o(Region$$Table)
    SPI_FLASH_TYPE                           0x20000000   Data           2  flash.o(.data)
    KEY2_MODE                                0x20000002   Data           1  key.o(.data)
    BACK_COLOR                               0x20000008   Data           2  lcd.o(.data)
    POINT_COLOR                              0x2000000a   Data           2  lcd.o(.data)
    rec_sta                                  0x2000000c   Data           1  uart.o(.data)
    rec_num                                  0x2000000d   Data           1  uart.o(.data)
    rec_count_time                           0x20000010   Data           4  uart.o(.data)
    rec_start                                0x20000014   Data           1  uart.o(.data)
    time_date                                0x20000015   Data           8  rtc.o(.data)
    __stdout                                 0x20000020   Data           4  stdout.o(.data)
    rec_buf                                  0x20000024   Data         100  uart.o(.bss)
    touch_adj_parm                           0x20000088   Data          16  touch.o(.bss)
    __initial_sp                             0x20000498   Data           0  startup_stm32f40_41xxx.o(STACK)



==============================================================================

Memory Map of the image

  Image Entry point : 0x08000189

  Load Region LR_IROM1 (Base: 0x08000000, Size: 0x0004ec3c, Max: 0x00100000, ABSOLUTE)

    Execution Region ER_IROM1 (Base: 0x08000000, Size: 0x0004ec18, Max: 0x00100000, ABSOLUTE)

    Base Addr    Size         Type   Attr      Idx    E Section Name        Object

    0x08000000   0x00000188   Data   RO           69    RESET               startup_stm32f40_41xxx.o
    0x08000188   0x00000000   Code   RO         1032  * .ARM.Collect$$$$00000000  mc_w.l(entry.o)
    0x08000188   0x00000004   Code   RO         1296    .ARM.Collect$$$$00000001  mc_w.l(entry2.o)
    0x0800018c   0x00000004   Code   RO         1299    .ARM.Collect$$$$00000004  mc_w.l(entry5.o)
    0x08000190   0x00000000   Code   RO         1301    .ARM.Collect$$$$00000008  mc_w.l(entry7b.o)
    0x08000190   0x00000000   Code   RO         1303    .ARM.Collect$$$$0000000A  mc_w.l(entry8b.o)
    0x08000190   0x00000008   Code   RO         1304    .ARM.Collect$$$$0000000B  mc_w.l(entry9a.o)
    0x08000198   0x00000000   Code   RO         1306    .ARM.Collect$$$$0000000D  mc_w.l(entry10a.o)
    0x08000198   0x00000000   Code   RO         1308    .ARM.Collect$$$$0000000F  mc_w.l(entry11a.o)
    0x08000198   0x00000004   Code   RO         1297    .ARM.Collect$$$$00002712  mc_w.l(entry2.o)
    0x0800019c   0x00000024   Code   RO           70    .text               startup_stm32f40_41xxx.o
    0x080001c0   0x0000002c   Code   RO         1311    .text               mc_w.l(uidiv.o)
    0x080001ec   0x00000024   Code   RO         1326    .text               mc_w.l(init.o)
    0x08000210   0x00000098   Code   RO          403    i.Draw_Circle       lcd.o
    0x080002a8   0x00000020   Code   RO          404    i.Draw_SolidCircle  lcd.o
    0x080002c8   0x00000028   Code   RO          936    i.EXTI0_IRQHandler  exti.o
    0x080002f0   0x00000028   Code   RO          937    i.EXTI2_IRQHandler  exti.o
    0x08000318   0x00000030   Code   RO          938    i.EXTI9_5_IRQHandler  exti.o
    0x08000348   0x0000004c   Code   RO          870    i.LCD_DrawCross     touch.o
    0x08000394   0x000000b0   Code   RO          405    i.LCD_DrawLine      lcd.o
    0x08000444   0x00000040   Code   RO          406    i.LCD_DrawPoint     lcd.o
    0x08000484   0x0000003c   Code   RO          407    i.LCD_DrawRectangle  lcd.o
    0x080004c0   0x000000c2   Code   RO          408    i.LCD_DrawSolidRectangle  lcd.o
    0x08000582   0x00000002   PAD
    0x08000584   0x00000100   Code   RO          409    i.LCD_ILI9341_CMD   lcd.o
    0x08000684   0x000000fc   Code   RO          410    i.LCD_ILI9341_Parameter  lcd.o
    0x08000780   0x000000dc   Code   RO          411    i.LCD_ShowPic       lcd.o
    0x0800085c   0x0000002a   Code   RO          412    i.LCD_ShowString    lcd.o
    0x08000886   0x00000002   PAD
    0x08000888   0x0000010c   Code   RO          413    i.LCD_Show_CH       lcd.o
    0x08000994   0x00000016   Code   RO          730    i.NVIC_EnableIRQ    rtc.o
    0x080009aa   0x00000040   Code   RO          731    i.NVIC_EncodePriority  rtc.o
    0x080009ea   0x00000002   PAD
    0x080009ec   0x00000028   Code   RO          732    i.NVIC_SetPriority  rtc.o
    0x08000a14   0x0000004c   Code   RO          733    i.RTC_Alarm_IRQHandler  rtc.o
    0x08000a60   0x00000016   Code   RO          734    i.RTC_BCD2DEC       rtc.o
    0x08000a76   0x0000001c   Code   RO          735    i.RTC_DEC2BCD       rtc.o
    0x08000a92   0x00000002   PAD
    0x08000a94   0x00000040   Code   RO          736    i.RTC_Get_Date      rtc.o
    0x08000ad4   0x00000040   Code   RO          737    i.RTC_Get_Time      rtc.o
    0x08000b14   0x000000f4   Code   RO          738    i.RTC_Init          rtc.o
    0x08000c08   0x00000040   Code   RO          739    i.RTC_Init_Mode     rtc.o
    0x08000c48   0x00000130   Code   RO          741    i.RTC_Set_AlarmA    rtc.o
    0x08000d78   0x00000064   Code   RO          742    i.RTC_Set_Date      rtc.o
    0x08000ddc   0x00000064   Code   RO          743    i.RTC_Set_Time      rtc.o
    0x08000e40   0x000000cc   Code   RO          744    i.RTC_Set_WakeUp    rtc.o
    0x08000f0c   0x00000040   Code   RO          745    i.RTC_WKUP_IRQHandler  rtc.o
    0x08000f4c   0x00000048   Code   RO          746    i.RTC_Wait_Synchro  rtc.o
    0x08000f94   0x00000010   Code   RO          747    i.RTC_Write_BKR     rtc.o
    0x08000fa4   0x00000030   Code   RO          621    i.SPI1_ReadWriteByte  spi.o
    0x08000fd4   0x00000054   Code   RO          183    i.SPI_Flash_Init    flash.o
    0x08001028   0x00000048   Code   RO          186    i.SPI_Flash_ReadID  flash.o
    0x08001070   0x000000ec   Code   RO            4    i.SetSysClock       system_stm32f4xx.o
    0x0800115c   0x00000068   Code   RO            6    i.SystemInit        system_stm32f4xx.o
    0x080011c4   0x00000044   Code   RO          651    i.USART1_IRQHandler  uart.o
    0x08001208   0x00000020   Code   RO         1190    i.__0printf$6       mc_w.l(printf6.o)
    0x08001228   0x00000028   Code   RO         1192    i.__0sprintf$6      mc_w.l(printf6.o)
    0x08001250   0x0000000e   Code   RO         1338    i.__scatterload_copy  mc_w.l(handlers.o)
    0x0800125e   0x00000002   Code   RO         1339    i.__scatterload_null  mc_w.l(handlers.o)
    0x08001260   0x0000000e   Code   RO         1340    i.__scatterload_zeroinit  mc_w.l(handlers.o)
    0x0800126e   0x00000002   PAD
    0x08001270   0x000002f0   Code   RO         1197    i._printf_core      mc_w.l(printf6.o)
    0x08001560   0x00000024   Code   RO         1198    i._printf_post_padding  mc_w.l(printf6.o)
    0x08001584   0x0000002e   Code   RO         1199    i._printf_pre_padding  mc_w.l(printf6.o)
    0x080015b2   0x0000000a   Code   RO         1201    i._sputc            mc_w.l(printf6.o)
    0x080015bc   0x000000c4   Code   RO         1005    i.adc1_init         adc.o
    0x08001680   0x00000008   Code   RO           77    i.at24c02_init      at24c02.o
    0x08001688   0x0000005e   Code   RO           78    i.at24c02_read_byte  at24c02.o
    0x080016e6   0x0000007a   Code   RO           79    i.at24c02_read_bytes  at24c02.o
    0x08001760   0x00000054   Code   RO           80    i.at24c02_write_byte  at24c02.o
    0x080017b4   0x0000009c   Code   RO           81    i.at24c02_write_bytes  at24c02.o
    0x08001850   0x00000042   Code   RO          148    i.delay_ms          delay.o
    0x08001892   0x0000003c   Code   RO          149    i.delay_us          delay.o
    0x080018ce   0x00000002   PAD
    0x080018d0   0x00000018   Code   RO          652    i.fputc             uart.o
    0x080018e8   0x00000040   Code   RO         1006    i.get_adc           adc.o
    0x08001928   0x000000cc   Code   RO          871    i.get_touch_ad      touch.o
    0x080019f4   0x000000ea   Code   RO          872    i.get_touch_ad_filled  touch.o
    0x08001ade   0x0000000e   Code   RO          296    i.iic_delay         iic.o
    0x08001aec   0x00000044   Code   RO          297    i.iic_get_ack       iic.o
    0x08001b30   0x00000064   Code   RO          298    i.iic_init          iic.o
    0x08001b94   0x00000040   Code   RO          299    i.iic_put_ack       iic.o
    0x08001bd4   0x00000058   Code   RO          300    i.iic_read_byte     iic.o
    0x08001c2c   0x00000034   Code   RO          301    i.iic_start         iic.o
    0x08001c60   0x00000034   Code   RO          302    i.iic_stop          iic.o
    0x08001c94   0x00000050   Code   RO          303    i.iic_write_byte    iic.o
    0x08001ce4   0x00000054   Code   RO          362    i.key_init          key.o
    0x08001d38   0x00000124   Code   RO          363    i.key_scanf         key.o
    0x08001e5c   0x0000005a   Code   RO          414    i.lcd_clear         lcd.o
    0x08001eb6   0x00000002   PAD
    0x08001eb8   0x00000218   Code   RO          415    i.lcd_init          lcd.o
    0x080020d0   0x000000f8   Code   RO          416    i.lcd_port_init     lcd.o
    0x080021c8   0x000001bc   Code   RO          417    i.lcd_send_show_data  lcd.o
    0x08002384   0x000000b8   Code   RO          527    i.led_init          led.o
    0x0800243c   0x00000944   Code   RO          554    i.main              main.o
    0x08002d80   0x0000009c   Code   RO          418    i.show_ascii        lcd.o
    0x08002e1c   0x000000dc   Code   RO          622    i.spi_init          spi.o
    0x08002ef8   0x00000344   Code   RO          873    i.touch_adj         touch.o
    0x0800323c   0x00000128   Code   RO          874    i.touch_init        touch.o
    0x08003364   0x000000c4   Code   RO          875    i.touch_scanf       touch.o
    0x08003428   0x00000170   Code   RO          653    i.uart1_init        uart.o
    0x08003598   0x00000650   Data   RO          701    .constdata          font.o
    0x08003be8   0x0004b010   Data   RO          719    .constdata          pic.o
    0x0804ebf8   0x00000020   Data   RO         1336    Region$$Table       anon$$obj.o


    Execution Region RW_IRAM1 (Base: 0x20000000, Size: 0x00000498, Max: 0x00020000, ABSOLUTE)

    Base Addr    Size         Type   Attr      Idx    E Section Name        Object

    0x20000000   0x00000002   Data   RW          194    .data               flash.o
    0x20000002   0x00000006   Data   RW          364    .data               key.o
    0x20000008   0x00000004   Data   RW          419    .data               lcd.o
    0x2000000c   0x00000009   Data   RW          656    .data               uart.o
    0x20000015   0x00000008   Data   RW          749    .data               rtc.o
    0x2000001d   0x00000001   Data   RW          877    .data               touch.o
    0x2000001e   0x00000002   PAD
    0x20000020   0x00000004   Data   RW         1310    .data               mc_w.l(stdout.o)
    0x20000024   0x00000064   Zero   RW          655    .bss                uart.o
    0x20000088   0x00000010   Zero   RW          876    .bss                touch.o
    0x20000098   0x00000400   Zero   RW           67    STACK               startup_stm32f40_41xxx.o


==============================================================================

Image component sizes


      Code (inc. data)   RO Data    RW Data    ZI Data      Debug   Object Name

       260         22          0          0          0       1014   adc.o
       464          0          0          0          0     231419   at24c02.o
       126          0          0          0          0        982   delay.o
       128         28          0          0          0       1371   exti.o
       156         18          0          2          0       1606   flash.o
         0          0       1616          0          0        516   font.o
       518         66          0          0          0       4119   iic.o
       376         48          0          6          0       1459   key.o
      3190        156          0          4          0      13421   lcd.o
       184         22          0          0          0        487   led.o
      2372        160          0          0          0      30791   main.o
         0          0     307216          0          0        476   pic.o
      1548        116          0          8          0      37743   rtc.o
       268         26          0          0          0       1048   spi.o
        36          8        392          0       1024        828   startup_stm32f40_41xxx.o
       340         32          0          0          0       6045   system_stm32f4xx.o
      1842        100          0          1         16       5429   touch.o
       460         50          0          9        100      29403   uart.o

    ----------------------------------------------------------------------
     12280        852     309256         32       1140     368157   Object Totals
         0          0         32          0          0          0   (incl. Generated)
        12          0          0          2          0          0   (incl. Padding)

    ----------------------------------------------------------------------

      Code (inc. data)   RO Data    RW Data    ZI Data      Debug   Library Member Name

         0          0          0          0          0          0   entry.o
         0          0          0          0          0          0   entry10a.o
         0          0          0          0          0          0   entry11a.o
         8          4          0          0          0          0   entry2.o
         4          0          0          0          0          0   entry5.o
         0          0          0          0          0          0   entry7b.o
         0          0          0          0          0          0   entry8b.o
         8          4          0          0          0          0   entry9a.o
        30          0          0          0          0          0   handlers.o
        36          8          0          0          0         68   init.o
       916         20          0          0          0        504   printf6.o
         0          0          0          4          0          0   stdout.o
        44          0          0          0          0         80   uidiv.o

    ----------------------------------------------------------------------
      1048         36          0          4          0        652   Library Totals
         2          0          0          0          0          0   (incl. Padding)

    ----------------------------------------------------------------------

      Code (inc. data)   RO Data    RW Data    ZI Data      Debug   Library Name

      1046         36          0          4          0        652   mc_w.l

    ----------------------------------------------------------------------
      1048         36          0          4          0        652   Library Totals

    ----------------------------------------------------------------------

==============================================================================


      Code (inc. data)   RO Data    RW Data    ZI Data      Debug   

     13328        888     309256         36       1140     361953   Grand Totals
     13328        888     309256         36       1140     361953   ELF Image Totals
     13328        888     309256         36          0          0   ROM Totals

==============================================================================

    Total RO  Size (Code + RO Data)               322584 ( 315.02kB)
    Total RW  Size (RW Data + ZI Data)              1176 (   1.15kB)
    Total ROM Size (Code + RO Data + RW Data)     322620 ( 315.06kB)

==============================================================================

