<html>
<body>
<pre>
<h1>µVision Build Log</h1>
<h2>Project:</h2>
D:\JianGuoYun\M4\Works\ex3 - usrt - int - #\ex3.uvproj
Project File Date:  08/07/2016

<h2>Output:</h2>
Rebuild target 'ex3'
compiling system_stm32f4xx.c...
assembling startup_stm32f40_41xxx.s...
compiling main.c...
user\src\main.c(17): warning:  #177-D: variable "buf" was declared but never referenced
        u8 buf[100];
user\src\main.c: 1 warning, 0 errors
compiling key.c...
compiling delay.c...
compiling led.c...
compiling uart.c...
linking...
Program Size: Code=1880 RO-data=424 RW-data=28 ZI-data=1124  
FromELF: creating hex file...
".\obj\ex1.axf" - 0 Error(s), 1 Warning(s).
Load "D:\\JianGuoYun\\M4\\Works\\ex3 - usrt - int - #\\obj\\ex1.axf" 
Set JLink Project File to "D:\JianGuoYun\M4\Works\ex3 - usrt - int - #\JLinkSettings.ini"
* JLink Info: Device "STM32F407ZG" selected (1024 KB flash, 128 KB RAM).
 
JLink info:
------------
DLL: V4.80g, compiled Feb 13 2014 20:50:02
Firmware: J-Link ARM V8 compiled Nov 28 2014 13:44:46
Hardware: V8.00
S/N : 286370559 
Feature(s) : RDI,FlashDL,FlashBP,JFlash 
 
* JLink Info: TotalIRLen = 9, IRPrint = 0x0011
* JLink Info: TotalIRLen = 9, IRPrint = 0x0011
* JLink Info: Found Cortex-M4 r0p1, Little endian.
* JLink Info: FPUnit: 6 code (BP) slots and 2 literal slots
* JLink Info: TPIU fitted.
* JLink Info: ETM fitted.
ROMTableAddr = 0xE00FF003
 
Target info:
------------
Device: STM32F407ZG
VTarget = 3.254V
State of Pins: 
TCK: 1, TDI: 0, TDO: 1, TMS: 0, TRES: 1, TRST: 1
Hardware-Breakpoints: 6
Software-Breakpoints: 8192
Watchpoints:          4
JTAG speed: 2000 kHz
 
Erase Done.
Programming Done.
Verify OK.
Application running ...
</pre>
</body>
</html>
